******************************************************************************
                  TI ARM Linker PC v18.12.3                    
******************************************************************************
>> Linked Sun Oct 13 18:58:58 2019

OUTPUT FILE NAME:   <lab12.out>
ENTRY POINT SYMBOL: "_c_int00_noargs"  address: 00000cb5


MEMORY CONFIGURATION

         name            origin    length      used     unused   attr    fill
----------------------  --------  ---------  --------  --------  ----  --------
  FLASH                 00000000   00040000  0000100a  0003eff6  R  X
  SRAM                  20000000   00008000  00000084  00007f7c  RW X


SEGMENT ALLOCATION MAP

run origin  load origin   length   init length attrs members
----------  ----------- ---------- ----------- ----- -------
00000000    00000000    0000100c   0000100c    r-x
  00000000    00000000    0000026c   0000026c    r-- .intvecs
  0000026c    0000026c    00000c1e   00000c1e    r-x .text
  00000e8c    00000e8c    0000016c   0000016c    r-- .const
  00000ff8    00000ff8    00000014   00000014    r-- .cinit
20000000    20000000    00000084   00000000    rw-
  20000000    20000000    00000068   00000000    rw- .stack
  20000068    20000068    0000001c   00000000    rw- .bss


SECTION ALLOCATION MAP

 output                                  attributes/
section   page    origin      length       input sections
--------  ----  ----------  ----------   ----------------
.intvecs   0    00000000    0000026c     
                  00000000    0000026c     tm4c123gh6pm_startup_ccs.obj (.intvecs)

.text      0    0000026c    00000c1e     
                  0000026c    000003e4     main.obj (.text)
                  00000650    00000132     driverlib.lib : gpio.obj (.text:GPIOPadConfigSet)
                  00000782    00000002     --HOLE-- [fill = 0]
                  00000784    00000110                   : sysctl.obj (.text:SysCtlClockGet)
                  00000894    000000f4                   : sysctl.obj (.text:SysCtlClockSet)
                  00000988    0000009c     rtsv7M4_T_le_v4SPD16_eabi.lib : memcpy_t2.asm.obj (.text)
                  00000a24    0000007a     driverlib.lib : adc.obj (.text:ADCSequenceStepConfigure)
                  00000a9e    00000002     --HOLE-- [fill = 0]
                  00000aa0    00000068                   : interrupt.obj (.text:IntEnable)
                  00000b08    00000054     rtsv7M4_T_le_v4SPD16_eabi.lib : ltoa.c.obj (.text:ltoa)
                  00000b5c    00000050     driverlib.lib : adc.obj (.text:ADCSequenceConfigure)
                  00000bac    00000048                   : gpio.obj (.text:GPIOPinConfigure)
                  00000bf4    00000046                   : uart.obj (.text:UARTConfigSetExpClk)
                  00000c3a    00000002     --HOLE-- [fill = 0]
                  00000c3c    00000044     rtsv7M4_T_le_v4SPD16_eabi.lib : autoinit.c.obj (.text:__TI_auto_init_nobinit_nopinit:__TI_auto_init_nobinit_nopinit)
                  00000c80    00000034     driverlib.lib : sysctl.obj (.text:SysCtlPeripheralEnable)
                  00000cb4    00000034     rtsv7M4_T_le_v4SPD16_eabi.lib : boot_cortex_m.c.obj (.text:_c_int00_noargs:_c_int00_noargs)
                  00000ce8    0000002e     driverlib.lib : adc.obj (.text:ADCIntStatus)
                  00000d16    0000002a                   : gpio.obj (.text:GPIODirModeSet)
                  00000d40    00000020                   : uart.obj (.text:UARTDisable)
                  00000d60    0000001e                   : adc.obj (.text:ADCSequenceDataGet)
                  00000d7e    0000001c     rtsv7M4_T_le_v4SPD16_eabi.lib : copy_zero_init.c.obj (.text:decompress:ZI:__TI_zero_init_nomemset:__TI_zero_init_nomemset)
                  00000d9a    00000018     driverlib.lib : adc.obj (.text:ADCProcessorTrigger)
                  00000db2    00000018                   : gpio.obj (.text:GPIOPinTypeGPIOOutput)
                  00000dca    00000014                   : uart.obj (.text:UARTEnable)
                  00000dde    00000012                   : gpio.obj (.text:GPIOPinTypeUART)
                  00000df0    00000010                   : interrupt.obj (.text:IntMasterEnable)
                  00000e00    0000000e                   : adc.obj (.text:ADCHardwareOversampleConfigure)
                  00000e0e    0000000e                   : adc.obj (.text:ADCSequenceDisable)
                  00000e1c    0000000e                   : adc.obj (.text:ADCSequenceEnable)
                  00000e2a    0000000c                   : cpu.obj (.text:CPUcpsie)
                  00000e36    0000000c     tm4c123gh6pm_startup_ccs.obj (.text)
                  00000e42    0000000a     driverlib.lib : adc.obj (.text:ADCIntClear)
                  00000e4c    0000000a                   : uart.obj (.text:UARTCharGet)
                  00000e56    0000000a                   : uart.obj (.text:UARTCharPut)
                  00000e60    0000000a                   : uart.obj (.text:UARTIntStatus)
                  00000e6a    00000008                   : uart.obj (.text:UARTIntEnable)
                  00000e72    00000006                   : gpio.obj (.text:GPIOPinWrite)
                  00000e78    00000006                   : sysctl.obj (.text:SysCtlDelay)
                  00000e7e    00000004                   : uart.obj (.text:UARTIntClear)
                  00000e82    00000004     rtsv7M4_T_le_v4SPD16_eabi.lib : pre_init.c.obj (.text:_system_pre_init)
                  00000e86    00000004                                   : exit.c.obj (.text:abort:abort)

.const     0    00000e8c    0000016c     
                  00000e8c    00000090     driverlib.lib : gpio.obj (.const:g_pui32GPIOBaseAddrs)
                  00000f1c    00000070                   : interrupt.obj (.const)
                  00000f8c    0000006c                   : sysctl.obj (.const:g_pui32Xtals)

.cinit     0    00000ff8    00000014     
                  00000ff8    00000008     (.cinit..bss.load) [load image, compression = zero_init]
                  00001000    00000004     (__TI_handler_table)
                  00001004    00000008     (__TI_cinit_table)

.init_array 
*          0    00000000    00000000     UNINITIALIZED

.bss       0    20000068    0000001c     UNINITIALIZED
                  20000068    00000010     (.common:ui32ADC0Value)
                  20000078    00000004     (.common:ui32TempAvg)
                  2000007c    00000004     (.common:ui32TempValueC)
                  20000080    00000004     (.common:ui32TempValueF)

.stack     0    20000000    00000068     UNINITIALIZED
                  20000000    00000004     rtsv7M4_T_le_v4SPD16_eabi.lib : boot_cortex_m.c.obj (.stack)
                  20000004    00000064     --HOLE--

MODULE SUMMARY

       Module                         code   ro data   rw data
       ------                         ----   -------   -------
    .\
       main.obj                       996    0         28     
       tm4c123gh6pm_startup_ccs.obj   12     620       0      
    +--+------------------------------+------+---------+---------+
       Total:                         1008   620       28     
                                                              
    C:/ti/tivaware_c_series_2_1_4_178/driverlib/ccs/Debug/driverlib.lib
       sysctl.obj                     574    108       0      
       gpio.obj                       468    144       0      
       adc.obj                        354    0         0      
       interrupt.obj                  120    112       0      
       uart.obj                       164    0         0      
       cpu.obj                        12     0         0      
    +--+------------------------------+------+---------+---------+
       Total:                         1692   364       0      
                                                              
    C:\ti\ccs910\ccs\tools\compiler\ti-cgt-arm_18.12.3.LTS\lib\rtsv7M4_T_le_v4SPD16_eabi.lib
       memcpy_t2.asm.obj              156    0         0      
       ltoa.c.obj                     84     0         0      
       autoinit.c.obj                 68     0         0      
       boot_cortex_m.c.obj            52     0         0      
       copy_zero_init.c.obj           28     0         0      
       exit.c.obj                     4      0         0      
       pre_init.c.obj                 4      0         0      
    +--+------------------------------+------+---------+---------+
       Total:                         396    0         0      
                                                              
       Stack:                         0      0         104    
       Linker Generated:              0      20        0      
    +--+------------------------------+------+---------+---------+
       Grand Total:                   3096   1004      132    


LINKER GENERATED COPY TABLES

__TI_cinit_table @ 00001004 records: 1, size/record: 8, table size: 8
	.bss: load addr=00000ff8, load size=00000008 bytes, run addr=20000068, run size=0000001c bytes, compression=zero_init


LINKER GENERATED HANDLER TABLE

__TI_handler_table @ 00001000 records: 1, size/record: 4, table size: 4
	index: 0, handler: __TI_zero_init


GLOBAL SYMBOLS: SORTED ALPHABETICALLY BY Name 

address   name                          
-------   ----                          
00000e01  ADCHardwareOversampleConfigure
00000e43  ADCIntClear                   
00000ce9  ADCIntStatus                  
00000d9b  ADCProcessorTrigger           
00000b5d  ADCSequenceConfigure          
00000d61  ADCSequenceDataGet            
00000e0f  ADCSequenceDisable            
00000e1d  ADCSequenceEnable             
00000a25  ADCSequenceStepConfigure      
00000e87  C$$EXIT                       
00000e2b  CPUcpsie                      
00000d17  GPIODirModeSet                
00000651  GPIOPadConfigSet              
00000bad  GPIOPinConfigure              
00000db3  GPIOPinTypeGPIOOutput         
00000ddf  GPIOPinTypeUART               
00000e73  GPIOPinWrite                  
00000aa1  IntEnable                     
00000df1  IntMasterEnable               
00000e37  ResetISR                      
00000785  SysCtlClockGet                
00000895  SysCtlClockSet                
00000e79  SysCtlDelay                   
00000c81  SysCtlPeripheralEnable        
00000e4d  UARTCharGet                   
00000e57  UARTCharPut                   
00000bf5  UARTConfigSetExpClk           
00000d41  UARTDisable                   
00000dcb  UARTEnable                    
00000e7f  UARTIntClear                  
00000e6b  UARTIntEnable                 
00000295  UARTIntHandler                
00000e61  UARTIntStatus                 
00000471  UARTsetup                     
20000068  __STACK_END                   
00000068  __STACK_SIZE                  
20000200  __STACK_TOP                   
00001004  __TI_CINIT_Base               
0000100c  __TI_CINIT_Limit              
00001000  __TI_Handler_Table_Base       
00001004  __TI_Handler_Table_Limit      
00000c3d  __TI_auto_init_nobinit_nopinit
ffffffff  __TI_pprof_out_hndl           
ffffffff  __TI_prof_data_size           
ffffffff  __TI_prof_data_start          
00000000  __TI_static_base__            
00000d7f  __TI_zero_init_nomemset       
00000989  __aeabi_memcpy                
00000989  __aeabi_memcpy4               
00000989  __aeabi_memcpy8               
ffffffff  __binit__                     
ffffffff  __c_args__                    
UNDEFED   __mpu_init                    
20000000  __stack                       
00000cb5  _c_int00_noargs               
UNDEFED   _system_post_cinit            
00000e83  _system_pre_init              
00000e87  abort                         
ffffffff  binit                         
00000000  g_pfnVectors                  
00000b09  ltoa                          
000004d1  main                          
00000989  memcpy                        
0000026d  printString                   
20000068  ui32ADC0Value                 
20000078  ui32TempAvg                   
2000007c  ui32TempValueC                
20000080  ui32TempValueF                


GLOBAL SYMBOLS: SORTED BY Symbol Address 

address   name                          
-------   ----                          
00000000  __TI_static_base__            
00000000  g_pfnVectors                  
00000068  __STACK_SIZE                  
0000026d  printString                   
00000295  UARTIntHandler                
00000471  UARTsetup                     
000004d1  main                          
00000651  GPIOPadConfigSet              
00000785  SysCtlClockGet                
00000895  SysCtlClockSet                
00000989  __aeabi_memcpy                
00000989  __aeabi_memcpy4               
00000989  __aeabi_memcpy8               
00000989  memcpy                        
00000a25  ADCSequenceStepConfigure      
00000aa1  IntEnable                     
00000b09  ltoa                          
00000b5d  ADCSequenceConfigure          
00000bad  GPIOPinConfigure              
00000bf5  UARTConfigSetExpClk           
00000c3d  __TI_auto_init_nobinit_nopinit
00000c81  SysCtlPeripheralEnable        
00000cb5  _c_int00_noargs               
00000ce9  ADCIntStatus                  
00000d17  GPIODirModeSet                
00000d41  UARTDisable                   
00000d61  ADCSequenceDataGet            
00000d7f  __TI_zero_init_nomemset       
00000d9b  ADCProcessorTrigger           
00000db3  GPIOPinTypeGPIOOutput         
00000dcb  UARTEnable                    
00000ddf  GPIOPinTypeUART               
00000df1  IntMasterEnable               
00000e01  ADCHardwareOversampleConfigure
00000e0f  ADCSequenceDisable            
00000e1d  ADCSequenceEnable             
00000e2b  CPUcpsie                      
00000e37  ResetISR                      
00000e43  ADCIntClear                   
00000e4d  UARTCharGet                   
00000e57  UARTCharPut                   
00000e61  UARTIntStatus                 
00000e6b  UARTIntEnable                 
00000e73  GPIOPinWrite                  
00000e79  SysCtlDelay                   
00000e7f  UARTIntClear                  
00000e83  _system_pre_init              
00000e87  C$$EXIT                       
00000e87  abort                         
00001000  __TI_Handler_Table_Base       
00001004  __TI_CINIT_Base               
00001004  __TI_Handler_Table_Limit      
0000100c  __TI_CINIT_Limit              
20000000  __stack                       
20000068  __STACK_END                   
20000068  ui32ADC0Value                 
20000078  ui32TempAvg                   
2000007c  ui32TempValueC                
20000080  ui32TempValueF                
20000200  __STACK_TOP                   
ffffffff  __TI_pprof_out_hndl           
ffffffff  __TI_prof_data_size           
ffffffff  __TI_prof_data_start          
ffffffff  __binit__                     
ffffffff  __c_args__                    
ffffffff  binit                         
UNDEFED   __mpu_init                    
UNDEFED   _system_post_cinit            

[68 symbols]
