******************************************************************************
                  TI ARM Linker PC v18.12.3                    
******************************************************************************
>> Linked Sun Oct 13 17:42:42 2019

OUTPUT FILE NAME:   <lab12.out>
ENTRY POINT SYMBOL: "_c_int00_noargs"  address: 00000bf1


MEMORY CONFIGURATION

         name            origin    length      used     unused   attr    fill
----------------------  --------  ---------  --------  --------  ----  --------
  FLASH                 00000000   00040000  00000f92  0003f06e  R  X
  SRAM                  20000000   00008000  00000084  00007f7c  RW X


SEGMENT ALLOCATION MAP

run origin  load origin   length   init length attrs members
----------  ----------- ---------- ----------- ----- -------
00000000    00000000    00000f94   00000f94    r-x
  00000000    00000000    0000026c   0000026c    r-- .intvecs
  0000026c    0000026c    00000ba6   00000ba6    r-x .text
  00000e14    00000e14    0000016c   0000016c    r-- .const
  00000f80    00000f80    00000014   00000014    r-- .cinit
20000000    20000000    00000084   00000000    rw-
  20000000    20000000    00000068   00000000    rw- .stack
  20000068    20000068    0000001c   00000000    rw- .bss


SECTION ALLOCATION MAP

 output                                  attributes/
section   page    origin      length       input sections
--------  ----  ----------  ----------   ----------------
.intvecs   0    00000000    0000026c     
                  00000000    0000026c     tm4c123gh6pm_startup_ccs.obj (.intvecs)

.text      0    0000026c    00000ba6     
                  0000026c    000002c0     main.obj (.text)
                  0000052c    00000132     driverlib.lib : gpio.obj (.text:GPIOPadConfigSet)
                  0000065e    00000002     --HOLE-- [fill = 0]
                  00000660    00000110                   : sysctl.obj (.text:SysCtlClockGet)
                  00000770    000000f4                   : sysctl.obj (.text:SysCtlClockSet)
                  00000864    0000009c     rtsv7M4_T_le_v4SPD16_eabi.lib : memcpy_t2.asm.obj (.text)
                  00000900    0000007a     driverlib.lib : adc.obj (.text:ADCSequenceStepConfigure)
                  0000097a    00000002     --HOLE-- [fill = 0]
                  0000097c    00000068                   : interrupt.obj (.text:IntEnable)
                  000009e4    00000060                   : timer.obj (.text:TimerConfigure)
                  00000a44    00000054     rtsv7M4_T_le_v4SPD16_eabi.lib : ltoa.c.obj (.text:ltoa)
                  00000a98    00000050     driverlib.lib : adc.obj (.text:ADCSequenceConfigure)
                  00000ae8    00000048                   : gpio.obj (.text:GPIOPinConfigure)
                  00000b30    00000046                   : uart.obj (.text:UARTConfigSetExpClk)
                  00000b76    00000002     --HOLE-- [fill = 0]
                  00000b78    00000044     rtsv7M4_T_le_v4SPD16_eabi.lib : autoinit.c.obj (.text:__TI_auto_init_nobinit_nopinit:__TI_auto_init_nobinit_nopinit)
                  00000bbc    00000034     driverlib.lib : sysctl.obj (.text:SysCtlPeripheralEnable)
                  00000bf0    00000034     rtsv7M4_T_le_v4SPD16_eabi.lib : boot_cortex_m.c.obj (.text:_c_int00_noargs:_c_int00_noargs)
                  00000c24    0000002e     driverlib.lib : adc.obj (.text:ADCIntStatus)
                  00000c52    0000002a                   : gpio.obj (.text:GPIODirModeSet)
                  00000c7c    00000020                   : uart.obj (.text:UARTDisable)
                  00000c9c    0000001e                   : adc.obj (.text:ADCSequenceDataGet)
                  00000cba    0000001c     rtsv7M4_T_le_v4SPD16_eabi.lib : copy_zero_init.c.obj (.text:decompress:ZI:__TI_zero_init_nomemset:__TI_zero_init_nomemset)
                  00000cd6    00000018     driverlib.lib : adc.obj (.text:ADCProcessorTrigger)
                  00000cee    00000018                   : gpio.obj (.text:GPIOPinTypeGPIOOutput)
                  00000d06    00000014                   : uart.obj (.text:UARTEnable)
                  00000d1a    00000012                   : gpio.obj (.text:GPIOPinTypeUART)
                  00000d2c    00000012                   : timer.obj (.text:TimerLoadSet)
                  00000d3e    00000010                   : interrupt.obj (.text:IntMasterEnable)
                  00000d4e    0000000e                   : adc.obj (.text:ADCHardwareOversampleConfigure)
                  00000d5c    0000000e                   : adc.obj (.text:ADCSequenceDisable)
                  00000d6a    0000000e                   : adc.obj (.text:ADCSequenceEnable)
                  00000d78    0000000e                   : timer.obj (.text:TimerEnable)
                  00000d86    0000000e                   : uart.obj (.text:UARTCharGetNonBlocking)
                  00000d94    0000000e                   : uart.obj (.text:UARTCharPutNonBlocking)
                  00000da2    0000000e                   : uart.obj (.text:UARTCharsAvail)
                  00000db0    0000000c                   : cpu.obj (.text:CPUcpsie)
                  00000dbc    0000000c     tm4c123gh6pm_startup_ccs.obj (.text)
                  00000dc8    0000000a     driverlib.lib : adc.obj (.text:ADCIntClear)
                  00000dd2    0000000a                   : uart.obj (.text:UARTCharPut)
                  00000ddc    0000000a                   : uart.obj (.text:UARTIntStatus)
                  00000de6    00000008                   : timer.obj (.text:TimerIntEnable)
                  00000dee    00000008                   : uart.obj (.text:UARTIntEnable)
                  00000df6    00000006                   : gpio.obj (.text:GPIOPinWrite)
                  00000dfc    00000006                   : sysctl.obj (.text:SysCtlDelay)
                  00000e02    00000004                   : timer.obj (.text:TimerIntClear)
                  00000e06    00000004                   : uart.obj (.text:UARTIntClear)
                  00000e0a    00000004     rtsv7M4_T_le_v4SPD16_eabi.lib : pre_init.c.obj (.text:_system_pre_init)
                  00000e0e    00000004                                   : exit.c.obj (.text:abort:abort)

.const     0    00000e14    0000016c     
                  00000e14    00000090     driverlib.lib : gpio.obj (.const:g_pui32GPIOBaseAddrs)
                  00000ea4    00000070                   : interrupt.obj (.const)
                  00000f14    0000006c                   : sysctl.obj (.const:g_pui32Xtals)

.cinit     0    00000f80    00000014     
                  00000f80    00000008     (.cinit..bss.load) [load image, compression = zero_init]
                  00000f88    00000004     (__TI_handler_table)
                  00000f8c    00000008     (__TI_cinit_table)

.init_array 
*          0    00000000    00000000     UNINITIALIZED

.bss       0    20000068    0000001c     UNINITIALIZED
                  20000068    00000010     (.common:ui32ADC0Value)
                  20000078    00000004     (.common:ui32TempAvg)
                  2000007c    00000004     (.common:ui32TempValueC)
                  20000080    00000004     (.common:ui32TempValueF)

.stack     0    20000000    00000068     UNINITIALIZED
                  20000000    00000004     rtsv7M4_T_le_v4SPD16_eabi.lib : boot_cortex_m.c.obj (.stack)
                  20000004    00000064     --HOLE--

MODULE SUMMARY

       Module                         code   ro data   rw data
       ------                         ----   -------   -------
    .\
       main.obj                       704    0         28     
       tm4c123gh6pm_startup_ccs.obj   12     620       0      
    +--+------------------------------+------+---------+---------+
       Total:                         716    620       28     
                                                              
    C:/ti/tivaware_c_series_2_1_4_178/driverlib/ccs/Debug/driverlib.lib
       sysctl.obj                     574    108       0      
       gpio.obj                       468    144       0      
       adc.obj                        354    0         0      
       interrupt.obj                  120    112       0      
       uart.obj                       196    0         0      
       timer.obj                      140    0         0      
       cpu.obj                        12     0         0      
    +--+------------------------------+------+---------+---------+
       Total:                         1864   364       0      
                                                              
    C:\ti\ccs910\ccs\tools\compiler\ti-cgt-arm_18.12.3.LTS\lib\rtsv7M4_T_le_v4SPD16_eabi.lib
       memcpy_t2.asm.obj              156    0         0      
       ltoa.c.obj                     84     0         0      
       autoinit.c.obj                 68     0         0      
       boot_cortex_m.c.obj            52     0         0      
       copy_zero_init.c.obj           28     0         0      
       exit.c.obj                     4      0         0      
       pre_init.c.obj                 4      0         0      
    +--+------------------------------+------+---------+---------+
       Total:                         396    0         0      
                                                              
       Stack:                         0      0         104    
       Linker Generated:              0      20        0      
    +--+------------------------------+------+---------+---------+
       Grand Total:                   2976   1004      132    


LINKER GENERATED COPY TABLES

__TI_cinit_table @ 00000f8c records: 1, size/record: 8, table size: 8
	.bss: load addr=00000f80, load size=00000008 bytes, run addr=20000068, run size=0000001c bytes, compression=zero_init


LINKER GENERATED HANDLER TABLE

__TI_handler_table @ 00000f88 records: 1, size/record: 4, table size: 4
	index: 0, handler: __TI_zero_init


GLOBAL SYMBOLS: SORTED ALPHABETICALLY BY Name 

address   name                          
-------   ----                          
00000d4f  ADCHardwareOversampleConfigure
00000dc9  ADCIntClear                   
00000c25  ADCIntStatus                  
00000cd7  ADCProcessorTrigger           
00000a99  ADCSequenceConfigure          
00000c9d  ADCSequenceDataGet            
00000d5d  ADCSequenceDisable            
00000d6b  ADCSequenceEnable             
00000901  ADCSequenceStepConfigure      
00000e0f  C$$EXIT                       
00000db1  CPUcpsie                      
00000c53  GPIODirModeSet                
0000052d  GPIOPadConfigSet              
00000ae9  GPIOPinConfigure              
00000cef  GPIOPinTypeGPIOOutput         
00000d1b  GPIOPinTypeUART               
00000df7  GPIOPinWrite                  
0000097d  IntEnable                     
00000d3f  IntMasterEnable               
00000dbd  ResetISR                      
00000661  SysCtlClockGet                
00000771  SysCtlClockSet                
00000dfd  SysCtlDelay                   
00000bbd  SysCtlPeripheralEnable        
000002c1  Timer1IntHandler              
000009e5  TimerConfigure                
00000d79  TimerEnable                   
00000e03  TimerIntClear                 
00000de7  TimerIntEnable                
00000d2d  TimerLoadSet                  
00000d87  UARTCharGetNonBlocking        
00000dd3  UARTCharPut                   
00000d95  UARTCharPutNonBlocking        
00000da3  UARTCharsAvail                
00000b31  UARTConfigSetExpClk           
00000c7d  UARTDisable                   
00000d07  UARTEnable                    
00000e07  UARTIntClear                  
00000def  UARTIntEnable                 
0000026d  UARTIntHandler                
00000ddd  UARTIntStatus                 
0000038d  UARTsetup                     
20000068  __STACK_END                   
00000068  __STACK_SIZE                  
20000200  __STACK_TOP                   
00000f8c  __TI_CINIT_Base               
00000f94  __TI_CINIT_Limit              
00000f88  __TI_Handler_Table_Base       
00000f8c  __TI_Handler_Table_Limit      
00000b79  __TI_auto_init_nobinit_nopinit
ffffffff  __TI_pprof_out_hndl           
ffffffff  __TI_prof_data_size           
ffffffff  __TI_prof_data_start          
00000000  __TI_static_base__            
00000cbb  __TI_zero_init_nomemset       
00000865  __aeabi_memcpy                
00000865  __aeabi_memcpy4               
00000865  __aeabi_memcpy8               
ffffffff  __binit__                     
ffffffff  __c_args__                    
UNDEFED   __mpu_init                    
20000000  __stack                       
00000bf1  _c_int00_noargs               
UNDEFED   _system_post_cinit            
00000e0b  _system_pre_init              
00000e0f  abort                         
ffffffff  binit                         
00000000  g_pfnVectors                  
00000a45  ltoa                          
000003ed  main                          
00000865  memcpy                        
20000068  ui32ADC0Value                 
20000078  ui32TempAvg                   
2000007c  ui32TempValueC                
20000080  ui32TempValueF                


GLOBAL SYMBOLS: SORTED BY Symbol Address 

address   name                          
-------   ----                          
00000000  __TI_static_base__            
00000000  g_pfnVectors                  
00000068  __STACK_SIZE                  
0000026d  UARTIntHandler                
000002c1  Timer1IntHandler              
0000038d  UARTsetup                     
000003ed  main                          
0000052d  GPIOPadConfigSet              
00000661  SysCtlClockGet                
00000771  SysCtlClockSet                
00000865  __aeabi_memcpy                
00000865  __aeabi_memcpy4               
00000865  __aeabi_memcpy8               
00000865  memcpy                        
00000901  ADCSequenceStepConfigure      
0000097d  IntEnable                     
000009e5  TimerConfigure                
00000a45  ltoa                          
00000a99  ADCSequenceConfigure          
00000ae9  GPIOPinConfigure              
00000b31  UARTConfigSetExpClk           
00000b79  __TI_auto_init_nobinit_nopinit
00000bbd  SysCtlPeripheralEnable        
00000bf1  _c_int00_noargs               
00000c25  ADCIntStatus                  
00000c53  GPIODirModeSet                
00000c7d  UARTDisable                   
00000c9d  ADCSequenceDataGet            
00000cbb  __TI_zero_init_nomemset       
00000cd7  ADCProcessorTrigger           
00000cef  GPIOPinTypeGPIOOutput         
00000d07  UARTEnable                    
00000d1b  GPIOPinTypeUART               
00000d2d  TimerLoadSet                  
00000d3f  IntMasterEnable               
00000d4f  ADCHardwareOversampleConfigure
00000d5d  ADCSequenceDisable            
00000d6b  ADCSequenceEnable             
00000d79  TimerEnable                   
00000d87  UARTCharGetNonBlocking        
00000d95  UARTCharPutNonBlocking        
00000da3  UARTCharsAvail                
00000db1  CPUcpsie                      
00000dbd  ResetISR                      
00000dc9  ADCIntClear                   
00000dd3  UARTCharPut                   
00000ddd  UARTIntStatus                 
00000de7  TimerIntEnable                
00000def  UARTIntEnable                 
00000df7  GPIOPinWrite                  
00000dfd  SysCtlDelay                   
00000e03  TimerIntClear                 
00000e07  UARTIntClear                  
00000e0b  _system_pre_init              
00000e0f  C$$EXIT                       
00000e0f  abort                         
00000f88  __TI_Handler_Table_Base       
00000f8c  __TI_CINIT_Base               
00000f8c  __TI_Handler_Table_Limit      
00000f94  __TI_CINIT_Limit              
20000000  __stack                       
20000068  __STACK_END                   
20000068  ui32ADC0Value                 
20000078  ui32TempAvg                   
2000007c  ui32TempValueC                
20000080  ui32TempValueF                
20000200  __STACK_TOP                   
ffffffff  __TI_pprof_out_hndl           
ffffffff  __TI_prof_data_size           
ffffffff  __TI_prof_data_start          
ffffffff  __binit__                     
ffffffff  __c_args__                    
ffffffff  binit                         
UNDEFED   __mpu_init                    
UNDEFED   _system_post_cinit            

[75 symbols]
