******************************************************************************
                  TI ARM Linker PC v18.12.3                    
******************************************************************************
>> Linked Mon Nov 11 20:14:21 2019

OUTPUT FILE NAME:   <blink_TM4C_MBX_QUEUE.out>
ENTRY POINT SYMBOL: "_c_int00"  address: 00004a69


MEMORY CONFIGURATION

         name            origin    length      used     unused   attr    fill
----------------------  --------  ---------  --------  --------  ----  --------
  FLASH                 00000000   00040000  00008d39  000372c7  R  X
  SRAM                  20000000   00008000  00003ad4  0000452c  RW X


SEGMENT ALLOCATION MAP

run origin  load origin   length   init length attrs members
----------  ----------- ---------- ----------- ----- -------
00000000    00000000    00008d40   00008d40    r-x
  00000000    00000000    0000003c   0000003c    r-- .resetVecs
  00000040    00000040    00006272   00006272    r-x .text
  000062b4    000062b4    00002783   00002783    r-- .const
  00008a38    00008a38    00000308   00000308    r-- .cinit
20000000    20000000    00000360   00000000    rw-
  20000000    20000000    00000360   00000000    rw- .vecs
20000380    20000380    00003778   00000000    rw-
  20000380    20000380    00002c30   00000000    rw- .bss
  20002fb0    20002fb0    00000744   00000000    rw- .data
  200036f8    200036f8    00000400   00000000    rw- .stack


SECTION ALLOCATION MAP

 output                                  attributes/
section   page    origin      length       input sections
--------  ----  ----------  ----------   ----------------
.resetVecs 
*          0    00000000    0000003c     
                  00000000    0000003c     empty_pem4f.oem4f (.resetVecs)

.text      0    00000040    00006272     
                  00000040    00000430     sysbios.aem4f : BIOS.obj (.text:ti_sysbios_family_arm_m3_Hwi_excDumpRegs__I)
                  00000470    0000034c     ti.targets.arm.rtsarm.aem4f : System.oem4f (.text:xdc_runtime_System_doPrint__I)
                  000007bc    00000004     driverlib.lib : timer.obj (.text:TimerIntClear)
                  000007c0    0000031c     sysbios.aem4f : BIOS.obj (.text:ti_sysbios_knl_Semaphore_pend__E)
                  00000adc    00000004     rtsv7M4_T_le_v4SPD16_eabi.lib : exit.c.obj (.text:abort:abort)
                  00000ae0    000001f4     sysbios.aem4f : BIOS.obj (.text:ti_sysbios_family_arm_m3_Hwi_excHandlerMax__I)
                  00000cd4    00000004     empty_pem4f.oem4f (.text:malloc)
                  00000cd8    00000178     sysbios.aem4f : BIOS.obj (.text:ti_sysbios_family_arm_lm4_TimestampProvider_get64__E)
                  00000e50    00000174                   : BIOS.obj (.text:ti_sysbios_family_arm_m3_Hwi_excBusFault__I)
                  00000fc4    00000004     empty_pem4f.oem4f (.text:ti_sysbios_BIOS_RtsGateProxy_enter__E)
                  00000fc8    00000168     sysbios.aem4f : BIOS.obj (.text:ti_sysbios_family_arm_lm4_Timer_start__E)
                  00001130    00000164                   : BIOS.obj (.text:ti_sysbios_family_arm_m3_Hwi_excUsageFault__I)
                  00001294    00000004     empty_pem4f.oem4f (.text:ti_sysbios_BIOS_RtsGateProxy_leave__E)
                  00001298    00000148     sysbios.aem4f : BIOS.obj (.text:ti_sysbios_family_arm_m3_Hwi_excMemFault__I)
                  000013e0    00000144     ti.targets.arm.rtsarm.aem4f : HeapStd.oem4f (.text:xdc_runtime_HeapStd_alloc__E)
                  00001524    00000004     sysbios.aem4f : BIOS.obj (.text:ti_sysbios_family_arm_lm4_Timer_masterEnable__I)
                  00001528    00000140                   : BIOS.obj (.text:ti_sysbios_knl_Semaphore_post__E)
                  00001668    0000013c                   : BIOS.obj (.text:ti_sysbios_knl_Clock_workFunc__E)
                  000017a4    00000004     empty_pem4f.oem4f (.text:ti_sysbios_family_arm_m3_TaskSupport_Module__startupDone__S)
                  000017a8    00000138     sysbios.aem4f : BIOS.obj (.text:ti_sysbios_family_arm_m3_Hwi_dispatchC__I)
                  000018e0    00000138     empty_pem4f.oem4f (.text:ti_uia_loggers_LoggerStopMode_writeMemoryRange__E)
                  00001a18    00000130     driverlib.lib : gpio.obj (.text:GPIOPadConfigSet)
                  00001b48    0000011c     sysbios.aem4f : BIOS.obj (.text:ti_sysbios_knl_Swi_run__I)
                  00001c64    00000118     ti.targets.arm.rtsarm.aem4f : Error.oem4f (.text:xdc_runtime_Error_policyDefault__E)
                  00001d7c    00000004     empty_pem4f.oem4f (.text:ti_sysbios_knl_Clock_TimerProxy_getMaxTicks__E)
                  00001d80    00000110     sysbios.aem4f : BIOS.obj (.text:ti_sysbios_knl_Task_schedule__I)
                  00001e90    0000010c     driverlib.lib : sysctl.obj (.text:SysCtlClockGet)
                  00001f9c    0000010c     empty_pem4f.oem4f (.text:ti_uia_loggers_LoggerStopMode_write8__E)
                  000020a8    00000100     Boot.aem4f : Boot_sysctl.oem4f (.text:ti_catalog_arm_cortexm4_tiva_ce_Boot_sysCtlClockSetI__I)
                  000021a8    00000100     ti.targets.arm.rtsarm.aem4f : Core-mem.oem4f (.text:xdc_runtime_Core_createObject__I)
                  000022a8    000000fc     sysbios.aem4f : BIOS.obj (.text:ti_sysbios_knl_Task_postInit__I)
                  000023a4    00000004     empty_pem4f.oem4f (.text:ti_sysbios_knl_Clock_TimerProxy_getPeriod__E)
                  000023a8    000000fc     sysbios.aem4f : BIOS.obj (.text:ti_sysbios_knl_Task_startCore__E)
                  000024a4    00000004     empty_pem4f.oem4f (.text:ti_sysbios_knl_Queue_destruct)
                  000024a8    000000f8     sysbios.aem4f : BIOS.obj (.text:ti_sysbios_utils_Load_updateThreadContexts__E)
                  000025a0    000000f8     ti.targets.arm.rtsarm.aem4f : Startup.oem4f (.text:xdc_runtime_Startup_startMods__I)
                  00002698    000000f8     empty_pem4f.oem4f (.text:xdc_runtime_System_printfExtend__I)
                  00002790    000000f4     sysbios.aem4f : m3_Hwi_asm.obj (.text:ti_sysbios_family_arm_m3_Hwi_dispatch__I)
                  00002884    000000f4     empty_pem4f.oem4f (.text:ti_uia_loggers_LoggerStopMode_write4__E)
                  00002978    000000f0     driverlib.lib : sysctl.obj (.text:SysCtlClockSet)
                  00002a68    000000f0     main.obj (.text:ledToggle)
                  00002b58    000000e8     empty_pem4f.oem4f (.text:ti_uia_loggers_LoggerStopMode_write1__E)
                  00002c40    000000e8     empty_pem4f.oem4f (.text:ti_uia_loggers_LoggerStopMode_write2__E)
                  00002d28    000000d8     sysbios.aem4f : BIOS.obj (.text:ti_sysbios_family_arm_lm4_TimestampProvider_get32__E)
                  00002e00    000000d8     empty_pem4f.oem4f (.text:ti_uia_loggers_LoggerStopMode_write0__E)
                  00002ed8    000000d0     sysbios.aem4f : BIOS.obj (.text:ti_sysbios_family_arm_m3_Hwi_Module_startup__E)
                  00002fa8    000000cc     ti.targets.arm.rtsarm.aem4f : Core-smem.oem4f (.text:xdc_runtime_Core_constructObject__I)
                  00003074    000000cc                                 : HeapStd.oem4f (.text:xdc_runtime_HeapStd_Instance_init__E)
                  00003140    000000c8     sysbios.aem4f : BIOS.obj (.text:ti_sysbios_knl_Task_exit__E)
                  00003208    000000c4                   : BIOS.obj (.text:ti_sysbios_utils_Load_logLoads__I)
                  000032cc    00000004     empty_pem4f.oem4f (.text:ti_sysbios_knl_Semaphore_destruct)
                  000032d0    000000bc     sysbios.aem4f : BIOS.obj (.text:ti_sysbios_family_arm_m3_Hwi_excDebugMon__I)
                  0000338c    00000004     ti.uia.loggers.aem4f : LoggerStopMode.oem4f (.text:ti_uia_loggers_LoggerStopMode_getContents__E)
                  00003390    000000bc     sysbios.aem4f : BIOS.obj (.text:ti_sysbios_family_arm_m3_Hwi_excHardFault__I)
                  0000344c    00000004     empty_pem4f.oem4f (.text:ti_uia_loggers_LoggerStopMode_getFilterLevel__E)
                  00003450    000000bc     sysbios.aem4f : BIOS.obj (.text:ti_sysbios_knl_Task_unblockI__E)
                  0000350c    00000004     ti.uia.loggers.aem4f : LoggerStopMode.oem4f (.text:ti_uia_loggers_LoggerStopMode_getInstanceId__E)
                  00003510    000000b4     sysbios.aem4f : BIOS.obj (.text:ti_sysbios_gates_GateMutex_enter__E)
                  000035c4    00000004     ti.uia.loggers.aem4f : LoggerStopMode.oem4f (.text:ti_uia_loggers_LoggerStopMode_getMaxLength__E)
                  000035c8    000000b4     sysbios.aem4f : BIOS.obj (.text:ti_sysbios_knl_Task_checkStacks__E)
                  0000367c    00000004     ti.uia.loggers.aem4f : LoggerStopMode.oem4f (.text:ti_uia_loggers_LoggerStopMode_getPriority__E)
                  00003680    000000b0     sysbios.aem4f : BIOS.obj (.text:ti_sysbios_utils_Load_idleFxn__E)
                  00003730    000000b0                   : BIOS.obj (.text:ti_sysbios_utils_Load_updateLoads__E)
                  000037e0    000000ac                   : BIOS.obj (.text:ti_sysbios_family_arm_lm4_Timer_enableTiva__I)
                  0000388c    00000004     ti.uia.loggers.aem4f : LoggerStopMode.oem4f (.text:ti_uia_loggers_LoggerStopMode_getTransferType__E)
                  00003890    000000ac     sysbios.aem4f : BIOS.obj (.text:ti_sysbios_knl_Swi_post__E)
                  0000393c    00000004     ti.targets.arm.rtsarm.aem4f : Error.oem4f (.text:xdc_runtime_Error_getSite__E)
                  00003940    000000a8     sysbios.aem4f : BIOS.obj (.text:ti_sysbios_family_arm_lm4_Timer_enableTimers__I)
                  000039e8    000000a8                   : BIOS.obj (.text:ti_sysbios_knl_Task_blockI__E)
                  00003a90    000000a8     ti.targets.arm.rtsarm.aem4f : HeapStd.oem4f (.text:xdc_runtime_HeapStd_free__E)
                  00003b38    000000a0     auto_init.aem4f : auto_init.oem4f (.text)
                  00003bd8    000000a0     ti.targets.arm.rtsarm.aem4f : Text.oem4f (.text:xdc_runtime_Text_putMod__E)
                  00003c78    0000009c     rtsv7M4_T_le_v4SPD16_eabi.lib : memcpy_t2.asm.obj (.text)
                  00003d14    00000004     ti.targets.arm.rtsarm.aem4f : HeapStd.oem4f (.text:xdc_runtime_HeapStd_isBlocking__E)
                  00003d18    0000009c     sysbios.aem4f : BIOS.obj (.text:ti_sysbios_knl_Semaphore_Instance_init__E)
                  00003db4    0000009a     ti.targets.arm.rtsarm.aem4f : Text.oem4f (.text:xdc_runtime_Text_putSite__E)
                  00003e4e    00000002     rtsv7M4_T_le_v4SPD16_eabi.lib : _lock.c.obj (.text:_nop)
                  00003e50    00000098     Boot.aem4f : Boot.oem4f (.text:ti_catalog_arm_cortexm4_tiva_ce_Boot_sysCtlClockSet__E)
                  00003ee8    00000094     sysbios.aem4f : BIOS.obj (.text:ti_sysbios_family_arm_m3_Hwi_initNVIC__E)
                  00003f7c    00000004     empty_pem4f.oem4f (.text:xdc_runtime_System_Module_GateProxy_enter__E)
                  00003f80    00000090     sysbios.aem4f : BIOS.obj (.text:ti_sysbios_knl_Task_Module_startup__E)
                  00004010    00000090                   : BIOS.obj (.text:ti_sysbios_utils_Load_startup__E)
                  000040a0    00000090     ti.uia.loggers.aem4f : LoggerStopMode.oem4f (.text:ti_uia_loggers_LoggerStopMode_initQueueDescriptor__E)
                  00004130    0000008c     sysbios.aem4f : m3_TaskSupport_asm.obj (.text:ti_sysbios_family_arm_m3_TaskSupport_buildTaskStack)
                  000041bc    00000004     empty_pem4f.oem4f (.text:xdc_runtime_System_Module_GateProxy_leave__E)
                  000041c0    00000088     sysbios.aem4f : BIOS.obj (.text:ti_sysbios_knl_Mailbox_Module_startup__E)
                  00004248    0000007a     rtsv7M4_T_le_v4SPD16_eabi.lib : memset_t2.asm.obj (.text)
                  000042c2    00000002     empty_pem4f.oem4f (.text:free)
                  000042c4    00000074     ti.uia.runtime.aem4f : QueueDescriptor.oem4f (.text:ti_uia_runtime_QueueDescriptor_addToList__E)
                  00004338    0000006d     ti.targets.arm.rtsarm.aem4f : System.oem4f (.text:xdc_runtime_System_formatNum__I)
                  000043a5    00000001     --HOLE-- [fill = 0]
                  000043a6    00000002     rtsv7M4_T_le_v4SPD16_eabi.lib : div0.asm.obj (.text)
                  000043a8    0000006c     sysbios.aem4f : BIOS.obj (.text:ti_sysbios_knl_Swi_restoreHwi__E)
                  00004414    00000004     ti.targets.arm.rtsarm.aem4f : System.oem4f (.text:xdc_runtime_System_aprintf_va__F)
                  00004418    0000006c     sysbios.aem4f : BIOS.obj (.text:ti_sysbios_utils_Load_taskCreateHook__E)
                  00004484    0000006c     ti.targets.arm.rtsarm.aem4f : Error.oem4f (.text:xdc_runtime_Error_print__E)
                  000044f0    0000006c                                 : Memory.oem4f (.text:xdc_runtime_Memory_alloc__E)
                  0000455c    00000068     rtsv7M4_T_le_v4SPD16_eabi.lib : copy_decompress_lzss.c.obj (.text:decompress:lzss:__TI_decompress_lzss)
                  000045c4    00000068     main.obj (.text:hardware_init)
                  0000462c    00000004     ti.targets.arm.rtsarm.aem4f : System.oem4f (.text:xdc_runtime_System_printf_va__F)
                  00004630    00000068     sysbios.aem4f : BIOS.obj (.text:ti_sysbios_utils_Load_addTask__E)
                  00004698    00000066     ti.uia.loggers.aem4f : LoggerStopMode.oem4f (.text:ti_uia_loggers_LoggerStopMode_flush__E)
                  000046fe    00000066     ti.targets.arm.rtsarm.aem4f : Core-mem.oem4f (.text:xdc_runtime_Core_deleteObject__I)
                  00004764    00000002     empty_pem4f.oem4f (.text:ti_sysbios_BIOS_nullFunc__I)
                  00004766    00000002     empty_pem4f.oem4f (.text:ti_uia_loggers_LoggerStopMode_setFilterLevel__E)
                  00004768    00000064     sysbios.aem4f : BIOS.obj (.text:ti_sysbios_family_arm_lm4_Timer_Module_startup__E)
                  000047cc    00000060     driverlib.lib : timer.obj (.text:TimerConfigure)
                  0000482c    00000002     ti.uia.loggers.aem4f : LoggerStopMode.oem4f (.text:ti_uia_loggers_LoggerStopMode_setPriority__E)
                  0000482e    00000002     empty_pem4f.oem4f (.text:xdc_runtime_Startup_reset__I)
                  00004830    00000060     sysbios.aem4f : BIOS.obj (.text:ti_sysbios_family_arm_lm4_Timer_isrStub__E)
                  00004890    00000060                   : BIOS.obj (.text:ti_sysbios_knl_Clock_logTick__E)
                  000048f0    00000060                   : BIOS.obj (.text:ti_sysbios_utils_Load_logCPULoad__I)
                  00004950    00000060                   : BIOS.obj (.text:ti_sysbios_utils_Load_updateCurrentThreadTime__E)
                  000049b0    0000005c                   : BIOS.obj (.text:ti_sysbios_knl_Swi_schedule__I)
                  00004a0c    0000005b     ti.targets.arm.rtsarm.aem4f : Text.oem4f (.text:xdc_runtime_Text_putLab__E)
                  00004a67    00000001     --HOLE-- [fill = 0]
                  00004a68    00000058     boot.aem4f : boot.oem4f (.text)
                  00004ac0    00000058     rtsv7M4_T_le_v4SPD16_eabi.lib : hostwrite.c.obj (.text:HOSTwrite)
                  00004b18    00000058     sysbios.aem4f : m3_Hwi_asm_switch.obj (.text:ti_sysbios_family_arm_m3_Hwi_initStacks__E)
                  00004b70    00000058     empty_pem4f.oem4f (.text:xdc_runtime_HeapStd_Object__create__S)
                  00004bc8    00000054     sysbios.aem4f : BIOS.obj (.text:ti_sysbios_utils_Load_taskSwitchHook__E)
                  00004c1c    00000054     ti.targets.arm.rtsarm.aem4f : Assert.oem4f (.text:xdc_runtime_Assert_raise__I)
                  00004c70    00000050                                 : Startup.oem4f (.text:xdc_runtime_Startup_exec__E)
                  00004cc0    00000050                                 : Text.oem4f (.text:xdc_runtime_Text_visitRope2__I)
                  00004d10    0000004c     rtsv7M4_T_le_v4SPD16_eabi.lib : cpy_tbl.c.obj (.text:copy_in)
                  00004d5c    00000004     --HOLE-- [fill = 0]
                  00004d60    0000004c     sysbios.aem4f : BIOS.obj (.text:ti_sysbios_knl_Swi_runLoop__I)
                  00004dac    00000004     --HOLE-- [fill = 0]
                  00004db0    0000004c                   : BIOS.obj (.text:ti_sysbios_knl_Task_allBlockedFunction__I)
                  00004dfc    0000004c     ti.uia.loggers.aem4f : LoggerStopMode.oem4f (.text:ti_uia_loggers_LoggerStopMode_Module_startup__E)
                  00004e48    00000048     sysbios.aem4f : BIOS.obj (.text:ti_sysbios_family_arm_m3_Hwi_disableInterrupt__E)
                  00004e90    00000048                   : BIOS.obj (.text:ti_sysbios_family_arm_m3_Hwi_enableInterrupt__E)
                  00004ed8    00000048                   : BIOS.obj (.text:ti_sysbios_family_arm_m3_Hwi_excReserved__I)
                  00004f20    00000048                   : BIOS.obj (.text:ti_sysbios_utils_Load_taskDeleteHook__E)
                  00004f68    00000046     ti.targets.arm.rtsarm.aem4f : Core-params.oem4f (.text:xdc_runtime_Core_assignParams__I)
                  00004fae    00000002     --HOLE-- [fill = 0]
                  00004fb0    00000044     main.obj (.text:mailbox_queue)
                  00004ff4    00000004     --HOLE-- [fill = 0]
                  00004ff8    00000044     sysbios.aem4f : BIOS.obj (.text:ti_sysbios_family_arm_lm4_Timer_stop__E)
                  0000503c    00000004     --HOLE-- [fill = 0]
                  00005040    00000044                   : BIOS.obj (.text:ti_sysbios_family_arm_m3_Hwi_getStackInfo__E)
                  00005084    00000004     --HOLE-- [fill = 0]
                  00005088    00000044                   : BIOS.obj (.text:ti_sysbios_utils_Load_removeTask__E)
                  000050cc    00000044     ti.uia.loggers.aem4f : LoggerStopMode.oem4f (.text:ti_uia_loggers_LoggerStopMode_initBuffer__I)
                  00005110    00000044     ti.targets.arm.rtsarm.aem4f : Error.oem4f (.text:xdc_runtime_Error_setX__E)
                  00005154    00000044                                 : SysMin.oem4f (.text:xdc_runtime_SysMin_flush__E)
                  00005198    00000044                                 : Text.oem4f (.text:xdc_runtime_Text_xprintf__I)
                  000051dc    00000040     rtsv7M4_T_le_v4SPD16_eabi.lib : u_divt2.asm.obj (.text)
                  0000521c    00000004     --HOLE-- [fill = 0]
                  00005220    00000040     sysbios.aem4f : BIOS.obj (.text:ti_sysbios_family_arm_lm4_Timer_startup__E)
                  00005260    0000003c                   : BIOS.obj (.text:ti_sysbios_family_arm_m3_Hwi_excSvCall__I)
                  0000529c    00000004     --HOLE-- [fill = 0]
                  000052a0    0000003c                   : BIOS.obj (.text:ti_sysbios_heaps_HeapMem_init__I)
                  000052dc    00000004     --HOLE-- [fill = 0]
                  000052e0    0000003c                   : BIOS.obj (.text:ti_sysbios_knl_Swi_restore__E)
                  0000531c    00000038     rtsv7M4_T_le_v4SPD16_eabi.lib : trgmsg.c.obj (.text:__TI_writemsg)
                  00005354    00000004     --HOLE-- [fill = 0]
                  00005358    00000038     sysbios.aem4f : BIOS.obj (.text:ti_sysbios_family_arm_m3_Hwi_excNoIsr__I)
                  00005390    00000038                   : BIOS.obj (.text:ti_sysbios_knl_Task_processVitalTaskFlag__I)
                  000053c8    00000038     ti.targets.arm.rtsarm.aem4f : SysMin.oem4f (.text:xdc_runtime_SysMin_putch__E)
                  00005400    00000038                                 : System.oem4f (.text:xdc_runtime_System_atexit__E)
                  00005438    00000034     driverlib.lib : sysctl.obj (.text:SysCtlPeripheralEnable)
                  0000546c    00000034     rtsv7M4_T_le_v4SPD16_eabi.lib : trgmsg.c.obj (.text:__TI_readmsg)
                  000054a0    00000034     sysbios.aem4f : BIOS.obj (.text:ti_sysbios_family_arm_m3_Hwi_excNmi__I)
                  000054d4    00000004     --HOLE-- [fill = 0]
                  000054d8    00000034                   : BIOS.obj (.text:ti_sysbios_hal_Hwi_checkStack)
                  0000550c    00000034     ti.uia.loggers.aem4f : LoggerStopMode.oem4f (.text:ti_uia_loggers_LoggerStopMode_reset__E)
                  00005540    00000034     ti.targets.arm.rtsarm.aem4f : Core-label.oem4f (.text:xdc_runtime_Core_assignLabel__I)
                  00005574    00000033                                 : Text.oem4f (.text:xdc_runtime_Text_printVisFxn__I)
                  000055a7    00000001     --HOLE-- [fill = 0]
                  000055a8    00000032     sysbios.aem4f : BIOS.obj (.text:ti_sysbios_hal_Hwi_initStack)
                  000055da    00000006     driverlib.lib : gpio.obj (.text:GPIOPinWrite)
                  000055e0    00000032     sysbios.aem4f : BIOS.obj (.text:ti_sysbios_knl_Semaphore_pendTimeout__I)
                  00005612    00000002     --HOLE-- [fill = 0]
                  00005614    00000030     empty_pem4f.oem4f (.text:ti_sysbios_BIOS_atExitFunc__I)
                  00005644    00000004     --HOLE-- [fill = 0]
                  00005648    00000030     sysbios.aem4f : BIOS.obj (.text:ti_sysbios_family_arm_m3_TaskSupport_start__E)
                  00005678    00000030     empty_pem4f.oem4f (.text:ti_sysbios_gates_GateHwi_Object__create__S)
                  000056a8    00000030     empty_pem4f.oem4f (.text:ti_sysbios_gates_GateMutex_Object__create__S)
                  000056d8    00000030     empty_pem4f.oem4f (.text:ti_sysbios_knl_Semaphore_construct)
                  00005708    00000030     empty_pem4f.oem4f (.text:ti_uia_loggers_LoggerStopMode_Object__create__S)
                  00005738    00000030     ti.targets.arm.rtsarm.aem4f : SysMin.oem4f (.text:xdc_runtime_SysMin_abort__E)
                  00005768    00000030                                 : System.oem4f (.text:xdc_runtime_System_processAtExit__E)
                  00005798    0000002c     empty_pem4f.oem4f (.text:ti_sysbios_knl_Clock_doTick__I)
                  000057c4    0000002c     empty_pem4f.oem4f (.text:ti_sysbios_knl_Queue_construct)
                  000057f0    0000002c     sysbios.aem4f : BIOS.obj (.text:ti_sysbios_knl_Task_restore__E)
                  0000581c    0000002c     ti.targets.arm.rtsarm.aem4f : Text.oem4f (.text:xdc_runtime_Text_cordText__E)
                  00005848    0000002a     driverlib.lib : gpio.obj (.text:GPIODirModeSet)
                  00005872    0000002a     ti.targets.arm.rtsarm.aem4f : System.oem4f (.text:xdc_runtime_System_putchar__I)
                  0000589c    00000028     empty_pem4f.oem4f (.text:ti_sysbios_BIOS_startFunc__I)
                  000058c4    00000004     --HOLE-- [fill = 0]
                  000058c8    00000028     sysbios.aem4f : BIOS.obj (.text:ti_sysbios_knl_Swi_Module_startup__E)
                  000058f0    00000026                   : m3_Hwi_asm.obj (.text:ti_sysbios_family_arm_m3_Hwi_pendSV__I)
                  00005916    00000026     ti.targets.arm.rtsarm.aem4f : System.oem4f (.text:xdc_runtime_System_avprintf__E)
                  0000593c    00000024     empty_pem4f.oem4f (.text:ti_sysbios_BIOS_registerRTSLock__I)
                  00005960    00000024     empty_pem4f.oem4f (.text:ti_sysbios_BIOS_removeRTSLock__I)
                  00005984    00000004     --HOLE-- [fill = 0]
                  00005988    00000024     sysbios.aem4f : BIOS.obj (.text:ti_sysbios_family_arm_m3_Hwi_doTaskRestore__I)
                  000059ac    00000024     empty_pem4f.oem4f (.text:ti_sysbios_gates_GateMutex_Object__delete__S)
                  000059d0    00000024     sysbios.aem4f : BIOS.obj (.text:ti_sysbios_knl_Clock_Module_startup__E)
                  000059f4    00000024     ti.targets.arm.rtsarm.aem4f : System.oem4f (.text:xdc_runtime_System_vprintf__E)
                  00005a18    00000022     sysbios.aem4f : BIOS.obj (.text:ti_sysbios_family_arm_lm4_Timer_write__I)
                  00005a3a    00000022     empty_pem4f.oem4f (.text:xdc_runtime_SysMin_output__I)
                  00005a5c    00000020     empty_pem4f.oem4f (.text:ti_sysbios_BIOS_rtsLock__I)
                  00005a7c    00000020     sysbios.aem4f : m3_Hwi_asm.obj (.text:ti_sysbios_family_arm_m3_Hwi_excHandlerAsm__I)
                  00005a9c    00000004     --HOLE-- [fill = 0]
                  00005aa0    00000020                   : BIOS.obj (.text:ti_sysbios_family_arm_m3_Hwi_excHandler__I)
                  00005ac0    00000020     empty_pem4f.oem4f (.text:ti_sysbios_gates_GateHwi_Object__delete__S)
                  00005ae0    00000020     sysbios.aem4f : BIOS.obj (.text:ti_sysbios_knl_Idle_run__E)
                  00005b00    00000020     empty_pem4f.oem4f (.text:ti_sysbios_knl_Semaphore_Object__destruct__S)
                  00005b20    00000020     empty_pem4f.oem4f (.text:ti_uia_loggers_LoggerStopMode_Object__delete__S)
                  00005b40    00000020     ti.targets.arm.rtsarm.aem4f : Registry.oem4f (.text:xdc_runtime_Registry_findById__E)
                  00005b60    00000020                                 : SysMin.oem4f (.text:xdc_runtime_SysMin_Module_startup__E)
                  00005b80    0000001e     empty_pem4f.oem4f (.text:ti_sysbios_BIOS_errorRaiseHook__I)
                  00005b9e    0000001e     sysbios.aem4f : m3_Hwi_asm_switch.obj (.text:ti_sysbios_family_xxx_Hwi_switchAndRunFunc)
                  00005bbc    0000001c     main.obj (.text:Timer_ISR)
                  00005bd8    0000001c     sysbios.aem4f : BIOS.obj (.text:ti_sysbios_gates_GateMutex_Instance_init__E)
                  00005bf4    0000001c     empty_pem4f.oem4f (.text:ti_sysbios_knl_Queue_Object__destruct__S)
                  00005c10    0000001c     sysbios.aem4f : BIOS.obj (.text:ti_sysbios_knl_Queue_get__E)
                  00005c2c    00000004     --HOLE-- [fill = 0]
                  00005c30    0000001c                   : BIOS.obj (.text:ti_sysbios_knl_Queue_put__E)
                  00005c4c    00000004     --HOLE-- [fill = 0]
                  00005c50    0000001c                   : BIOS.obj (.text:ti_sysbios_knl_Task_enter__I)
                  00005c6c    0000001c     ti.uia.loggers.aem4f : LoggerStopMode.oem4f (.text:ti_uia_loggers_LoggerStopMode_Instance_init__E)
                  00005c88    0000001c     ti.targets.arm.rtsarm.aem4f : Error.oem4f (.text:xdc_runtime_Error_raiseX__E)
                  00005ca4    0000001c     empty_pem4f.oem4f (.text:xdc_runtime_HeapStd_Object__delete__S)
                  00005cc0    0000001c     ti.targets.arm.rtsarm.aem4f : Memory.oem4f (.text:xdc_runtime_Memory_valloc__E)
                  00005cdc    0000001c                                 : SysMin.oem4f (.text:xdc_runtime_SysMin_exit__E)
                  00005cf8    0000001c                                 : System.oem4f (.text:xdc_runtime_System_abort__E)
                  00005d14    0000001a     empty_pem4f.oem4f (.text:ti_sysbios_family_arm_m3_Hwi_Handle__label__S)
                  00005d2e    0000001a     empty_pem4f.oem4f (.text:ti_sysbios_gates_GateHwi_Handle__label__S)
                  00005d48    0000001a     empty_pem4f.oem4f (.text:ti_sysbios_gates_GateMutex_Handle__label__S)
                  00005d62    0000001a     empty_pem4f.oem4f (.text:ti_sysbios_knl_Swi_Handle__label__S)
                  00005d7c    0000001a     empty_pem4f.oem4f (.text:ti_sysbios_knl_Task_Handle__label__S)
                  00005d96    0000001a     empty_pem4f.oem4f (.text:ti_uia_loggers_LoggerStopMode_Handle__label__S)
                  00005db0    0000001a     empty_pem4f.oem4f (.text:xdc_runtime_HeapStd_Handle__label__S)
                  00005dca    0000001a     empty_pem4f.oem4f (.text:xdc_runtime_System_aprintf__E)
                  00005de4    0000001a     empty_pem4f.oem4f (.text:xdc_runtime_System_printf__E)
                  00005dfe    00000018     driverlib.lib : gpio.obj (.text:GPIOPinTypeGPIOOutput)
                  00005e16    00000002     --HOLE-- [fill = 0]
                  00005e18    00000018     rtsv7M4_T_le_v4SPD16_eabi.lib : args_main.c.obj (.text:_args_main)
                  00005e30    00000018     empty_pem4f.oem4f (.text:ti_sysbios_BIOS_rtsUnlock__I)
                  00005e48    00000018     empty_pem4f.oem4f (.text:ti_sysbios_family_arm_lm4_Timer_Module__startupDone__F)
                  00005e60    00000018     empty_pem4f.oem4f (.text:ti_sysbios_family_arm_m3_Hwi_Module__startupDone__F)
                  00005e78    00000018     sysbios.aem4f : m3_TaskSupport_asm.obj (.text:ti_sysbios_family_arm_m3_TaskSupport_swap__E)
                  00005e90    00000018                   : BIOS.obj (.text:ti_sysbios_gates_GateMutex_leave__E)
                  00005ea8    00000018     ti.targets.arm.rtsarm.aem4f : Error.oem4f (.text:xdc_runtime_Error_check__E)
                  00005ec0    00000018                                 : System.oem4f (.text:xdc_runtime_System_exit__E)
                  00005ed8    00000018                                 : Text.oem4f (.text:xdc_runtime_Text_ropeText__E)
                  00005ef0    00000016     empty_pem4f.oem4f (.text:ti_sysbios_BIOS_exitFunc__I)
                  00005f06    00000016     ti.uia.loggers.aem4f : LoggerStopMode.oem4f (.text:ti_uia_loggers_LoggerStopMode_disable__E)
                  00005f1c    00000016                          : LoggerStopMode.oem4f (.text:ti_uia_loggers_LoggerStopMode_enable__E)
                  00005f32    00000014     rtsv7M4_T_le_v4SPD16_eabi.lib : strlen.c.obj (.text:strlen)
                  00005f46    00000002     --HOLE-- [fill = 0]
                  00005f48    00000014     empty_pem4f.oem4f (.text:ti_sysbios_family_arm_m3_Hwi_Object__get__S)
                  00005f5c    00000004     --HOLE-- [fill = 0]
                  00005f60    00000014     sysbios.aem4f : BIOS.obj (.text:ti_sysbios_family_arm_m3_Hwi_switchFromBootStack__E)
                  00005f74    00000014     empty_pem4f.oem4f (.text:ti_sysbios_knl_Mailbox_Object__get__S)
                  00005f88    00000014     empty_pem4f.oem4f (.text:ti_sysbios_knl_Swi_Object__get__S)
                  00005f9c    00000014     empty_pem4f.oem4f (.text:ti_sysbios_knl_Task_Object__get__S)
                  00005fb0    00000012     driverlib.lib : timer.obj (.text:TimerLoadSet)
                  00005fc2    00000006                   : sysctl.obj (.text:SysCtlDelay)
                  00005fc8    00000012     sysbios.aem4f : BIOS.obj (.text:ti_sysbios_hal_Hwi_Module_startup__E)
                  00005fda    00000012     empty_pem4f.oem4f (.text:xdc_runtime_Startup_exec__I)
                  00005fec    00000004     --HOLE-- [fill = 0]
                  00005ff0    00000010     sysbios.aem4f : BIOS.obj (.text:ti_sysbios_BIOS_getCpuFreq__E)
                  00006000    00000010                   : BIOS.obj (.text:ti_sysbios_BIOS_setThreadType__E)
                  00006010    00000010                   : BIOS.obj (.text:ti_sysbios_BIOS_start__E)
                  00006020    00000010                   : BIOS.obj (.text:ti_sysbios_family_arm_lm4_TimestampProvider_rolloverFunc__E)
                  00006030    00000010                   : m3_TaskSupport_asm.obj (.text:ti_sysbios_family_arm_m3_TaskSupport_glue)
                  00006040    00000010                   : BIOS.obj (.text:ti_sysbios_gates_GateMutex_Instance_finalize__E)
                  00006050    00000010     empty_pem4f.oem4f (.text:ti_sysbios_heaps_HeapMem_Object__get__S)
                  00006060    00000010     empty_pem4f.oem4f (.text:ti_sysbios_knl_Queue_Object__get__S)
                  00006070    00000010     sysbios.aem4f : BIOS.obj (.text:ti_sysbios_knl_Semaphore_Instance_finalize__E)
                  00006080    00000010                   : BIOS.obj (.text:ti_sysbios_knl_Swi_disable__E)
                  00006090    00000010                   : BIOS.obj (.text:ti_sysbios_knl_Task_disable__E)
                  000060a0    00000010     empty_pem4f.oem4f (.text:ti_uia_loggers_LoggerStopMode_Object__get__S)
                  000060b0    00000010     ti.uia.loggers.aem4f : LoggerStopMode.oem4f (.text:ti_uia_loggers_LoggerStopMode_isEmpty__E)
                  000060c0    00000010     ti.targets.arm.rtsarm.aem4f : Gate.oem4f (.text:xdc_runtime_Gate_leaveSystem__E)
                  000060d0    00000010                                 : Memory.oem4f (.text:xdc_runtime_Memory_free__E)
                  000060e0    00000010                                 : SysMin.oem4f (.text:xdc_runtime_SysMin_ready__E)
                  000060f0    00000010                                 : System.oem4f (.text:xdc_runtime_System_vsnprintf__E)
                  00006100    00000010     empty_pem4f.oem4f (.text:xdc_runtime_Text_visitRope__I)
                  00006110    0000000e     driverlib.lib : timer.obj (.text:TimerEnable)
                  0000611e    0000000e     rtsv7M4_T_le_v4SPD16_eabi.lib : copy_decompress_none.c.obj (.text:decompress:none:__TI_decompress_none)
                  0000612c    00000004     --HOLE-- [fill = 0]
                  00006130    0000000e     sysbios.aem4f : BIOS.obj (.text:ti_sysbios_knl_Idle_loop__E)
                  0000613e    00000002     --HOLE-- [fill = 0]
                  00006140    0000000e                   : BIOS.obj (.text:ti_sysbios_knl_Queue_empty__E)
                  0000614e    0000000e     ti.targets.arm.rtsarm.aem4f : HeapStd.oem4f (.text:xdc_runtime_HeapStd_getStats__E)
                  0000615c    0000000c     empty_pem4f.oem4f (.text:.bootCodeSection:ti_catalog_arm_cortexm4_tiva_ce_Boot_init__I)
                  00006168    0000000c     rtsv7M4_T_le_v4SPD16_eabi.lib : _lock.c.obj (.text:_register_lock)
                  00006174    0000000c                                   : _lock.c.obj (.text:_register_unlock)
                  00006180    0000000c                                   : copy_zero_init.c.obj (.text:decompress:ZI:__TI_zero_init)
                  0000618c    0000000c     main.obj (.text:main)
                  00006198    0000000c     sysbios.aem4f : BIOS.obj (.text:ti_sysbios_family_arm_lm4_Timer_getMaxTicks__E)
                  000061a4    00000004     --HOLE-- [fill = 0]
                  000061a8    0000000c                   : BIOS.obj (.text:ti_sysbios_family_arm_lm4_TimestampProvider_startTimer__E)
                  000061b4    00000004     --HOLE-- [fill = 0]
                  000061b8    0000000c                   : BIOS.obj (.text:ti_sysbios_family_arm_m3_Hwi_disableFxn__E)
                  000061c4    00000004     --HOLE-- [fill = 0]
                  000061c8    0000000c                   : BIOS.obj (.text:ti_sysbios_family_arm_m3_TaskSupport_checkStack__E)
                  000061d4    00000004     --HOLE-- [fill = 0]
                  000061d8    0000000c                   : BIOS.obj (.text:ti_sysbios_gates_GateHwi_enter__E)
                  000061e4    00000004     --HOLE-- [fill = 0]
                  000061e8    0000000c                   : BIOS.obj (.text:ti_sysbios_utils_Load_taskRegHook__E)
                  000061f4    0000000c     ti.targets.arm.rtsarm.aem4f : Error.oem4f (.text:xdc_runtime_Error_init__E)
                  00006200    0000000c                                 : Gate.oem4f (.text:xdc_runtime_Gate_enterSystem__E)
                  0000620c    0000000c                                 : Memory.oem4f (.text:xdc_runtime_Memory_calloc__E)
                  00006218    0000000c                                 : Memory.oem4f (.text:xdc_runtime_Memory_getMaxDefaultTypeAlign__E)
                  00006224    0000000a     empty_pem4f.oem4f (.text:xdc_runtime_IHeap_alloc)
                  0000622e    0000000a     empty_pem4f.oem4f (.text:xdc_runtime_IHeap_free)
                  00006238    00000008     driverlib.lib : timer.obj (.text:TimerIntEnable)
                  00006240    00000008     sysbios.aem4f : BIOS.obj (.text:ti_sysbios_family_arm_lm4_Timer_masterDisable__I)
                  00006248    00000008                   : BIOS.obj (.text:ti_sysbios_family_arm_m3_Hwi_doSwiRestore__I)
                  00006250    00000008                   : BIOS.obj (.text:ti_sysbios_family_arm_m3_Hwi_startup__E)
                  00006258    00000006     Boot.aem4f : Boot_sysctl.oem4f (.text:ti_catalog_arm_cortexm4_tiva_ce_Boot_sysCtlDelayI__I)
                  0000625e    00000002     --HOLE-- [fill = 0]
                  00006260    00000006     sysbios.aem4f : BIOS.obj (.text:ti_sysbios_family_arm_lm4_TimestampProvider_Module_startup__E)
                  00006266    00000002     --HOLE-- [fill = 0]
                  00006268    00000006                   : BIOS.obj (.text:ti_sysbios_family_arm_m3_Hwi_restoreFxn__E)
                  0000626e    00000002     --HOLE-- [fill = 0]
                  00006270    00000006                   : BIOS.obj (.text:ti_sysbios_gates_GateHwi_leave__E)
                  00006276    00000002     --HOLE-- [fill = 0]
                  00006278    00000006                   : BIOS.obj (.text:ti_sysbios_knl_Queue_Instance_init__E)
                  0000627e    00000002     --HOLE-- [fill = 0]
                  00006280    00000006                   : BIOS.obj (.text:ti_sysbios_knl_Swi_startup__E)
                  00006286    00000006     ti.targets.arm.rtsarm.aem4f : System.oem4f (.text:xdc_runtime_System_Module_startup__E)
                  0000628c    00000004     --HOLE-- [fill = 0]
                  00006290    00000004     sysbios.aem4f : BIOS.obj (.text:ti_sysbios_family_arm_lm4_Timer_getPeriod__E)
                  00006294    00000004     --HOLE-- [fill = 0]
                  00006298    00000004                   : BIOS.obj (.text:ti_sysbios_gates_GateHwi_query__E)
                  0000629c    00000004     --HOLE-- [fill = 0]
                  000062a0    00000004                   : BIOS.obj (.text:ti_sysbios_gates_GateMutex_query__E)
                  000062a4    00000004     --HOLE-- [fill = 0]
                  000062a8    00000004                   : BIOS.obj (.text:ti_sysbios_knl_Task_startup__E)
                  000062ac    00000004     --HOLE-- [fill = 0]
                  000062b0    00000002                   : BIOS.obj (.text:ti_sysbios_gates_GateHwi_Instance_init__E)

.const     0    000062b4    00002783     
                  000062b4    0000200c     empty_pem4f.oem4f (.const:xdc_runtime_Text_charTab__A)
                  000082c0    0000010c     empty_pem4f.oem4f (.const:xdc_runtime_Text_nodeTab__A)
                  000083cc    0000006c     driverlib.lib : sysctl.obj (.const:g_pui32Xtals)
                  00008438    00000060     empty_pem4f.oem4f (.const:ti_uia_loggers_LoggerStopMode_Module__FXNS__C)
                  00008498    00000048     empty_pem4f.oem4f (.const:.string)
                  000084e0    0000002c     empty_pem4f.oem4f (.const:xdc_runtime_Startup_sfxnTab__A)
                  0000850c    00000028     empty_pem4f.oem4f (.const:ti_uia_loggers_LoggerStopMode_Object__PARAMS__C)
                  00008534    00000028     empty_pem4f.oem4f (.const:xdc_runtime_HeapStd_Module__FXNS__C)
                  0000855c    00000024     empty_pem4f.oem4f (.const:ti_sysbios_gates_GateHwi_Module__FXNS__C)
                  00008580    00000024     empty_pem4f.oem4f (.const:ti_sysbios_gates_GateMutex_Module__FXNS__C)
                  000085a4    00000024     empty_pem4f.oem4f (.const:ti_sysbios_knl_Semaphore_Object__PARAMS__C)
                  000085c8    00000020     empty_pem4f.oem4f (.const:ti_sysbios_gates_GateHwi_Object__DESC__C)
                  000085e8    00000020     empty_pem4f.oem4f (.const:ti_sysbios_gates_GateMutex_Object__DESC__C)
                  00008608    00000020     empty_pem4f.oem4f (.const:ti_sysbios_knl_Queue_Object__DESC__C)
                  00008628    00000020     empty_pem4f.oem4f (.const:ti_sysbios_knl_Semaphore_Object__DESC__C)
                  00008648    00000020     empty_pem4f.oem4f (.const:ti_uia_loggers_LoggerStopMode_Object__DESC__C)
                  00008668    00000020     empty_pem4f.oem4f (.const:xdc_runtime_HeapStd_Object__DESC__C)
                  00008688    0000001c     empty_pem4f.oem4f (.const)
                  000086a4    0000001c     empty_pem4f.oem4f (.const:xdc_runtime_HeapStd_Object__PARAMS__C)
                  000086c0    00000018     empty_pem4f.oem4f (.const:ti_sysbios_gates_GateHwi_Object__PARAMS__C)
                  000086d8    00000018     empty_pem4f.oem4f (.const:ti_sysbios_gates_GateMutex_Object__PARAMS__C)
                  000086f0    00000018     empty_pem4f.oem4f (.const:ti_sysbios_knl_Queue_Object__PARAMS__C)
                  00008708    00000018     empty_pem4f.oem4f (.const:ti_sysbios_knl_Task_hooks__A)
                  00008720    00000016     empty_pem4f.oem4f (.const:xdc_runtime_Startup_sfxnRts__A)
                  00008736    00000002     empty_pem4f.oem4f (.const:ti_catalog_arm_cortexm4_tiva_ce_Boot_Module__id__C)
                  00008738    00000014     empty_pem4f.oem4f (.const:xdc_runtime_Startup_firstFxns__A)
                  0000874c    00000008     empty_pem4f.oem4f (.const:ti_sysbios_family_arm_m3_Hwi_excHookFuncs__A)
                  00008754    00000008     empty_pem4f.oem4f (.const:ti_sysbios_knl_Idle_funcList__A)
                  0000875c    00000008     empty_pem4f.oem4f (.const:ti_sysbios_knl_Idle_funcList__C)
                  00008764    00000008     empty_pem4f.oem4f (.const:ti_sysbios_knl_Task_hooks__C)
                  0000876c    00000008     empty_pem4f.oem4f (.const:xdc_runtime_Startup_firstFxns__C)
                  00008774    00000008     empty_pem4f.oem4f (.const:xdc_runtime_Startup_lastFxns__C)
                  0000877c    00000004     empty_pem4f.oem4f (.const:ti_catalog_arm_cortexm4_tiva_ce_Boot_A_mustUseEnhancedClockMode__C)
                  00008780    00000004     empty_pem4f.oem4f (.const:ti_catalog_arm_cortexm4_tiva_ce_Boot_Module__diagsEnabled__C)
                  00008784    00000004     empty_pem4f.oem4f (.const:ti_catalog_arm_cortexm4_tiva_ce_Boot_Module__diagsIncluded__C)
                  00008788    00000004     empty_pem4f.oem4f (.const:ti_catalog_arm_cortexm4_tiva_ce_Boot_Module__diagsMask__C)
                  0000878c    00000004     empty_pem4f.oem4f (.const:ti_sysbios_family_arm_lm4_Timer_enableFunc__C)
                  00008790    00000004     empty_pem4f.oem4f (.const:ti_sysbios_family_arm_lm4_Timer_numTimerDevices__C)
                  00008794    00000004     empty_pem4f.oem4f (.const:ti_sysbios_family_arm_lm4_Timer_startupNeeded__C)
                  00008798    00000004     empty_pem4f.oem4f (.const:ti_sysbios_family_arm_m3_Hwi_E_NMI__C)
                  0000879c    00000004     empty_pem4f.oem4f (.const:ti_sysbios_family_arm_m3_Hwi_E_busFault__C)
                  000087a0    00000004     empty_pem4f.oem4f (.const:ti_sysbios_family_arm_m3_Hwi_E_debugMon__C)
                  000087a4    00000004     empty_pem4f.oem4f (.const:ti_sysbios_family_arm_m3_Hwi_E_hardFault__C)
                  000087a8    00000004     empty_pem4f.oem4f (.const:ti_sysbios_family_arm_m3_Hwi_E_memFault__C)
                  000087ac    00000004     empty_pem4f.oem4f (.const:ti_sysbios_family_arm_m3_Hwi_E_noIsr__C)
                  000087b0    00000004     empty_pem4f.oem4f (.const:ti_sysbios_family_arm_m3_Hwi_E_reserved__C)
                  000087b4    00000004     empty_pem4f.oem4f (.const:ti_sysbios_family_arm_m3_Hwi_E_svCall__C)
                  000087b8    00000004     empty_pem4f.oem4f (.const:ti_sysbios_family_arm_m3_Hwi_E_usageFault__C)
                  000087bc    00000004     empty_pem4f.oem4f (.const:ti_sysbios_family_arm_m3_Hwi_LD_end__C)
                  000087c0    00000004     empty_pem4f.oem4f (.const:ti_sysbios_family_arm_m3_Hwi_LM_begin__C)
                  000087c4    00000004     empty_pem4f.oem4f (.const:ti_sysbios_family_arm_m3_Hwi_Module__diagsEnabled__C)
                  000087c8    00000004     empty_pem4f.oem4f (.const:ti_sysbios_family_arm_m3_Hwi_Module__diagsIncluded__C)
                  000087cc    00000004     empty_pem4f.oem4f (.const:ti_sysbios_family_arm_m3_Hwi_Module__diagsMask__C)
                  000087d0    00000004     empty_pem4f.oem4f (.const:ti_sysbios_family_arm_m3_Hwi_Module__loggerFxn1__C)
                  000087d4    00000004     empty_pem4f.oem4f (.const:ti_sysbios_family_arm_m3_Hwi_Module__loggerFxn8__C)
                  000087d8    00000004     empty_pem4f.oem4f (.const:ti_sysbios_family_arm_m3_Hwi_Module__loggerObj__C)
                  000087dc    00000004     empty_pem4f.oem4f (.const:ti_sysbios_family_arm_m3_Hwi_NUM_INTERRUPTS__C)
                  000087e0    00000004     empty_pem4f.oem4f (.const:ti_sysbios_family_arm_m3_Hwi_Object__count__C)
                  000087e4    00000004     empty_pem4f.oem4f (.const:ti_sysbios_family_arm_m3_Hwi_ccr__C)
                  000087e8    00000004     empty_pem4f.oem4f (.const:ti_sysbios_family_arm_m3_Hwi_excHandlerFunc__C)
                  000087ec    00000004     empty_pem4f.oem4f (.const:ti_sysbios_family_arm_m3_Hwi_excHookFuncs__C)
                  000087f0    00000004     empty_pem4f.oem4f (.const:ti_sysbios_family_arm_m3_Hwi_nullIsrFunc__C)
                  000087f4    00000004     empty_pem4f.oem4f (.const:ti_sysbios_family_arm_m3_Hwi_priGroup__C)
                  000087f8    00000004     empty_pem4f.oem4f (.const:ti_sysbios_gates_GateMutex_A_badContext__C)
                  000087fc    00000004     empty_pem4f.oem4f (.const:ti_sysbios_gates_GateMutex_Instance_State_sem__O)
                  00008800    00000004     empty_pem4f.oem4f (.const:ti_sysbios_gates_GateMutex_Module__diagsEnabled__C)
                  00008804    00000004     empty_pem4f.oem4f (.const:ti_sysbios_gates_GateMutex_Module__diagsIncluded__C)
                  00008808    00000004     empty_pem4f.oem4f (.const:ti_sysbios_gates_GateMutex_Module__diagsMask__C)
                  0000880c    00000004     empty_pem4f.oem4f (.const:ti_sysbios_hal_Hwi_E_stackOverflow__C)
                  00008810    00000004     empty_pem4f.oem4f (.const:ti_sysbios_heaps_HeapMem_Object__count__C)
                  00008814    00000004     empty_pem4f.oem4f (.const:ti_sysbios_knl_Clock_LM_begin__C)
                  00008818    00000004     empty_pem4f.oem4f (.const:ti_sysbios_knl_Clock_LM_tick__C)
                  0000881c    00000004     empty_pem4f.oem4f (.const:ti_sysbios_knl_Clock_LW_delayed__C)
                  00008820    00000004     empty_pem4f.oem4f (.const:ti_sysbios_knl_Clock_Module_State_clockQ__O)
                  00008824    00000004     empty_pem4f.oem4f (.const:ti_sysbios_knl_Clock_Module__diagsEnabled__C)
                  00008828    00000004     empty_pem4f.oem4f (.const:ti_sysbios_knl_Clock_Module__diagsIncluded__C)
                  0000882c    00000004     empty_pem4f.oem4f (.const:ti_sysbios_knl_Clock_Module__diagsMask__C)
                  00008830    00000004     empty_pem4f.oem4f (.const:ti_sysbios_knl_Clock_Module__loggerFxn1__C)
                  00008834    00000004     empty_pem4f.oem4f (.const:ti_sysbios_knl_Clock_Module__loggerFxn2__C)
                  00008838    00000004     empty_pem4f.oem4f (.const:ti_sysbios_knl_Clock_Module__loggerObj__C)
                  0000883c    00000004     empty_pem4f.oem4f (.const:ti_sysbios_knl_Mailbox_Instance_State_freeQue__O)
                  00008840    00000004     empty_pem4f.oem4f (.const:ti_sysbios_knl_Mailbox_Object__count__C)
                  00008844    00000004     empty_pem4f.oem4f (.const:ti_sysbios_knl_Mailbox_maxTypeAlign__C)
                  00008848    00000004     empty_pem4f.oem4f (.const:ti_sysbios_knl_Semaphore_A_badContext__C)
                  0000884c    00000004     empty_pem4f.oem4f (.const:ti_sysbios_knl_Semaphore_A_noEvents__C)
                  00008850    00000004     empty_pem4f.oem4f (.const:ti_sysbios_knl_Semaphore_A_overflow__C)
                  00008854    00000004     empty_pem4f.oem4f (.const:ti_sysbios_knl_Semaphore_A_pendTaskDisabled__C)
                  00008858    00000004     empty_pem4f.oem4f (.const:ti_sysbios_knl_Semaphore_Instance_State_pendQ__O)
                  0000885c    00000004     empty_pem4f.oem4f (.const:ti_sysbios_knl_Semaphore_LM_pend__C)
                  00008860    00000004     empty_pem4f.oem4f (.const:ti_sysbios_knl_Semaphore_LM_post__C)
                  00008864    00000004     empty_pem4f.oem4f (.const:ti_sysbios_knl_Semaphore_Module__diagsEnabled__C)
                  00008868    00000004     empty_pem4f.oem4f (.const:ti_sysbios_knl_Semaphore_Module__diagsIncluded__C)
                  0000886c    00000004     empty_pem4f.oem4f (.const:ti_sysbios_knl_Semaphore_Module__diagsMask__C)
                  00008870    00000004     empty_pem4f.oem4f (.const:ti_sysbios_knl_Semaphore_Module__loggerFxn2__C)
                  00008874    00000004     empty_pem4f.oem4f (.const:ti_sysbios_knl_Semaphore_Module__loggerFxn4__C)
                  00008878    00000004     empty_pem4f.oem4f (.const:ti_sysbios_knl_Semaphore_Module__loggerObj__C)
                  0000887c    00000004     empty_pem4f.oem4f (.const:ti_sysbios_knl_Swi_LD_end__C)
                  00008880    00000004     empty_pem4f.oem4f (.const:ti_sysbios_knl_Swi_LM_begin__C)
                  00008884    00000004     empty_pem4f.oem4f (.const:ti_sysbios_knl_Swi_LM_post__C)
                  00008888    00000004     empty_pem4f.oem4f (.const:ti_sysbios_knl_Swi_Module__diagsEnabled__C)
                  0000888c    00000004     empty_pem4f.oem4f (.const:ti_sysbios_knl_Swi_Module__diagsIncluded__C)
                  00008890    00000004     empty_pem4f.oem4f (.const:ti_sysbios_knl_Swi_Module__diagsMask__C)
                  00008894    00000004     empty_pem4f.oem4f (.const:ti_sysbios_knl_Swi_Module__loggerFxn1__C)
                  00008898    00000004     empty_pem4f.oem4f (.const:ti_sysbios_knl_Swi_Module__loggerFxn4__C)
                  0000889c    00000004     empty_pem4f.oem4f (.const:ti_sysbios_knl_Swi_Module__loggerObj__C)
                  000088a0    00000004     empty_pem4f.oem4f (.const:ti_sysbios_knl_Swi_Object__count__C)
                  000088a4    00000004     empty_pem4f.oem4f (.const:ti_sysbios_knl_Task_E_spOutOfBounds__C)
                  000088a8    00000004     empty_pem4f.oem4f (.const:ti_sysbios_knl_Task_E_stackOverflow__C)
                  000088ac    00000004     empty_pem4f.oem4f (.const:ti_sysbios_knl_Task_LD_block__C)
                  000088b0    00000004     empty_pem4f.oem4f (.const:ti_sysbios_knl_Task_LD_exit__C)
                  000088b4    00000004     empty_pem4f.oem4f (.const:ti_sysbios_knl_Task_LD_ready__C)
                  000088b8    00000004     empty_pem4f.oem4f (.const:ti_sysbios_knl_Task_LM_switch__C)
                  000088bc    00000004     empty_pem4f.oem4f (.const:ti_sysbios_knl_Task_Module_State_inactiveQ__O)
                  000088c0    00000004     empty_pem4f.oem4f (.const:ti_sysbios_knl_Task_Module__diagsEnabled__C)
                  000088c4    00000004     empty_pem4f.oem4f (.const:ti_sysbios_knl_Task_Module__diagsIncluded__C)
                  000088c8    00000004     empty_pem4f.oem4f (.const:ti_sysbios_knl_Task_Module__diagsMask__C)
                  000088cc    00000004     empty_pem4f.oem4f (.const:ti_sysbios_knl_Task_Module__loggerFxn2__C)
                  000088d0    00000004     empty_pem4f.oem4f (.const:ti_sysbios_knl_Task_Module__loggerFxn4__C)
                  000088d4    00000004     empty_pem4f.oem4f (.const:ti_sysbios_knl_Task_Module__loggerObj__C)
                  000088d8    00000004     empty_pem4f.oem4f (.const:ti_sysbios_knl_Task_Object__count__C)
                  000088dc    00000004     empty_pem4f.oem4f (.const:ti_sysbios_knl_Task_Object__heap__C)
                  000088e0    00000004     empty_pem4f.oem4f (.const:ti_sysbios_knl_Task_allBlockedFunc__C)
                  000088e4    00000004     empty_pem4f.oem4f (.const:ti_sysbios_knl_Task_numConstructedTasks__C)
                  000088e8    00000004     empty_pem4f.oem4f (.const:ti_sysbios_utils_Load_LS_cpuLoad__C)
                  000088ec    00000004     empty_pem4f.oem4f (.const:ti_sysbios_utils_Load_LS_taskLoad__C)
                  000088f0    00000004     empty_pem4f.oem4f (.const:ti_sysbios_utils_Load_Module_State_taskList__O)
                  000088f4    00000004     empty_pem4f.oem4f (.const:ti_sysbios_utils_Load_Module__diagsEnabled__C)
                  000088f8    00000004     empty_pem4f.oem4f (.const:ti_sysbios_utils_Load_Module__diagsIncluded__C)
                  000088fc    00000004     empty_pem4f.oem4f (.const:ti_sysbios_utils_Load_Module__diagsMask__C)
                  00008900    00000004     empty_pem4f.oem4f (.const:ti_sysbios_utils_Load_Module__loggerFxn1__C)
                  00008904    00000004     empty_pem4f.oem4f (.const:ti_sysbios_utils_Load_Module__loggerFxn4__C)
                  00008908    00000004     empty_pem4f.oem4f (.const:ti_sysbios_utils_Load_Module__loggerObj__C)
                  0000890c    00000004     empty_pem4f.oem4f (.const:ti_sysbios_utils_Load_postUpdate__C)
                  00008910    00000004     empty_pem4f.oem4f (.const:ti_sysbios_utils_Load_windowInMs__C)
                  00008914    00000004     empty_pem4f.oem4f (.const:ti_uia_loggers_LoggerStopMode_Module__diagsEnabled__C)
                  00008918    00000004     empty_pem4f.oem4f (.const:ti_uia_loggers_LoggerStopMode_Module__diagsIncluded__C)
                  0000891c    00000004     empty_pem4f.oem4f (.const:ti_uia_loggers_LoggerStopMode_Module__diagsMask__C)
                  00008920    00000004     empty_pem4f.oem4f (.const:ti_uia_loggers_LoggerStopMode_Object__count__C)
                  00008924    00000004     empty_pem4f.oem4f (.const:ti_uia_runtime_ILoggerSnapshot_Interface__BASE__C)
                  00008928    00000004     empty_pem4f.oem4f (.const:ti_uia_runtime_IUIATransfer_Interface__BASE__C)
                  0000892c    00000004     empty_pem4f.oem4f (.const:xdc_runtime_Assert_E_assertFailed__C)
                  00008930    00000004     empty_pem4f.oem4f (.const:xdc_runtime_Core_A_initializedParams__C)
                  00008934    00000004     empty_pem4f.oem4f (.const:xdc_runtime_Core_Module__diagsEnabled__C)
                  00008938    00000004     empty_pem4f.oem4f (.const:xdc_runtime_Core_Module__diagsIncluded__C)
                  0000893c    00000004     empty_pem4f.oem4f (.const:xdc_runtime_Core_Module__diagsMask__C)
                  00008940    00000004     empty_pem4f.oem4f (.const:xdc_runtime_Error_E_memory__C)
                  00008944    00000004     empty_pem4f.oem4f (.const:xdc_runtime_Error_Module__diagsEnabled__C)
                  00008948    00000004     empty_pem4f.oem4f (.const:xdc_runtime_Error_Module__diagsIncluded__C)
                  0000894c    00000004     empty_pem4f.oem4f (.const:xdc_runtime_Error_Module__diagsMask__C)
                  00008950    00000004     empty_pem4f.oem4f (.const:xdc_runtime_Error_Module__loggerFxn8__C)
                  00008954    00000004     empty_pem4f.oem4f (.const:xdc_runtime_Error_Module__loggerObj__C)
                  00008958    00000004     empty_pem4f.oem4f (.const:xdc_runtime_Error_policyFxn__C)
                  0000895c    00000004     empty_pem4f.oem4f (.const:xdc_runtime_Error_raiseHook__C)
                  00008960    00000004     empty_pem4f.oem4f (.const:xdc_runtime_HeapStd_A_align__C)
                  00008964    00000004     empty_pem4f.oem4f (.const:xdc_runtime_HeapStd_A_invalidTotalFreeSize__C)
                  00008968    00000004     empty_pem4f.oem4f (.const:xdc_runtime_HeapStd_A_zeroSize__C)
                  0000896c    00000004     empty_pem4f.oem4f (.const:xdc_runtime_HeapStd_E_noRTSMemory__C)
                  00008970    00000004     empty_pem4f.oem4f (.const:xdc_runtime_HeapStd_Module__diagsEnabled__C)
                  00008974    00000004     empty_pem4f.oem4f (.const:xdc_runtime_HeapStd_Module__diagsIncluded__C)
                  00008978    00000004     empty_pem4f.oem4f (.const:xdc_runtime_HeapStd_Module__diagsMask__C)
                  0000897c    00000004     empty_pem4f.oem4f (.const:xdc_runtime_IFilterLogger_Interface__BASE__C)
                  00008980    00000004     empty_pem4f.oem4f (.const:xdc_runtime_IGateProvider_Interface__BASE__C)
                  00008984    00000004     empty_pem4f.oem4f (.const:xdc_runtime_IHeap_Interface__BASE__C)
                  00008988    00000004     empty_pem4f.oem4f (.const:xdc_runtime_ILogger_Interface__BASE__C)
                  0000898c    00000004     empty_pem4f.oem4f (.const:xdc_runtime_IModule_Interface__BASE__C)
                  00008990    00000004     empty_pem4f.oem4f (.const:xdc_runtime_Log_L_error__C)
                  00008994    00000004     empty_pem4f.oem4f (.const:xdc_runtime_Log_L_info__C)
                  00008998    00000004     empty_pem4f.oem4f (.const:xdc_runtime_Main_Module__diagsEnabled__C)
                  0000899c    00000004     empty_pem4f.oem4f (.const:xdc_runtime_Main_Module__diagsIncluded__C)
                  000089a0    00000004     empty_pem4f.oem4f (.const:xdc_runtime_Main_Module__diagsMask__C)
                  000089a4    00000004     empty_pem4f.oem4f (.const:xdc_runtime_Main_Module__loggerFxn4__C)
                  000089a8    00000004     empty_pem4f.oem4f (.const:xdc_runtime_Main_Module__loggerObj__C)
                  000089ac    00000004     empty_pem4f.oem4f (.const:xdc_runtime_Memory_defaultHeapInstance__C)
                  000089b0    00000004     empty_pem4f.oem4f (.const:xdc_runtime_Startup_execImpl__C)
                  000089b4    00000004     empty_pem4f.oem4f (.const:xdc_runtime_Startup_lastFxns__A)
                  000089b8    00000004     empty_pem4f.oem4f (.const:xdc_runtime_Startup_maxPasses__C)
                  000089bc    00000004     empty_pem4f.oem4f (.const:xdc_runtime_Startup_sfxnRts__C)
                  000089c0    00000004     empty_pem4f.oem4f (.const:xdc_runtime_Startup_sfxnTab__C)
                  000089c4    00000004     empty_pem4f.oem4f (.const:xdc_runtime_SysMin_bufSize__C)
                  000089c8    00000004     empty_pem4f.oem4f (.const:xdc_runtime_SysMin_outputFunc__C)
                  000089cc    00000004     empty_pem4f.oem4f (.const:xdc_runtime_System_Module__gateObj__C)
                  000089d0    00000004     empty_pem4f.oem4f (.const:xdc_runtime_System_abortFxn__C)
                  000089d4    00000004     empty_pem4f.oem4f (.const:xdc_runtime_System_exitFxn__C)
                  000089d8    00000004     empty_pem4f.oem4f (.const:xdc_runtime_System_extendFxn__C)
                  000089dc    00000004     empty_pem4f.oem4f (.const:xdc_runtime_System_maxAtexitHandlers__C)
                  000089e0    00000004     empty_pem4f.oem4f (.const:xdc_runtime_Text_charTab__C)
                  000089e4    00000004     empty_pem4f.oem4f (.const:xdc_runtime_Text_nameEmpty__C)
                  000089e8    00000004     empty_pem4f.oem4f (.const:xdc_runtime_Text_nameStatic__C)
                  000089ec    00000004     empty_pem4f.oem4f (.const:xdc_runtime_Text_nameUnknown__C)
                  000089f0    00000004     empty_pem4f.oem4f (.const:xdc_runtime_Text_nodeTab__C)
                  000089f4    00000004     empty_pem4f.oem4f (.const:xdc_runtime_Text_visitRopeFxn__C)
                  000089f8    00000002     empty_pem4f.oem4f (.const:ti_sysbios_family_arm_lm4_TimestampProvider_useClockTimer__C)
                  000089fa    00000002     empty_pem4f.oem4f (.const:ti_sysbios_family_arm_m3_Hwi_Module__id__C)
                  000089fc    00000002     empty_pem4f.oem4f (.const:ti_sysbios_family_arm_m3_Hwi_Module__loggerDefined__C)
                  000089fe    00000002     empty_pem4f.oem4f (.const:ti_sysbios_gates_GateMutex_Module__id__C)
                  00008a00    00000002     empty_pem4f.oem4f (.const:ti_sysbios_hal_Hwi_Module__id__C)
                  00008a02    00000002     empty_pem4f.oem4f (.const:ti_sysbios_knl_Clock_Module__id__C)
                  00008a04    00000002     empty_pem4f.oem4f (.const:ti_sysbios_knl_Clock_Module__loggerDefined__C)
                  00008a06    00000002     empty_pem4f.oem4f (.const:ti_sysbios_knl_Semaphore_Module__id__C)
                  00008a08    00000002     empty_pem4f.oem4f (.const:ti_sysbios_knl_Semaphore_Module__loggerDefined__C)
                  00008a0a    00000002     empty_pem4f.oem4f (.const:ti_sysbios_knl_Swi_Module__id__C)
                  00008a0c    00000002     empty_pem4f.oem4f (.const:ti_sysbios_knl_Swi_Module__loggerDefined__C)
                  00008a0e    00000002     empty_pem4f.oem4f (.const:ti_sysbios_knl_Task_Module__id__C)
                  00008a10    00000002     empty_pem4f.oem4f (.const:ti_sysbios_knl_Task_Module__loggerDefined__C)
                  00008a12    00000002     empty_pem4f.oem4f (.const:ti_sysbios_utils_Load_Module__id__C)
                  00008a14    00000002     empty_pem4f.oem4f (.const:ti_sysbios_utils_Load_Module__loggerDefined__C)
                  00008a16    00000002     empty_pem4f.oem4f (.const:ti_sysbios_utils_Load_autoAddTasks__C)
                  00008a18    00000002     empty_pem4f.oem4f (.const:ti_sysbios_utils_Load_updateInIdle__C)
                  00008a1a    00000002     empty_pem4f.oem4f (.const:ti_uia_loggers_LoggerStopMode_Module__id__C)
                  00008a1c    00000002     empty_pem4f.oem4f (.const:ti_uia_loggers_LoggerStopMode_isTimestampEnabled__C)
                  00008a1e    00000002     empty_pem4f.oem4f (.const:xdc_runtime_Core_Module__id__C)
                  00008a20    00000002     empty_pem4f.oem4f (.const:xdc_runtime_Error_Module__loggerDefined__C)
                  00008a22    00000002     empty_pem4f.oem4f (.const:xdc_runtime_Error_maxDepth__C)
                  00008a24    00000002     empty_pem4f.oem4f (.const:xdc_runtime_HeapStd_Module__id__C)
                  00008a26    00000002     empty_pem4f.oem4f (.const:xdc_runtime_Main_Module__id__C)
                  00008a28    00000002     empty_pem4f.oem4f (.const:xdc_runtime_Main_Module__loggerDefined__C)
                  00008a2a    00000002     empty_pem4f.oem4f (.const:xdc_runtime_Memory_Module__id__C)
                  00008a2c    00000002     empty_pem4f.oem4f (.const:xdc_runtime_SysMin_flushAtExit__C)
                  00008a2e    00000002     empty_pem4f.oem4f (.const:xdc_runtime_Text_charCnt__C)
                  00008a30    00000002     empty_pem4f.oem4f (.const:xdc_runtime_Text_isLoaded__C)
                  00008a32    00000002     empty_pem4f.oem4f (.const:xdc_runtime_Text_registryModsLastId__C)
                  00008a34    00000002     empty_pem4f.oem4f (.const:xdc_runtime_Text_unnamedModsLastId__C)
                  00008a36    00000001     empty_pem4f.oem4f (.const:xdc_runtime_Error_policy__C)

.cinit     0    00008a38    00000308     
                  00008a38    000002d0     (.cinit..data.load) [load image, compression = lzss]
                  00008d08    0000000c     (__TI_handler_table)
                  00008d14    00000004     --HOLE-- [fill = 0]
                  00008d18    00000008     (.cinit..bss.load) [load image, compression = zero_init]
                  00008d20    00000008     (.cinit..vecs.load) [load image, compression = zero_init]
                  00008d28    00000018     (__TI_cinit_table)

.bss       0    20000380    00002c30     UNINITIALIZED
                  20000380    00001800     empty_pem4f.oem4f (.bss:taskStackSection)
                  20001b80    00000400     (.common:ti_uia_loggers_LoggerStopMode_Instance_State_1_packetArray__A)
                  20001f80    00000400     (.common:ti_uia_loggers_LoggerStopMode_Instance_State_2_packetArray__A)
                  20002380    00000400     (.common:xdc_runtime_SysMin_Module_State_0_outbuf__A)
                  20002780    00000360     (.common:ti_sysbios_family_arm_m3_Hwi_dispatchTable)
                  20002ae0    00000010     (.common:ti_sysbios_knl_Mailbox_Instance_State_0_allocBuf__A)
                  20002af0    00000008     (.common:parmbuf)
                  20002af8    00000004     (.common:ti_sysbios_knl_Task_Instance_State_0_hookEnv__A)
                  20002afc    00000004     (.common:ti_sysbios_knl_Task_Instance_State_1_hookEnv__A)
                  20002b00    00000200     (.common:ti_uia_loggers_LoggerStopMode_Instance_State_0_packetArray__A)
                  20002d00    00000120     rtsv7M4_T_le_v4SPD16_eabi.lib : trgmsg.c.obj (.bss:_CIOBUF_)
                  20002e20    00000004     (.common:ti_sysbios_knl_Task_Instance_State_2_hookEnv__A)
                  20002e24    0000005c     --HOLE--
                  20002e80    00000030     (.common:ti_uia_loggers_LoggerStopMode_Instance_State_0_hdr__A)
                  20002eb0    00000050     --HOLE--
                  20002f00    00000030     (.common:ti_uia_loggers_LoggerStopMode_Instance_State_1_hdr__A)
                  20002f30    00000050     --HOLE--
                  20002f80    00000030     (.common:ti_uia_loggers_LoggerStopMode_Instance_State_2_hdr__A)

.data      0    20002fb0    00000744     UNINITIALIZED
                  20002fb0    000000f0     empty_pem4f.oem4f (.data:ti_sysbios_knl_Task_Object__table__V)
                  200030a0    0000009c     empty_pem4f.oem4f (.data:ti_uia_loggers_LoggerStopMode_Object__table__V)
                  2000313c    00000098     empty_pem4f.oem4f (.data:ti_sysbios_utils_Load_Module__state__V)
                  200031d4    00000080     empty_pem4f.oem4f (.data:ti_sysbios_family_arm_lm4_Timer_Object__table__V)
                  20003254    00000080     empty_pem4f.oem4f (.data:ti_sysbios_knl_Swi_Module_State_0_readyQ__A)
                  200032d4    00000080     empty_pem4f.oem4f (.data:ti_sysbios_knl_Task_Module_State_0_readyQ__A)
                  20003354    00000054     empty_pem4f.oem4f (.data:ti_sysbios_utils_Load_Module_State_0_taskEnv__A)
                  200033a8    00000050     empty_pem4f.oem4f (.data:ti_sysbios_knl_Mailbox_Object__table__V)
                  200033f8    00000048     empty_pem4f.oem4f (.data:ti_sysbios_family_arm_m3_Hwi_Object__table__V)
                  20003440    00000044     empty_pem4f.oem4f (.data:ti_sysbios_knl_Task_Module__state__V)
                  20003484    00000038     empty_pem4f.oem4f (.data:ti_sysbios_gates_GateMutex_Object__table__V)
                  200034bc    00000034     empty_pem4f.oem4f (.data:ti_sysbios_family_arm_m3_Hwi_Module__state__V)
                  200034f0    00000030     empty_pem4f.oem4f (.data:ti_sysbios_family_arm_lm4_Timer_Module_State_0_device__A)
                  20003520    00000030     empty_pem4f.oem4f (.data:ti_sysbios_knl_Swi_Object__table__V)
                  20003550    0000002c     empty_pem4f.oem4f (.data:ti_sysbios_knl_Clock_Module__state__V)
                  2000357c    00000028     empty_pem4f.oem4f (.data:ti_sysbios_knl_Semaphore_Object__table__V)
                  200035a4    00000024     empty_pem4f.oem4f (.data:ti_sysbios_BIOS_Module__state__V)
                  200035c8    00000020     empty_pem4f.oem4f (.data:xdc_runtime_System_Module_State_0_atexitHandlers__A)
                  200035e8    0000001c     empty_pem4f.oem4f (.data:ti_sysbios_knl_Swi_Module__state__V)
                  20003604    00000018     empty_pem4f.oem4f (.data:ti_sysbios_family_arm_lm4_Timer_Module_State_0_handles__A)
                  2000361c    0000000c     empty_pem4f.oem4f (.data:ti_sysbios_family_arm_lm4_Timer_Module__state__V)
                  20003628    0000000c     empty_pem4f.oem4f (.data:ti_sysbios_knl_Task_Module__root__V)
                  20003634    0000000c     empty_pem4f.oem4f (.data:ti_uia_runtime_QueueDescriptor_Module__state__V)
                  20003640    0000000c     empty_pem4f.oem4f (.data:xdc_runtime_HeapStd_Object__table__V)
                  2000364c    0000000c     empty_pem4f.oem4f (.data:xdc_runtime_SysMin_Module__state__V)
                  20003658    00000008     rtsv7M4_T_le_v4SPD16_eabi.lib : _lock.c.obj (.data:$O1$$)
                  20003660    00000008     ti.uia.runtime.aem4f : QueueDescriptor.oem4f (.data)
                  20003668    00000008     empty_pem4f.oem4f (.data:ti_sysbios_family_arm_lm4_TimestampProvider_Module__state__V)
                  20003670    00000008     empty_pem4f.oem4f (.data:ti_sysbios_gates_GateHwi_Module__root__V)
                  20003678    00000008     empty_pem4f.oem4f (.data:ti_sysbios_gates_GateMutex_Module__root__V)
                  20003680    00000008     empty_pem4f.oem4f (.data:ti_sysbios_hal_Hwi_Object__table__V)
                  20003688    00000008     empty_pem4f.oem4f (.data:ti_sysbios_knl_Queue_Module__root__V)
                  20003690    00000008     empty_pem4f.oem4f (.data:ti_sysbios_knl_Queue_Object__table__V)
                  20003698    00000008     empty_pem4f.oem4f (.data:ti_sysbios_knl_Semaphore_Module__root__V)
                  200036a0    00000008     empty_pem4f.oem4f (.data:ti_uia_loggers_LoggerStopMode_Module__root__V)
                  200036a8    00000008     empty_pem4f.oem4f (.data:xdc_runtime_HeapStd_Module__root__V)
                  200036b0    00000008     empty_pem4f.oem4f (.data:xdc_runtime_Registry_Module__state__V)
                  200036b8    00000008     empty_pem4f.oem4f (.data:xdc_runtime_Startup_Module__state__V)
                  200036c0    00000008     empty_pem4f.oem4f (.data:xdc_runtime_System_Module__state__V)
                  200036c8    00000004     rtsv7M4_T_le_v4SPD16_eabi.lib : stkdepth_vars.c.obj (.data)
                  200036cc    00000004     empty_pem4f.oem4f (.data:ti_sysbios_family_arm_m3_Hwi_Module_State_0_excContext__A)
                  200036d0    00000004     empty_pem4f.oem4f (.data:ti_sysbios_family_arm_m3_Hwi_Module_State_0_excStack__A)
                  200036d4    00000004     empty_pem4f.oem4f (.data:ti_sysbios_gates_GateHwi_Object__table__V)
                  200036d8    00000004     empty_pem4f.oem4f (.data:ti_sysbios_knl_Task_Module_State_0_idleTask__A)
                  200036dc    00000004     empty_pem4f.oem4f (.data:ti_sysbios_utils_Load_Module_State_0_runningTask__A)
                  200036e0    00000004     empty_pem4f.oem4f (.data:ti_sysbios_utils_Load_Module_State_0_taskStartTime__A)
                  200036e4    00000004     empty_pem4f.oem4f (.data:xdc_runtime_HeapStd_Module__state__V)
                  200036e8    00000004     empty_pem4f.oem4f (.data:xdc_runtime_Memory_Module__state__V)
                  200036ec    00000002     main.obj (.data)
                  200036ee    00000002     empty_pem4f.oem4f (.data:ti_sysbios_family_arm_m3_Hwi_Module_State_0_excActive__A)
                  200036f0    00000002     empty_pem4f.oem4f (.data:xdc_runtime_Error_Module__state__V)
                  200036f2    00000002     empty_pem4f.oem4f (.data:xdc_runtime_Main_Module__root__V)

.stack     0    200036f8    00000400     UNINITIALIZED
                  200036f8    00000400     --HOLE--

.bootVecs 
*          0    00000000    00000008     DSECT
                  00000000    00000008     boot.aem4f : boot.oem4f (.bootVecs)

.vecs      0    20000000    00000360     UNINITIALIZED
                  20000000    00000360     empty_pem4f.oem4f (.vecs)

xdc.meta   0    00000000    00000105     COPY SECTION
                  00000000    00000105     empty_pem4f.oem4f (xdc.meta)

MODULE SUMMARY

       Module                       code    ro data   rw data
       ------                       ----    -------   -------
    .\
       main.obj                     452     0         2      
    +--+----------------------------+-------+---------+---------+
       Total:                       452     0         2      
                                                             
    C:\Users\Nathan\Desktop\School\CPE403\WorkSpaceTM4C123G\blink_TM4C_MBX_QUEUE\Debug\configPkg\package\cfg\
       empty_pem4f.oem4f            3138    10067     13466  
    +--+----------------------------+-------+---------+---------+
       Total:                       3138    10067     13466  
                                                             
    C:/ti/tirtos_tivac_2_16_00_08/products/TivaWare_C_Series-2.1.1.71b/driverlib/ccs/Debug/driverlib.lib
       sysctl.obj                   566     108       0      
       gpio.obj                     376     0         0      
       timer.obj                    140     0         0      
    +--+----------------------------+-------+---------+---------+
       Total:                       1082    108       0      
                                                             
    C:\Users\Nathan\Desktop\School\CPE403\WorkSpaceTM4C123G\blink_TM4C_MBX_QUEUE\src\sysbios\sysbios.aem4f
       BIOS.obj                     12884   0         0      
       m3_Hwi_asm.obj               314     0         0      
       m3_TaskSupport_asm.obj       180     0         0      
       m3_Hwi_asm_switch.obj        118     0         0      
    +--+----------------------------+-------+---------+---------+
       Total:                       13496   0         0      
                                                             
    C:\ti\ccs910\ccs\tools\compiler\ti-cgt-arm_18.12.3.LTS\lib\rtsv7M4_T_le_v4SPD16_eabi.lib
       trgmsg.c.obj                 108     0         288    
       memcpy_t2.asm.obj            156     0         0      
       memset_t2.asm.obj            122     0         0      
       copy_decompress_lzss.c.obj   104     0         0      
       hostwrite.c.obj              88      0         0      
       cpy_tbl.c.obj                76      0         0      
       u_divt2.asm.obj              64      0         0      
       _lock.c.obj                  26      0         8      
       args_main.c.obj              24      0         0      
       strlen.c.obj                 20      0         0      
       copy_decompress_none.c.obj   14      0         0      
       copy_zero_init.c.obj         12      0         0      
       hostopen.c.obj               0       0         8      
       exit.c.obj                   4       0         0      
       stkdepth_vars.c.obj          0       0         4      
       div0.asm.obj                 2       0         0      
    +--+----------------------------+-------+---------+---------+
       Total:                       820     0         308    
                                                             
    C:\ti\tirtos_tivac_2_16_00_08\products\bios_6_45_01_29\packages\ti\catalog\arm\cortexm4\tiva\ce\lib\Boot.aem4f
       Boot_sysctl.oem4f            262     0         0      
       Boot.oem4f                   152     0         0      
    +--+----------------------------+-------+---------+---------+
       Total:                       414     0         0      
                                                             
    C:\ti\tirtos_tivac_2_16_00_08\products\bios_6_45_01_29\packages\ti\targets\arm\rtsarm\lib\auto_init.aem4f
       auto_init.oem4f              160     0         0      
    +--+----------------------------+-------+---------+---------+
       Total:                       160     0         0      
                                                             
    C:\ti\tirtos_tivac_2_16_00_08\products\bios_6_45_01_29\packages\ti\targets\arm\rtsarm\lib\boot.aem4f
       boot.oem4f                   88      0         0      
    +--+----------------------------+-------+---------+---------+
       Total:                       88      0         0      
                                                             
    C:\ti\tirtos_tivac_2_16_00_08\products\bios_6_45_01_29\packages\ti\targets\arm\rtsarm\lib\ti.targets.arm.rtsarm.aem4f
       System.oem4f                 1255    0         0      
       HeapStd.oem4f                714     0         0      
       Text.oem4f                   672     0         0      
       Error.oem4f                  524     0         0      
       Core-mem.oem4f               358     0         0      
       Startup.oem4f                328     0         0      
       SysMin.oem4f                 248     0         0      
       Core-smem.oem4f              204     0         0      
       Memory.oem4f                 176     0         0      
       Assert.oem4f                 84      0         0      
       Core-params.oem4f            70      0         0      
       Core-label.oem4f             52      0         0      
       Registry.oem4f               32      0         0      
       Gate.oem4f                   28      0         0      
    +--+----------------------------+-------+---------+---------+
       Total:                       4745    0         0      
                                                             
    C:\ti\tirtos_tivac_2_16_00_08\products\uia_2_00_05_50\packages\ti\uia\loggers\lib\release\ti.uia.loggers.aem4f
       LoggerStopMode.oem4f         552     0         0      
    +--+----------------------------+-------+---------+---------+
       Total:                       552     0         0      
                                                             
    C:\ti\tirtos_tivac_2_16_00_08\products\uia_2_00_05_50\packages\ti\uia\runtime\lib\release\ti.uia.runtime.aem4f
       QueueDescriptor.oem4f        116     0         8      
    +--+----------------------------+-------+---------+---------+
       Total:                       116     0         8      
                                                             
       Stack:                       0       0         1024   
       Linker Generated:            0       772       0      
    +--+----------------------------+-------+---------+---------+
       Grand Total:                 25063   10947     14808  


LINKER GENERATED COPY TABLES

__TI_cinit_table @ 00008d28 records: 3, size/record: 8, table size: 24
	.data: load addr=00008a38, load size=000002d0 bytes, run addr=20002fb0, run size=00000744 bytes, compression=lzss
	.bss: load addr=00008d18, load size=00000008 bytes, run addr=20000380, run size=00002c30 bytes, compression=zero_init
	.vecs: load addr=00008d20, load size=00000008 bytes, run addr=20000000, run size=00000360 bytes, compression=zero_init


LINKER GENERATED HANDLER TABLE

__TI_handler_table @ 00008d08 records: 3, size/record: 4, table size: 12
	index: 0, handler: __TI_decompress_lzss
	index: 1, handler: __TI_decompress_none
	index: 2, handler: __TI_zero_init


GLOBAL SYMBOLS: SORTED ALPHABETICALLY BY Name 

address   name                                                              
-------   ----                                                              
00000add  C$$EXIT                                                           
0000534b  C$$IO$$                                                           
00005849  GPIODirModeSet                                                    
00001a19  GPIOPadConfigSet                                                  
00005dff  GPIOPinTypeGPIOOutput                                             
000055db  GPIOPinWrite                                                      
00004ac1  HOSTwrite                                                         
00008694  LED_Mbx                                                           
00008698  LED_Queue                                                         
0000869c  QueSem                                                            
UNDEFED   SHT$$INIT_ARRAY$$Base                                             
UNDEFED   SHT$$INIT_ARRAY$$Limit                                            
00001e91  SysCtlClockGet                                                    
00002979  SysCtlClockSet                                                    
00005fc3  SysCtlDelay                                                       
[...]
000087d0  ti_sysbios_family_arm_m3_Hwi_Module__loggerFxn1__C                
000087d4  ti_sysbios_family_arm_m3_Hwi_Module__loggerFxn8__C                
000087d8  ti_sysbios_family_arm_m3_Hwi_Module__loggerObj__C                 
000087dc  ti_sysbios_family_arm_m3_Hwi_NUM_INTERRUPTS__C                    
000087e0  ti_sysbios_family_arm_m3_Hwi_Object__count__C                     
000087e4  ti_sysbios_family_arm_m3_Hwi_ccr__C                               
000087e8  ti_sysbios_family_arm_m3_Hwi_excHandlerFunc__C                    
000087ec  ti_sysbios_family_arm_m3_Hwi_excHookFuncs__C                      
000087f0  ti_sysbios_family_arm_m3_Hwi_nullIsrFunc__C                       
000087f4  ti_sysbios_family_arm_m3_Hwi_priGroup__C                          
000087f8  ti_sysbios_gates_GateMutex_A_badContext__C                        
000087fc  ti_sysbios_gates_GateMutex_Instance_State_sem__O                  
00008800  ti_sysbios_gates_GateMutex_Module__diagsEnabled__C                
00008804  ti_sysbios_gates_GateMutex_Module__diagsIncluded__C               
00008808  ti_sysbios_gates_GateMutex_Module__diagsMask__C                   
0000880c  ti_sysbios_hal_Hwi_E_stackOverflow__C                             
00008810  ti_sysbios_heaps_HeapMem_Object__count__C                         
00008814  ti_sysbios_knl_Clock_LM_begin__C                                  
00008818  ti_sysbios_knl_Clock_LM_tick__C                                   
0000881c  ti_sysbios_knl_Clock_LW_delayed__C                                
00008820  ti_sysbios_knl_Clock_Module_State_clockQ__O                       
00008824  ti_sysbios_knl_Clock_Module__diagsEnabled__C                      
00008828  ti_sysbios_knl_Clock_Module__diagsIncluded__C                     
0000882c  ti_sysbios_knl_Clock_Module__diagsMask__C                         
00008830  ti_sysbios_knl_Clock_Module__loggerFxn1__C                        
00008834  ti_sysbios_knl_Clock_Module__loggerFxn2__C                        
00008838  ti_sysbios_knl_Clock_Module__loggerObj__C                         
0000883c  ti_sysbios_knl_Mailbox_Instance_State_freeQue__O                  
00008840  ti_sysbios_knl_Mailbox_Object__count__C                           
00008844  ti_sysbios_knl_Mailbox_maxTypeAlign__C                            
00008848  ti_sysbios_knl_Semaphore_A_badContext__C                          
0000884c  ti_sysbios_knl_Semaphore_A_noEvents__C                            
00008850  ti_sysbios_knl_Semaphore_A_overflow__C                            
00008854  ti_sysbios_knl_Semaphore_A_pendTaskDisabled__C                    
00008858  ti_sysbios_knl_Semaphore_Instance_State_pendQ__O                  
0000885c  ti_sysbios_knl_Semaphore_LM_pend__C                               
00008860  ti_sysbios_knl_Semaphore_LM_post__C                               
00008864  ti_sysbios_knl_Semaphore_Module__diagsEnabled__C                  
00008868  ti_sysbios_knl_Semaphore_Module__diagsIncluded__C                 
0000886c  ti_sysbios_knl_Semaphore_Module__diagsMask__C                     
00008870  ti_sysbios_knl_Semaphore_Module__loggerFxn2__C                    
00008874  ti_sysbios_knl_Semaphore_Module__loggerFxn4__C                    
00008878  ti_sysbios_knl_Semaphore_Module__loggerObj__C                     
0000887c  ti_sysbios_knl_Swi_LD_end__C                                      
00008880  ti_sysbios_knl_Swi_LM_begin__C                                    
00008884  ti_sysbios_knl_Swi_LM_post__C                                     
00008888  ti_sysbios_knl_Swi_Module__diagsEnabled__C                        
0000888c  ti_sysbios_knl_Swi_Module__diagsIncluded__C                       
00008890  ti_sysbios_knl_Swi_Module__diagsMask__C                           
00008894  ti_sysbios_knl_Swi_Module__loggerFxn1__C                          
00008898  ti_sysbios_knl_Swi_Module__loggerFxn4__C                          
0000889c  ti_sysbios_knl_Swi_Module__loggerObj__C                           
000088a0  ti_sysbios_knl_Swi_Object__count__C                               
000088a4  ti_sysbios_knl_Task_E_spOutOfBounds__C                            
000088a8  ti_sysbios_knl_Task_E_stackOverflow__C                            
000088ac  ti_sysbios_knl_Task_LD_block__C                                   
000088b0  ti_sysbios_knl_Task_LD_exit__C                                    
000088b4  ti_sysbios_knl_Task_LD_ready__C                                   
000088b8  ti_sysbios_knl_Task_LM_switch__C                                  
000088bc  ti_sysbios_knl_Task_Module_State_inactiveQ__O                     
000088c0  ti_sysbios_knl_Task_Module__diagsEnabled__C                       
000088c4  ti_sysbios_knl_Task_Module__diagsIncluded__C                      
000088c8  ti_sysbios_knl_Task_Module__diagsMask__C                          
000088cc  ti_sysbios_knl_Task_Module__loggerFxn2__C                         
000088d0  ti_sysbios_knl_Task_Module__loggerFxn4__C                         
000088d4  ti_sysbios_knl_Task_Module__loggerObj__C                          
000088d8  ti_sysbios_knl_Task_Object__count__C                              
000088dc  ti_sysbios_knl_Task_Object__heap__C                               
000088e0  ti_sysbios_knl_Task_allBlockedFunc__C                             
000088e4  ti_sysbios_knl_Task_numConstructedTasks__C                        
000088e8  ti_sysbios_utils_Load_LS_cpuLoad__C                               
000088ec  ti_sysbios_utils_Load_LS_taskLoad__C                              
000088f0  ti_sysbios_utils_Load_Module_State_taskList__O                    
000088f4  ti_sysbios_utils_Load_Module__diagsEnabled__C                     
000088f8  ti_sysbios_utils_Load_Module__diagsIncluded__C                    
000088fc  ti_sysbios_utils_Load_Module__diagsMask__C                        
00008900  ti_sysbios_utils_Load_Module__loggerFxn1__C                       
00008904  ti_sysbios_utils_Load_Module__loggerFxn4__C                       
00008908  ti_sysbios_utils_Load_Module__loggerObj__C                        
0000890c  ti_sysbios_utils_Load_postUpdate__C                               
00008910  ti_sysbios_utils_Load_windowInMs__C                               
00008914  ti_uia_loggers_LoggerStopMode_Module__diagsEnabled__C             
00008918  ti_uia_loggers_LoggerStopMode_Module__diagsIncluded__C            
0000891c  ti_uia_loggers_LoggerStopMode_Module__diagsMask__C                
00008920  ti_uia_loggers_LoggerStopMode_Object__count__C                    
00008924  ti_uia_runtime_ILoggerSnapshot_Interface__BASE__C                 
00008928  ti_uia_runtime_IUIATransfer_Interface__BASE__C                    
0000892c  xdc_runtime_Assert_E_assertFailed__C                              
00008930  xdc_runtime_Core_A_initializedParams__C                           
00008934  xdc_runtime_Core_Module__diagsEnabled__C                          
00008938  xdc_runtime_Core_Module__diagsIncluded__C                         
0000893c  xdc_runtime_Core_Module__diagsMask__C                             
00008940  xdc_runtime_Error_E_memory__C                                     
00008944  xdc_runtime_Error_Module__diagsEnabled__C                         
00008948  xdc_runtime_Error_Module__diagsIncluded__C                        
0000894c  xdc_runtime_Error_Module__diagsMask__C                            
00008950  xdc_runtime_Error_Module__loggerFxn8__C                           
00008954  xdc_runtime_Error_Module__loggerObj__C                            
00008958  xdc_runtime_Error_policyFxn__C                                    
0000895c  xdc_runtime_Error_raiseHook__C                                    
00008960  xdc_runtime_HeapStd_A_align__C                                    
00008964  xdc_runtime_HeapStd_A_invalidTotalFreeSize__C                     
00008968  xdc_runtime_HeapStd_A_zeroSize__C                                 
0000896c  xdc_runtime_HeapStd_E_noRTSMemory__C                              
00008970  xdc_runtime_HeapStd_Module__diagsEnabled__C                       
00008974  xdc_runtime_HeapStd_Module__diagsIncluded__C                      
00008978  xdc_runtime_HeapStd_Module__diagsMask__C                          
0000897c  xdc_runtime_IFilterLogger_Interface__BASE__C                      
00008980  xdc_runtime_IGateProvider_Interface__BASE__C                      
00008984  xdc_runtime_IHeap_Interface__BASE__C                              
00008988  xdc_runtime_ILogger_Interface__BASE__C                            
0000898c  xdc_runtime_IModule_Interface__BASE__C                            
00008990  xdc_runtime_Log_L_error__C                                        
00008994  xdc_runtime_Log_L_info__C                                         
00008998  xdc_runtime_Main_Module__diagsEnabled__C                          
0000899c  xdc_runtime_Main_Module__diagsIncluded__C                         
000089a0  xdc_runtime_Main_Module__diagsMask__C                             
000089a4  xdc_runtime_Main_Module__loggerFxn4__C                            
000089a8  xdc_runtime_Main_Module__loggerObj__C                             
000089ac  xdc_runtime_Memory_defaultHeapInstance__C                         
000089b0  xdc_runtime_Startup_execImpl__C                                   
000089b4  xdc_runtime_Startup_lastFxns__A                                   
000089b8  xdc_runtime_Startup_maxPasses__C                                  
000089bc  xdc_runtime_Startup_sfxnRts__C                                    
000089c0  xdc_runtime_Startup_sfxnTab__C                                    
000089c4  xdc_runtime_SysMin_bufSize__C                                     
000089c8  xdc_runtime_SysMin_outputFunc__C                                  
000089cc  xdc_runtime_System_Module__gateObj__C                             
000089d0  xdc_runtime_System_abortFxn__C                                    
000089d4  xdc_runtime_System_exitFxn__C                                     
000089d8  xdc_runtime_System_extendFxn__C                                   
000089dc  xdc_runtime_System_maxAtexitHandlers__C                           
000089e0  xdc_runtime_Text_charTab__C                                       
000089e4  xdc_runtime_Text_nameEmpty__C                                     
000089e8  xdc_runtime_Text_nameStatic__C                                    
000089ec  xdc_runtime_Text_nameUnknown__C                                   
000089f0  xdc_runtime_Text_nodeTab__C                                       
000089f4  xdc_runtime_Text_visitRopeFxn__C                                  
000089f8  ti_sysbios_family_arm_lm4_TimestampProvider_useClockTimer__C      
000089fa  ti_sysbios_family_arm_m3_Hwi_Module__id__C                        
000089fc  ti_sysbios_family_arm_m3_Hwi_Module__loggerDefined__C             
000089fe  ti_sysbios_gates_GateMutex_Module__id__C                          
00008a00  ti_sysbios_hal_Hwi_Module__id__C                                  
00008a02  ti_sysbios_knl_Clock_Module__id__C                                
00008a04  ti_sysbios_knl_Clock_Module__loggerDefined__C                     
00008a06  ti_sysbios_knl_Semaphore_Module__id__C                            
00008a08  ti_sysbios_knl_Semaphore_Module__loggerDefined__C                 
00008a0a  ti_sysbios_knl_Swi_Module__id__C                                  
00008a0c  ti_sysbios_knl_Swi_Module__loggerDefined__C                       
00008a0e  ti_sysbios_knl_Task_Module__id__C                                 
00008a10  ti_sysbios_knl_Task_Module__loggerDefined__C                      
00008a12  ti_sysbios_utils_Load_Module__id__C                               
00008a14  ti_sysbios_utils_Load_Module__loggerDefined__C                    
00008a16  ti_sysbios_utils_Load_autoAddTasks__C                             
00008a18  ti_sysbios_utils_Load_updateInIdle__C                             
00008a1a  ti_uia_loggers_LoggerStopMode_Module__id__C                       
00008a1c  ti_uia_loggers_LoggerStopMode_isTimestampEnabled__C               
00008a1e  xdc_runtime_Core_Module__id__C                                    
00008a20  xdc_runtime_Error_Module__loggerDefined__C                        
00008a22  xdc_runtime_Error_maxDepth__C                                     
00008a24  xdc_runtime_HeapStd_Module__id__C                                 
00008a26  xdc_runtime_Main_Module__id__C                                    
00008a28  xdc_runtime_Main_Module__loggerDefined__C                         
00008a2a  xdc_runtime_Memory_Module__id__C                                  
00008a2c  xdc_runtime_SysMin_flushAtExit__C                                 
00008a2e  xdc_runtime_Text_charCnt__C                                       
00008a30  xdc_runtime_Text_isLoaded__C                                      
00008a32  xdc_runtime_Text_registryModsLastId__C                            
00008a34  xdc_runtime_Text_unnamedModsLastId__C                             
00008a36  xdc_runtime_Error_policy__C                                       
00008a38  __TI_static_base__                                                
00008d08  __TI_Handler_Table_Base                                           
00008d14  __TI_Handler_Table_Limit                                          
00008d28  __TI_CINIT_Base                                                   
00008d40  __TI_CINIT_Limit                                                  
20000000  ti_sysbios_family_arm_m3_Hwi_ramVectors                           
20000380  ti_sysbios_knl_Task_Instance_State_0_stack__A                     
20000b80  ti_sysbios_knl_Task_Instance_State_1_stack__A                     
20001380  ti_sysbios_knl_Task_Instance_State_2_stack__A                     
20001b80  ti_uia_loggers_LoggerStopMode_Instance_State_1_packetArray__A     
20001f80  ti_uia_loggers_LoggerStopMode_Instance_State_2_packetArray__A     
20002380  xdc_runtime_SysMin_Module_State_0_outbuf__A                       
20002780  ti_sysbios_family_arm_m3_Hwi_dispatchTable                        
20002ae0  ti_sysbios_knl_Mailbox_Instance_State_0_allocBuf__A               
20002af0  parmbuf                                                           
20002af8  ti_sysbios_knl_Task_Instance_State_0_hookEnv__A                   
20002afc  ti_sysbios_knl_Task_Instance_State_1_hookEnv__A                   
20002b00  ti_uia_loggers_LoggerStopMode_Instance_State_0_packetArray__A     
20002d00  __CIOBUF_                                                         
20002e20  ti_sysbios_knl_Task_Instance_State_2_hookEnv__A                   
20002e80  ti_uia_loggers_LoggerStopMode_Instance_State_0_hdr__A             
20002f00  ti_uia_loggers_LoggerStopMode_Instance_State_1_hdr__A             
20002f80  ti_uia_loggers_LoggerStopMode_Instance_State_2_hdr__A             
20002fb0  ti_sysbios_knl_Task_Object__table__V                              
200030a0  ti_uia_loggers_LoggerStopMode_Object__table__V                    
2000313c  ti_sysbios_utils_Load_Module__state__V                            
200031d4  ti_sysbios_family_arm_lm4_Timer_Object__table__V                  
20003254  ti_sysbios_knl_Swi_Module_State_0_readyQ__A                       
200032d4  ti_sysbios_knl_Task_Module_State_0_readyQ__A                      
20003354  ti_sysbios_utils_Load_Module_State_0_taskEnv__A                   
200033a8  ti_sysbios_knl_Mailbox_Object__table__V                           
200033f8  ti_sysbios_family_arm_m3_Hwi_Object__table__V                     
20003440  ti_sysbios_knl_Task_Module__state__V                              
20003484  ti_sysbios_gates_GateMutex_Object__table__V                       
200034bc  ti_sysbios_family_arm_m3_Hwi_Module__state__V                     
200034f0  ti_sysbios_family_arm_lm4_Timer_Module_State_0_device__A          
20003520  ti_sysbios_knl_Swi_Object__table__V                               
20003550  ti_sysbios_knl_Clock_Module__state__V                             
2000357c  ti_sysbios_knl_Semaphore_Object__table__V                         
200035a4  ti_sysbios_BIOS_Module__state__V                                  
200035c8  xdc_runtime_System_Module_State_0_atexitHandlers__A               
200035e8  ti_sysbios_knl_Swi_Module__state__V                               
20003604  ti_sysbios_family_arm_lm4_Timer_Module_State_0_handles__A         
2000361c  ti_sysbios_family_arm_lm4_Timer_Module__state__V                  
20003628  ti_sysbios_knl_Task_Module__root__V                               
20003634  ti_uia_runtime_QueueDescriptor_Module__state__V                   
20003640  xdc_runtime_HeapStd_Object__table__V                              
2000364c  xdc_runtime_SysMin_Module__state__V                               
20003658  _lock                                                             
2000365c  _unlock                                                           
20003660  ti_uia_runtime_QueueDescriptor_gPtrToFirstDescriptor              
20003664  ti_uia_runtime_QueueDescriptor_gUpdateCount                       
20003668  ti_sysbios_family_arm_lm4_TimestampProvider_Module__state__V      
20003670  ti_sysbios_gates_GateHwi_Module__root__V                          
20003678  ti_sysbios_gates_GateMutex_Module__root__V                        
20003680  ti_sysbios_hal_Hwi_Object__table__V                               
20003688  ti_sysbios_knl_Queue_Module__root__V                              
20003690  ti_sysbios_knl_Queue_Object__table__V                             
20003698  ti_sysbios_knl_Semaphore_Module__root__V                          
200036a0  ti_uia_loggers_LoggerStopMode_Module__root__V                     
200036a8  xdc_runtime_HeapStd_Module__root__V                               
200036b0  xdc_runtime_Registry_Module__state__V                             
200036b8  xdc_runtime_Startup_Module__state__V                              
200036c0  xdc_runtime_System_Module__state__V                               
200036c8  main_func_sp                                                      
200036cc  ti_sysbios_family_arm_m3_Hwi_Module_State_0_excContext__A         
200036d0  ti_sysbios_family_arm_m3_Hwi_Module_State_0_excStack__A           
200036d4  ti_sysbios_gates_GateHwi_Object__table__V                         
200036d8  ti_sysbios_knl_Task_Module_State_0_idleTask__A                    
200036dc  ti_sysbios_utils_Load_Module_State_0_runningTask__A               
200036e0  ti_sysbios_utils_Load_Module_State_0_taskStartTime__A             
200036e4  xdc_runtime_HeapStd_Module__state__V                              
200036e8  xdc_runtime_Memory_Module__state__V                               
200036ec  i16ToggleCount                                                    
200036ee  ti_sysbios_family_arm_m3_Hwi_Module_State_0_excActive__A          
200036f0  xdc_runtime_Error_Module__state__V                                
200036f2  xdc_runtime_Main_Module__root__V                                  
200036f8  __stack                                                           
200037f8  __STACK_TOP                                                       
20003af8  __STACK_END                                                       
e000e000  ti_sysbios_family_arm_m3_Hwi_nvic                                 
ffffffff  __TI_pprof_out_hndl                                               
ffffffff  __TI_prof_data_size                                               
ffffffff  __TI_prof_data_start                                              
ffffffff  __binit__                                                         
ffffffff  __c_args__                                                        
ffffffff  binit                                                             
UNDEFED   SHT$$INIT_ARRAY$$Base                                             
UNDEFED   SHT$$INIT_ARRAY$$Limit                                            

[688 symbols]
