******************************************************************************
                  TI ARM Linker PC v18.12.3                    
******************************************************************************
>> Linked Sun Oct 20 13:31:57 2019

OUTPUT FILE NAME:   <lab9.out>
ENTRY POINT SYMBOL: "_c_int00_noargs"  address: 000004d5


MEMORY CONFIGURATION

         name            origin    length      used     unused   attr    fill
----------------------  --------  ---------  --------  --------  ----  --------
  FLASH                 00000000   00040000  00000576  0003fa8a  R  X
  SRAM                  20000000   00008000  000001fc  00007e04  RW X


SEGMENT ALLOCATION MAP

run origin  load origin   length   init length attrs members
----------  ----------- ---------- ----------- ----- -------
00000000    00000000    00000578   00000578    r-x
  00000000    00000000    0000026c   0000026c    r-- .intvecs
  0000026c    0000026c    000002da   000002da    r-x .text
  00000548    00000548    00000030   00000030    r-- .cinit
20000000    20000000    000001fc   00000000    rw-
  20000000    20000000    00000190   00000000    rw- .bss
  20000190    20000190    00000068   00000000    rw- .stack
  200001f8    200001f8    00000004   00000000    rw- .data


SECTION ALLOCATION MAP

 output                                  attributes/
section   page    origin      length       input sections
--------  ----  ----------  ----------   ----------------
.intvecs   0    00000000    0000026c     
                  00000000    0000026c     tm4c123gh6pm_startup_ccs.obj (.intvecs)

.text      0    0000026c    000002da     
                  0000026c    000000a4     rtsv7M4_T_le_v4SPD16_eabi.lib : s_sinf.c.obj (.text:sinf)
                  00000310    0000009c                                   : memcpy_t2.asm.obj (.text)
                  000003ac    0000007c     main.obj (.text)
                  00000428    00000068     rtsv7M4_T_le_v4SPD16_eabi.lib : copy_decompress_lzss.c.obj (.text:decompress:lzss:__TI_decompress_lzss)
                  00000490    00000044                                   : autoinit.c.obj (.text:__TI_auto_init_nobinit_nopinit:__TI_auto_init_nobinit_nopinit)
                  000004d4    00000034                                   : boot_cortex_m.c.obj (.text:_c_int00_noargs:_c_int00_noargs)
                  00000508    0000001c                                   : copy_zero_init.c.obj (.text:decompress:ZI:__TI_zero_init_nomemset:__TI_zero_init_nomemset)
                  00000524    0000000e                                   : copy_decompress_none.c.obj (.text:decompress:none:__TI_decompress_none)
                  00000532    0000000c     tm4c123gh6pm_startup_ccs.obj (.text)
                  0000053e    00000004     rtsv7M4_T_le_v4SPD16_eabi.lib : pre_init.c.obj (.text:_system_pre_init)
                  00000542    00000004                                   : exit.c.obj (.text:abort:abort)

.cinit     0    00000548    00000030     
                  00000548    0000000c     (__TI_handler_table)
                  00000554    00000004     --HOLE-- [fill = 0]
                  00000558    00000008     (.cinit..bss.load) [load image, compression = zero_init]
                  00000560    00000007     (.cinit..data.load) [load image, compression = lzss]
                  00000567    00000001     --HOLE-- [fill = 0]
                  00000568    00000010     (__TI_cinit_table)

.init_array 
*          0    00000000    00000000     UNINITIALIZED

.bss       0    20000000    00000190     UNINITIALIZED
                  20000000    00000190     (.common:gSeriesData)

.data      0    200001f8    00000004     UNINITIALIZED
                  200001f8    00000004     main.obj (.data)

.stack     0    20000190    00000068     UNINITIALIZED
                  20000190    00000004     rtsv7M4_T_le_v4SPD16_eabi.lib : boot_cortex_m.c.obj (.stack)
                  20000194    00000064     --HOLE--

MODULE SUMMARY

       Module                         code   ro data   rw data
       ------                         ----   -------   -------
    .\
       tm4c123gh6pm_startup_ccs.obj   12     620       0      
       main.obj                       124    0         404    
    +--+------------------------------+------+---------+---------+
       Total:                         136    620       404    
                                                              
    C:\ti\ccs910\ccs\tools\compiler\ti-cgt-arm_18.12.3.LTS\lib\rtsv7M4_T_le_v4SPD16_eabi.lib
       s_sinf.c.obj                   164    0         0      
       memcpy_t2.asm.obj              156    0         0      
       copy_decompress_lzss.c.obj     104    0         0      
       autoinit.c.obj                 68     0         0      
       boot_cortex_m.c.obj            52     0         0      
       copy_zero_init.c.obj           28     0         0      
       copy_decompress_none.c.obj     14     0         0      
       exit.c.obj                     4      0         0      
       pre_init.c.obj                 4      0         0      
    +--+------------------------------+------+---------+---------+
       Total:                         594    0         0      
                                                              
       Stack:                         0      0         104    
       Linker Generated:              0      43        0      
    +--+------------------------------+------+---------+---------+
       Grand Total:                   730    663       508    


LINKER GENERATED COPY TABLES

__TI_cinit_table @ 00000568 records: 2, size/record: 8, table size: 16
	.bss: load addr=00000558, load size=00000008 bytes, run addr=20000000, run size=00000190 bytes, compression=zero_init
	.data: load addr=00000560, load size=00000007 bytes, run addr=200001f8, run size=00000004 bytes, compression=lzss


LINKER GENERATED HANDLER TABLE

__TI_handler_table @ 00000548 records: 3, size/record: 4, table size: 12
	index: 0, handler: __TI_decompress_lzss
	index: 1, handler: __TI_decompress_none
	index: 2, handler: __TI_zero_init


GLOBAL SYMBOLS: SORTED ALPHABETICALLY BY Name 

address   name                          
-------   ----                          
00000543  C$$EXIT                       
00000533  ResetISR                      
200001f8  __STACK_END                   
00000068  __STACK_SIZE                  
20000390  __STACK_TOP                   
00000568  __TI_CINIT_Base               
00000578  __TI_CINIT_Limit              
00000548  __TI_Handler_Table_Base       
00000554  __TI_Handler_Table_Limit      
00000491  __TI_auto_init_nobinit_nopinit
00000429  __TI_decompress_lzss          
00000525  __TI_decompress_none          
ffffffff  __TI_pprof_out_hndl           
ffffffff  __TI_prof_data_size           
ffffffff  __TI_prof_data_start          
00000000  __TI_static_base__            
00000509  __TI_zero_init_nomemset       
00000311  __aeabi_memcpy                
00000311  __aeabi_memcpy4               
00000311  __aeabi_memcpy8               
ffffffff  __binit__                     
ffffffff  __c_args__                    
UNDEFED   __mpu_init                    
20000190  __stack                       
000004d5  _c_int00_noargs               
UNDEFED   _system_post_cinit            
0000053f  _system_pre_init              
00000543  abort                         
ffffffff  binit                         
20000000  gSeriesData                   
00000000  g_pfnVectors                  
200001f8  i32DataCount                  
000003ad  main                          
00000311  memcpy                        
0000026d  sinf                          


GLOBAL SYMBOLS: SORTED BY Symbol Address 

address   name                          
-------   ----                          
00000000  __TI_static_base__            
00000000  g_pfnVectors                  
00000068  __STACK_SIZE                  
0000026d  sinf                          
00000311  __aeabi_memcpy                
00000311  __aeabi_memcpy4               
00000311  __aeabi_memcpy8               
00000311  memcpy                        
000003ad  main                          
00000429  __TI_decompress_lzss          
00000491  __TI_auto_init_nobinit_nopinit
000004d5  _c_int00_noargs               
00000509  __TI_zero_init_nomemset       
00000525  __TI_decompress_none          
00000533  ResetISR                      
0000053f  _system_pre_init              
00000543  C$$EXIT                       
00000543  abort                         
00000548  __TI_Handler_Table_Base       
00000554  __TI_Handler_Table_Limit      
00000568  __TI_CINIT_Base               
00000578  __TI_CINIT_Limit              
20000000  gSeriesData                   
20000190  __stack                       
200001f8  __STACK_END                   
200001f8  i32DataCount                  
20000390  __STACK_TOP                   
ffffffff  __TI_pprof_out_hndl           
ffffffff  __TI_prof_data_size           
ffffffff  __TI_prof_data_start          
ffffffff  __binit__                     
ffffffff  __c_args__                    
ffffffff  binit                         
UNDEFED   __mpu_init                    
UNDEFED   _system_post_cinit            

[35 symbols]
