******************************************************************************
                  TI ARM Linker PC v18.12.3                    
******************************************************************************
>> Linked Mon Nov 18 13:56:58 2019

OUTPUT FILE NAME:   <Midterm.out>
ENTRY POINT SYMBOL: "_c_int00_noargs"  address: 000026c5


MEMORY CONFIGURATION

         name            origin    length      used     unused   attr    fill
----------------------  --------  ---------  --------  --------  ----  --------
  FLASH                 00000000   00040000  00002a66  0003d59a  R  X
  SRAM                  20000000   00008000  000002b4  00007d4c  RW X


SEGMENT ALLOCATION MAP

run origin  load origin   length   init length attrs members
----------  ----------- ---------- ----------- ----- -------
00000000    00000000    00002a68   00002a68    r-x
  00000000    00000000    0000026c   0000026c    r-- .intvecs
  0000026c    0000026c    000025d2   000025d2    r-x .text
  00002840    00002840    000001f8   000001f8    r-- .const
  00002a38    00002a38    00000030   00000030    r-- .cinit
20000000    20000000    000002b4   00000000    rw-
  20000000    20000000    00000200   00000000    rw- .stack
  20000200    20000200    0000005c   00000000    rw- .bss
  2000025c    2000025c    00000058   00000000    rw- .data


SECTION ALLOCATION MAP

 output                                  attributes/
section   page    origin      length       input sections
--------  ----  ----------  ----------   ----------------
.intvecs   0    00000000    0000026c     
                  00000000    0000026c     tm4c123gh6pm_startup_ccs.obj (.intvecs)

.text      0    0000026c    000025d2     
                  0000026c    00001180     main.obj (.text)
                  000013ec    000002ec     rtsv7M4_T_le_v4SPD16_eabi.lib : s_atan.c.obj (.text:atan)
                  000016d8    000001d8                                   : e_atan2.c.obj (.text:atan2)
                  000018b0    000001b6                                   : fd_add_t2.asm.obj (.text)
                  00001a66    00000002                                   : div0.asm.obj (.text)
                  00001a68    00000158                                   : e_atan2f.c.obj (.text:atan2f)
                  00001bc0    00000150                                   : s_atanf.c.obj (.text:atanf)
                  00001d10    00000136                                   : fd_div_t2.asm.obj (.text)
                  00001e46    00000132     driverlib.lib : gpio.obj (.text:GPIOPadConfigSet)
                  00001f78    00000110                   : sysctl.obj (.text:SysCtlClockGet)
                  00002088    000000fc     rtsv7M4_T_le_v4SPD16_eabi.lib : fd_mul_t2.asm.obj (.text)
                  00002184    000000f4     driverlib.lib : sysctl.obj (.text:SysCtlClockSet)
                  00002278    0000009c     rtsv7M4_T_le_v4SPD16_eabi.lib : memcpy_t2.asm.obj (.text)
                  00002314    00000086                                   : fd_cmp_t2.asm.obj (.text:__aeabi_cdrcmple)
                  0000239a    0000006e                                   : fd_tos_t2.asm.obj (.text)
                  00002408    00000068                                   : copy_decompress_lzss.c.obj (.text:decompress:lzss:__TI_decompress_lzss)
                  00002470    00000050     driverlib.lib : sysctl.obj (.text:SysCtlPeripheralReset)
                  000024c0    0000004c                   : i2c.obj (.text:I2CMasterInitExpClk)
                  0000250c    00000048                   : gpio.obj (.text:GPIOPinConfigure)
                  00002554    00000046                   : uart.obj (.text:UARTConfigSetExpClk)
                  0000259a    00000002     --HOLE-- [fill = 0]
                  0000259c    00000044     rtsv7M4_T_le_v4SPD16_eabi.lib : autoinit.c.obj (.text:__TI_auto_init_nobinit_nopinit:__TI_auto_init_nobinit_nopinit)
                  000025e0    00000040                                   : u_divt2.asm.obj (.text)
                  00002620    00000038     driverlib.lib : sysctl.obj (.text:SysCtlPeripheralPresent)
                  00002658    00000038     rtsv7M4_T_le_v4SPD16_eabi.lib : fs_tod_t2.asm.obj (.text)
                  00002690    00000034     driverlib.lib : sysctl.obj (.text:SysCtlPeripheralEnable)
                  000026c4    00000034     rtsv7M4_T_le_v4SPD16_eabi.lib : boot_cortex_m.c.obj (.text:_c_int00_noargs:_c_int00_noargs)
                  000026f8    0000002e                                   : i_tofd_t2.asm.obj (.text)
                  00002726    0000002a     driverlib.lib : gpio.obj (.text:GPIODirModeSet)
                  00002750    00000020                   : uart.obj (.text:UARTDisable)
                  00002770    0000001c     rtsv7M4_T_le_v4SPD16_eabi.lib : copy_zero_init.c.obj (.text:decompress:ZI:__TI_zero_init_nomemset:__TI_zero_init_nomemset)
                  0000278c    00000014     driverlib.lib : uart.obj (.text:UARTEnable)
                  000027a0    00000012                   : gpio.obj (.text:GPIOPinTypeI2C)
                  000027b2    00000012                   : gpio.obj (.text:GPIOPinTypeI2CSCL)
                  000027c4    00000012                   : gpio.obj (.text:GPIOPinTypeUART)
                  000027d6    0000000e     rtsv7M4_T_le_v4SPD16_eabi.lib : copy_decompress_none.c.obj (.text:decompress:none:__TI_decompress_none)
                  000027e4    0000000c     tm4c123gh6pm_startup_ccs.obj (.text)
                  000027f0    0000000a     driverlib.lib : i2c.obj (.text:I2CMasterEnable)
                  000027fa    0000000a                   : uart.obj (.text:UARTCharGet)
                  00002804    0000000a                   : uart.obj (.text:UARTCharPut)
                  0000280e    00000008                   : i2c.obj (.text:I2CMasterBusy)
                  00002816    00000008                   : i2c.obj (.text:I2CMasterSlaveAddrSet)
                  0000281e    00000006                   : sysctl.obj (.text:SysCtlDelay)
                  00002824    00000006                   : uart.obj (.text:UARTClockSourceSet)
                  0000282a    00000004                   : i2c.obj (.text:I2CMasterControl)
                  0000282e    00000004                   : i2c.obj (.text:I2CMasterDataGet)
                  00002832    00000004                   : i2c.obj (.text:I2CMasterDataPut)
                  00002836    00000004     rtsv7M4_T_le_v4SPD16_eabi.lib : pre_init.c.obj (.text:_system_pre_init)
                  0000283a    00000004                                   : exit.c.obj (.text:abort:abort)

.const     0    00002840    000001f8     
                  00002840    00000098     rtsv7M4_T_le_v4SPD16_eabi.lib : s_atan.c.obj (.const:$O1$$)
                  000028d8    00000090     driverlib.lib : gpio.obj (.const:g_pui32GPIOBaseAddrs)
                  00002968    0000006c                   : sysctl.obj (.const:g_pui32Xtals)
                  000029d4    00000034     rtsv7M4_T_le_v4SPD16_eabi.lib : s_atanf.c.obj (.const:$O1$$)
                  00002a08    00000012     main.obj (.const:.string)
                  00002a1a    00000002     --HOLE-- [fill = 0]
                  00002a1c    0000000c     main.obj (.const:g_ui32UARTBase)
                  00002a28    0000000c     main.obj (.const:g_ui32UARTPeriph)
                  00002a34    00000004     main.obj (.const)

.cinit     0    00002a38    00000030     
                  00002a38    0000000c     (__TI_handler_table)
                  00002a44    00000004     --HOLE-- [fill = 0]
                  00002a48    00000008     (.cinit..bss.load) [load image, compression = zero_init]
                  00002a50    00000008     (.cinit..data.load) [load image, compression = lzss]
                  00002a58    00000010     (__TI_cinit_table)

.init_array 
*          0    00000000    00000000     UNINITIALIZED

.bss       0    20000200    0000005c     UNINITIALIZED
                  20000200    00000004     (.common:accXout)
                  20000204    00000004     (.common:accXout_H)
                  20000208    00000004     (.common:accXout_L)
                  2000020c    00000004     (.common:accYout)
                  20000210    00000004     (.common:accYout_H)
                  20000214    00000004     (.common:accYout_L)
                  20000218    00000004     (.common:accZout)
                  2000021c    00000004     (.common:accZout_H)
                  20000220    00000004     (.common:accZout_L)
                  20000224    00000004     (.common:gyroXout)
                  20000228    00000004     (.common:gyroXout_H)
                  2000022c    00000004     (.common:gyroXout_L)
                  20000230    00000004     (.common:gyroYout)
                  20000234    00000004     (.common:gyroYout_H)
                  20000238    00000004     (.common:gyroYout_L)
                  2000023c    00000004     (.common:gyroZos)
                  20000240    00000004     (.common:gyroZout)
                  20000244    00000004     (.common:gyroZout_H)
                  20000248    00000004     (.common:gyroZout_L)
                  2000024c    00000004     (.common:pitchp)
                  20000250    00000004     (.common:pitchsign)
                  20000254    00000004     (.common:rollp)
                  20000258    00000004     (.common:rollsign)

.data      0    2000025c    00000058     UNINITIALIZED
                  2000025c    0000000d     main.obj (.data)
                  20000269    00000003     --HOLE--
                  2000026c    0000000c     main.obj (.data:accXos)
                  20000278    0000000c     main.obj (.data:accYos)
                  20000284    0000000c     main.obj (.data:fiXos)
                  20000290    0000000c     main.obj (.data:fiYos)
                  2000029c    0000000c     main.obj (.data:gyroXos)
                  200002a8    0000000c     main.obj (.data:gyroYos)

.stack     0    20000000    00000200     UNINITIALIZED
                  20000000    00000004     rtsv7M4_T_le_v4SPD16_eabi.lib : boot_cortex_m.c.obj (.stack)
                  20000004    000001fc     --HOLE--

MODULE SUMMARY

       Module                         code   ro data   rw data
       ------                         ----   -------   -------
    .\
       main.obj                       4480   46        177    
       tm4c123gh6pm_startup_ccs.obj   12     620       0      
    +--+------------------------------+------+---------+---------+
       Total:                         4492   666       177    
                                                              
    C:/ti/tivaware_c_series_2_1_4_178/driverlib/ccs/Debug/driverlib.lib
       sysctl.obj                     710    108       0      
       gpio.obj                       474    144       0      
       uart.obj                       148    0         0      
       i2c.obj                        114    0         0      
    +--+------------------------------+------+---------+---------+
       Total:                         1446   252       0      
                                                              
    C:\ti\ccs910\ccs\tools\compiler\ti-cgt-arm_18.12.3.LTS\lib\rtsv7M4_T_le_v4SPD16_eabi.lib
       s_atan.c.obj                   748    152       0      
       e_atan2.c.obj                  472    0         0      
       fd_add_t2.asm.obj              438    0         0      
       s_atanf.c.obj                  336    52        0      
       e_atan2f.c.obj                 344    0         0      
       fd_div_t2.asm.obj              310    0         0      
       fd_mul_t2.asm.obj              252    0         0      
       memcpy_t2.asm.obj              156    0         0      
       fd_cmp_t2.asm.obj              134    0         0      
       fd_tos_t2.asm.obj              110    0         0      
       copy_decompress_lzss.c.obj     104    0         0      
       autoinit.c.obj                 68     0         0      
       u_divt2.asm.obj                64     0         0      
       fs_tod_t2.asm.obj              56     0         0      
       boot_cortex_m.c.obj            52     0         0      
       i_tofd_t2.asm.obj              46     0         0      
       copy_zero_init.c.obj           28     0         0      
       copy_decompress_none.c.obj     14     0         0      
       exit.c.obj                     4      0         0      
       pre_init.c.obj                 4      0         0      
       div0.asm.obj                   2      0         0      
    +--+------------------------------+------+---------+---------+
       Total:                         3742   204       0      
                                                              
       Stack:                         0      0         512    
       Linker Generated:              0      44        0      
    +--+------------------------------+------+---------+---------+
       Grand Total:                   9680   1166      689    


LINKER GENERATED COPY TABLES

__TI_cinit_table @ 00002a58 records: 2, size/record: 8, table size: 16
	.bss: load addr=00002a48, load size=00000008 bytes, run addr=20000200, run size=0000005c bytes, compression=zero_init
	.data: load addr=00002a50, load size=00000008 bytes, run addr=2000025c, run size=00000058 bytes, compression=lzss


LINKER GENERATED HANDLER TABLE

__TI_handler_table @ 00002a38 records: 3, size/record: 4, table size: 12
	index: 0, handler: __TI_decompress_lzss
	index: 1, handler: __TI_decompress_none
	index: 2, handler: __TI_zero_init


GLOBAL SYMBOLS: SORTED ALPHABETICALLY BY Name 

address   name                          
-------   ----                          
0000283b  C$$EXIT                       
00000c45  ComplementaryFilter           
0000072d  ConfigureUART                 
00002727  GPIODirModeSet                
00001e47  GPIOPadConfigSet              
0000250d  GPIOPinConfigure              
000027a1  GPIOPinTypeI2C                
000027b3  GPIOPinTypeI2CSCL             
000027c5  GPIOPinTypeUART               
00000769  I2C0_Init                     
0000280f  I2CMasterBusy                 
0000282b  I2CMasterControl              
0000282f  I2CMasterDataGet              
00002833  I2CMasterDataPut              
000027f1  I2CMasterEnable               
000024c1  I2CMasterInitExpClk           
00002817  I2CMasterSlaveAddrSet         
000027e5  ResetISR                      
00001f79  SysCtlClockGet                
00002185  SysCtlClockSet                
0000281f  SysCtlDelay                   
00002691  SysCtlPeripheralEnable        
00002621  SysCtlPeripheralPresent       
00002471  SysCtlPeripheralReset         
000027fb  UARTCharGet                   
00002805  UARTCharPut                   
00002825  UARTClockSourceSet            
00002555  UARTConfigSetExpClk           
00002751  UARTDisable                   
0000278d  UARTEnable                    
0000026d  UARTStdioConfig               
000003b3  UARTgetc                      
000002f9  UARTgets                      
000006d3  UARTprintf                    
000003d9  UARTvprintf                   
000002b3  UARTwrite                     
20000200  __STACK_END                   
00000200  __STACK_SIZE                  
20000200  __STACK_TOP                   
00002a58  __TI_CINIT_Base               
00002a68  __TI_CINIT_Limit              
00002a38  __TI_Handler_Table_Base       
00002a44  __TI_Handler_Table_Limit      
0000259d  __TI_auto_init_nobinit_nopinit
00002409  __TI_decompress_lzss          
000027d7  __TI_decompress_none          
ffffffff  __TI_pprof_out_hndl           
ffffffff  __TI_prof_data_size           
ffffffff  __TI_prof_data_start          
00000000  __TI_static_base__            
00002771  __TI_zero_init_nomemset       
00002315  __aeabi_cdrcmple              
0000239b  __aeabi_d2f                   
000018bb  __aeabi_dadd                  
00001d11  __aeabi_ddiv                  
00002089  __aeabi_dmul                  
000018b1  __aeabi_dsub                  
00002659  __aeabi_f2d                   
000026f9  __aeabi_i2d                   
00001a67  __aeabi_idiv0                 
00001a67  __aeabi_ldiv0                 
00002279  __aeabi_memcpy                
00002279  __aeabi_memcpy4               
00002279  __aeabi_memcpy8               
000025e1  __aeabi_uidiv                 
000025e1  __aeabi_uidivmod              
ffffffff  __binit__                     
ffffffff  __c_args__                    
UNDEFED   __mpu_init                    
20000000  __stack                       
000026c5  _c_int00_noargs               
UNDEFED   _system_post_cinit            
00002837  _system_pre_init              
0000283b  abort                         
2000026c  accXos                        
20000200  accXout                       
20000204  accXout_H                     
20000208  accXout_L                     
20000278  accYos                        
2000020c  accYout                       
20000210  accYout_H                     
20000214  accYout_L                     
20000218  accZout                       
2000021c  accZout_H                     
20000220  accZout_L                     
000013ed  atan                          
000016d9  atan2                         
00001a69  atan2f                        
000016d9  atan2l                        
00001bc1  atanf                         
000013ed  atanl                         
ffffffff  binit                         
20000284  fiXos                         
20000290  fiYos                         
00000000  g_pfnVectors                  
2000029c  gyroXos                       
20000224  gyroXout                      
20000228  gyroXout_H                    
2000022c  gyroXout_L                    
200002a8  gyroYos                       
20000230  gyroYout                      
20000234  gyroYout_H                    
20000238  gyroYout_L                    
2000023c  gyroZos                       
20000240  gyroZout                      
20000244  gyroZout_H                    
20000248  gyroZout_L                    
000006f7  initMPU6050                   
00000ec5  main                          
00002279  memcpy                        
20000260  pitch                         
2000024c  pitchp                        
20000250  pitchsign                     
000007ab  readI2C                       
00000891  readMPU                       
20000264  roll                          
20000254  rollp                         
20000258  rollsign                      
00000809  writeI2C                      


GLOBAL SYMBOLS: SORTED BY Symbol Address 

address   name                          
-------   ----                          
00000000  __TI_static_base__            
00000000  g_pfnVectors                  
00000200  __STACK_SIZE                  
0000026d  UARTStdioConfig               
000002b3  UARTwrite                     
000002f9  UARTgets                      
000003b3  UARTgetc                      
000003d9  UARTvprintf                   
000006d3  UARTprintf                    
000006f7  initMPU6050                   
0000072d  ConfigureUART                 
00000769  I2C0_Init                     
000007ab  readI2C                       
00000809  writeI2C                      
00000891  readMPU                       
00000c45  ComplementaryFilter           
00000ec5  main                          
000013ed  atan                          
000013ed  atanl                         
000016d9  atan2                         
000016d9  atan2l                        
000018b1  __aeabi_dsub                  
000018bb  __aeabi_dadd                  
00001a67  __aeabi_idiv0                 
00001a67  __aeabi_ldiv0                 
00001a69  atan2f                        
00001bc1  atanf                         
00001d11  __aeabi_ddiv                  
00001e47  GPIOPadConfigSet              
00001f79  SysCtlClockGet                
00002089  __aeabi_dmul                  
00002185  SysCtlClockSet                
00002279  __aeabi_memcpy                
00002279  __aeabi_memcpy4               
00002279  __aeabi_memcpy8               
00002279  memcpy                        
00002315  __aeabi_cdrcmple              
0000239b  __aeabi_d2f                   
00002409  __TI_decompress_lzss          
00002471  SysCtlPeripheralReset         
000024c1  I2CMasterInitExpClk           
0000250d  GPIOPinConfigure              
00002555  UARTConfigSetExpClk           
0000259d  __TI_auto_init_nobinit_nopinit
000025e1  __aeabi_uidiv                 
000025e1  __aeabi_uidivmod              
00002621  SysCtlPeripheralPresent       
00002659  __aeabi_f2d                   
00002691  SysCtlPeripheralEnable        
000026c5  _c_int00_noargs               
000026f9  __aeabi_i2d                   
00002727  GPIODirModeSet                
00002751  UARTDisable                   
00002771  __TI_zero_init_nomemset       
0000278d  UARTEnable                    
000027a1  GPIOPinTypeI2C                
000027b3  GPIOPinTypeI2CSCL             
000027c5  GPIOPinTypeUART               
000027d7  __TI_decompress_none          
000027e5  ResetISR                      
000027f1  I2CMasterEnable               
000027fb  UARTCharGet                   
00002805  UARTCharPut                   
0000280f  I2CMasterBusy                 
00002817  I2CMasterSlaveAddrSet         
0000281f  SysCtlDelay                   
00002825  UARTClockSourceSet            
0000282b  I2CMasterControl              
0000282f  I2CMasterDataGet              
00002833  I2CMasterDataPut              
00002837  _system_pre_init              
0000283b  C$$EXIT                       
0000283b  abort                         
00002a38  __TI_Handler_Table_Base       
00002a44  __TI_Handler_Table_Limit      
00002a58  __TI_CINIT_Base               
00002a68  __TI_CINIT_Limit              
20000000  __stack                       
20000200  __STACK_END                   
20000200  __STACK_TOP                   
20000200  accXout                       
20000204  accXout_H                     
20000208  accXout_L                     
2000020c  accYout                       
20000210  accYout_H                     
20000214  accYout_L                     
20000218  accZout                       
2000021c  accZout_H                     
20000220  accZout_L                     
20000224  gyroXout                      
20000228  gyroXout_H                    
2000022c  gyroXout_L                    
20000230  gyroYout                      
20000234  gyroYout_H                    
20000238  gyroYout_L                    
2000023c  gyroZos                       
20000240  gyroZout                      
20000244  gyroZout_H                    
20000248  gyroZout_L                    
2000024c  pitchp                        
20000250  pitchsign                     
20000254  rollp                         
20000258  rollsign                      
20000260  pitch                         
20000264  roll                          
2000026c  accXos                        
20000278  accYos                        
20000284  fiXos                         
20000290  fiYos                         
2000029c  gyroXos                       
200002a8  gyroYos                       
ffffffff  __TI_pprof_out_hndl           
ffffffff  __TI_prof_data_size           
ffffffff  __TI_prof_data_start          
ffffffff  __binit__                     
ffffffff  __c_args__                    
ffffffff  binit                         
UNDEFED   __mpu_init                    
UNDEFED   _system_post_cinit            

[119 symbols]
