******************************************************************************
                  TI ARM Linker PC v18.12.3                    
******************************************************************************
>> Linked Tue Oct  1 19:03:41 2019

OUTPUT FILE NAME:   <lab5.out>
ENTRY POINT SYMBOL: "_c_int00_noargs"  address: 00000a59


MEMORY CONFIGURATION

         name            origin    length      used     unused   attr    fill
----------------------  --------  ---------  --------  --------  ----  --------
  FLASH                 00000000   00040000  00000cf6  0003f30a  R  X
  SRAM                  20000000   00008000  00000085  00007f7b  RW X


SEGMENT ALLOCATION MAP

run origin  load origin   length   init length attrs members
----------  ----------- ---------- ----------- ----- -------
00000000    00000000    00000cf8   00000cf8    r-x
  00000000    00000000    0000026c   0000026c    r-- .intvecs
  0000026c    0000026c    0000097e   0000097e    r-x .text
  00000bec    00000bec    000000dc   000000dc    r-- .const
  00000cc8    00000cc8    00000030   00000030    r-- .cinit
20000000    20000000    00000085   00000000    rw-
  20000000    20000000    00000068   00000000    rw- .stack
  20000068    20000068    0000001c   00000000    rw- .bss
  20000084    20000084    00000001   00000000    rw- .data


SECTION ALLOCATION MAP

 output                                  attributes/
section   page    origin      length       input sections
--------  ----  ----------  ----------   ----------------
.intvecs   0    00000000    0000026c     
                  00000000    0000026c     tm4c123gh6pm_startup_ccs.obj (.intvecs)

.text      0    0000026c    0000097e     
                  0000026c    000001a4     main.obj (.text)
                  00000410    00000132     driverlib.lib : gpio.obj (.text:GPIOPadConfigSet)
                  00000542    00000002     --HOLE-- [fill = 0]
                  00000544    00000110                   : sysctl.obj (.text:SysCtlClockGet)
                  00000654    000000f4                   : sysctl.obj (.text:SysCtlClockSet)
                  00000748    0000009c     rtsv7M4_T_le_v4SPD16_eabi.lib : memcpy_t2.asm.obj (.text)
                  000007e4    0000007a     driverlib.lib : adc.obj (.text:ADCSequenceStepConfigure)
                  0000085e    00000002     --HOLE-- [fill = 0]
                  00000860    00000068                   : interrupt.obj (.text:IntEnable)
                  000008c8    00000068     rtsv7M4_T_le_v4SPD16_eabi.lib : copy_decompress_lzss.c.obj (.text:decompress:lzss:__TI_decompress_lzss)
                  00000930    00000060     driverlib.lib : timer.obj (.text:TimerConfigure)
                  00000990    00000050                   : adc.obj (.text:ADCSequenceConfigure)
                  000009e0    00000044     rtsv7M4_T_le_v4SPD16_eabi.lib : autoinit.c.obj (.text:__TI_auto_init_nobinit_nopinit:__TI_auto_init_nobinit_nopinit)
                  00000a24    00000034     driverlib.lib : sysctl.obj (.text:SysCtlPeripheralEnable)
                  00000a58    00000034     rtsv7M4_T_le_v4SPD16_eabi.lib : boot_cortex_m.c.obj (.text:_c_int00_noargs:_c_int00_noargs)
                  00000a8c    0000002e     driverlib.lib : adc.obj (.text:ADCIntStatus)
                  00000aba    0000002a                   : gpio.obj (.text:GPIODirModeSet)
                  00000ae4    0000001e                   : adc.obj (.text:ADCSequenceDataGet)
                  00000b02    0000001c     rtsv7M4_T_le_v4SPD16_eabi.lib : copy_zero_init.c.obj (.text:decompress:ZI:__TI_zero_init_nomemset:__TI_zero_init_nomemset)
                  00000b1e    00000018     driverlib.lib : adc.obj (.text:ADCProcessorTrigger)
                  00000b36    00000018                   : gpio.obj (.text:GPIOPinTypeGPIOOutput)
                  00000b4e    00000012                   : timer.obj (.text:TimerLoadSet)
                  00000b60    00000010                   : interrupt.obj (.text:IntMasterEnable)
                  00000b70    0000000e                   : adc.obj (.text:ADCHardwareOversampleConfigure)
                  00000b7e    0000000e                   : adc.obj (.text:ADCSequenceEnable)
                  00000b8c    0000000e                   : timer.obj (.text:TimerEnable)
                  00000b9a    0000000e     rtsv7M4_T_le_v4SPD16_eabi.lib : copy_decompress_none.c.obj (.text:decompress:none:__TI_decompress_none)
                  00000ba8    0000000c     driverlib.lib : cpu.obj (.text:CPUcpsie)
                  00000bb4    0000000c     tm4c123gh6pm_startup_ccs.obj (.text)
                  00000bc0    0000000a     driverlib.lib : adc.obj (.text:ADCIntClear)
                  00000bca    00000008                   : timer.obj (.text:TimerIntEnable)
                  00000bd2    00000006                   : gpio.obj (.text:GPIOPinWrite)
                  00000bd8    00000006                   : sysctl.obj (.text:SysCtlDelay)
                  00000bde    00000004                   : timer.obj (.text:TimerIntClear)
                  00000be2    00000004     rtsv7M4_T_le_v4SPD16_eabi.lib : pre_init.c.obj (.text:_system_pre_init)
                  00000be6    00000004                                   : exit.c.obj (.text:abort:abort)

.const     0    00000bec    000000dc     
                  00000bec    00000070     driverlib.lib : interrupt.obj (.const)
                  00000c5c    0000006c                   : sysctl.obj (.const:g_pui32Xtals)

.cinit     0    00000cc8    00000030     
                  00000cc8    0000000c     (__TI_handler_table)
                  00000cd4    00000004     --HOLE-- [fill = 0]
                  00000cd8    00000008     (.cinit..bss.load) [load image, compression = zero_init]
                  00000ce0    00000005     (.cinit..data.load) [load image, compression = lzss]
                  00000ce5    00000003     --HOLE-- [fill = 0]
                  00000ce8    00000010     (__TI_cinit_table)

.init_array 
*          0    00000000    00000000     UNINITIALIZED

.bss       0    20000068    0000001c     UNINITIALIZED
                  20000068    00000010     (.common:ui32ADC0Value)
                  20000078    00000004     (.common:ui32TempAvg)
                  2000007c    00000004     (.common:ui32TempValueC)
                  20000080    00000004     (.common:ui32TempValueF)

.data      0    20000084    00000001     UNINITIALIZED
                  20000084    00000001     main.obj (.data)

.stack     0    20000000    00000068     UNINITIALIZED
                  20000000    00000004     rtsv7M4_T_le_v4SPD16_eabi.lib : boot_cortex_m.c.obj (.stack)
                  20000004    00000064     --HOLE--

MODULE SUMMARY

       Module                         code   ro data   rw data
       ------                         ----   -------   -------
    .\
       tm4c123gh6pm_startup_ccs.obj   12     620       0      
       main.obj                       420    0         29     
    +--+------------------------------+------+---------+---------+
       Total:                         432    620       29     
                                                              
    C:/ti/tivaware_c_series_2_1_4_178/driverlib/ccs/Debug/driverlib.lib
       sysctl.obj                     574    108       0      
       gpio.obj                       378    0         0      
       adc.obj                        340    0         0      
       interrupt.obj                  120    112       0      
       timer.obj                      140    0         0      
       cpu.obj                        12     0         0      
    +--+------------------------------+------+---------+---------+
       Total:                         1564   220       0      
                                                              
    C:\ti\ccs910\ccs\tools\compiler\ti-cgt-arm_18.12.3.LTS\lib\rtsv7M4_T_le_v4SPD16_eabi.lib
       memcpy_t2.asm.obj              156    0         0      
       copy_decompress_lzss.c.obj     104    0         0      
       autoinit.c.obj                 68     0         0      
       boot_cortex_m.c.obj            52     0         0      
       copy_zero_init.c.obj           28     0         0      
       copy_decompress_none.c.obj     14     0         0      
       exit.c.obj                     4      0         0      
       pre_init.c.obj                 4      0         0      
    +--+------------------------------+------+---------+---------+
       Total:                         430    0         0      
                                                              
       Stack:                         0      0         104    
       Linker Generated:              0      41        0      
    +--+------------------------------+------+---------+---------+
       Grand Total:                   2426   881       133    


LINKER GENERATED COPY TABLES

__TI_cinit_table @ 00000ce8 records: 2, size/record: 8, table size: 16
	.bss: load addr=00000cd8, load size=00000008 bytes, run addr=20000068, run size=0000001c bytes, compression=zero_init
	.data: load addr=00000ce0, load size=00000005 bytes, run addr=20000084, run size=00000001 bytes, compression=lzss


LINKER GENERATED HANDLER TABLE

__TI_handler_table @ 00000cc8 records: 3, size/record: 4, table size: 12
	index: 0, handler: __TI_decompress_lzss
	index: 1, handler: __TI_decompress_none
	index: 2, handler: __TI_zero_init


GLOBAL SYMBOLS: SORTED ALPHABETICALLY BY Name 

address   name                          
-------   ----                          
00000b71  ADCHardwareOversampleConfigure
00000bc1  ADCIntClear                   
00000a8d  ADCIntStatus                  
00000b1f  ADCProcessorTrigger           
00000991  ADCSequenceConfigure          
00000ae5  ADCSequenceDataGet            
00000b7f  ADCSequenceEnable             
000007e5  ADCSequenceStepConfigure      
00000be7  C$$EXIT                       
00000ba9  CPUcpsie                      
00000abb  GPIODirModeSet                
00000411  GPIOPadConfigSet              
00000b37  GPIOPinTypeGPIOOutput         
00000bd3  GPIOPinWrite                  
00000861  IntEnable                     
00000b61  IntMasterEnable               
00000bb5  ResetISR                      
00000545  SysCtlClockGet                
00000655  SysCtlClockSet                
00000bd9  SysCtlDelay                   
00000a25  SysCtlPeripheralEnable        
0000031d  Timer1IntHandler              
00000931  TimerConfigure                
00000b8d  TimerEnable                   
00000bdf  TimerIntClear                 
00000bcb  TimerIntEnable                
00000b4f  TimerLoadSet                  
20000068  __STACK_END                   
00000068  __STACK_SIZE                  
20000200  __STACK_TOP                   
00000ce8  __TI_CINIT_Base               
00000cf8  __TI_CINIT_Limit              
00000cc8  __TI_Handler_Table_Base       
00000cd4  __TI_Handler_Table_Limit      
000009e1  __TI_auto_init_nobinit_nopinit
000008c9  __TI_decompress_lzss          
00000b9b  __TI_decompress_none          
ffffffff  __TI_pprof_out_hndl           
ffffffff  __TI_prof_data_size           
ffffffff  __TI_prof_data_start          
00000000  __TI_static_base__            
00000b03  __TI_zero_init_nomemset       
00000749  __aeabi_memcpy                
00000749  __aeabi_memcpy4               
00000749  __aeabi_memcpy8               
ffffffff  __binit__                     
ffffffff  __c_args__                    
UNDEFED   __mpu_init                    
20000000  __stack                       
00000a59  _c_int00_noargs               
UNDEFED   _system_post_cinit            
00000be3  _system_pre_init              
00000be7  abort                         
ffffffff  binit                         
00000000  g_pfnVectors                  
0000026d  main                          
00000749  memcpy                        
20000068  ui32ADC0Value                 
20000078  ui32TempAvg                   
2000007c  ui32TempValueC                
20000080  ui32TempValueF                
20000084  ui8PinData                    


GLOBAL SYMBOLS: SORTED BY Symbol Address 

address   name                          
-------   ----                          
00000000  __TI_static_base__            
00000000  g_pfnVectors                  
00000068  __STACK_SIZE                  
0000026d  main                          
0000031d  Timer1IntHandler              
00000411  GPIOPadConfigSet              
00000545  SysCtlClockGet                
00000655  SysCtlClockSet                
00000749  __aeabi_memcpy                
00000749  __aeabi_memcpy4               
00000749  __aeabi_memcpy8               
00000749  memcpy                        
000007e5  ADCSequenceStepConfigure      
00000861  IntEnable                     
000008c9  __TI_decompress_lzss          
00000931  TimerConfigure                
00000991  ADCSequenceConfigure          
000009e1  __TI_auto_init_nobinit_nopinit
00000a25  SysCtlPeripheralEnable        
00000a59  _c_int00_noargs               
00000a8d  ADCIntStatus                  
00000abb  GPIODirModeSet                
00000ae5  ADCSequenceDataGet            
00000b03  __TI_zero_init_nomemset       
00000b1f  ADCProcessorTrigger           
00000b37  GPIOPinTypeGPIOOutput         
00000b4f  TimerLoadSet                  
00000b61  IntMasterEnable               
00000b71  ADCHardwareOversampleConfigure
00000b7f  ADCSequenceEnable             
00000b8d  TimerEnable                   
00000b9b  __TI_decompress_none          
00000ba9  CPUcpsie                      
00000bb5  ResetISR                      
00000bc1  ADCIntClear                   
00000bcb  TimerIntEnable                
00000bd3  GPIOPinWrite                  
00000bd9  SysCtlDelay                   
00000bdf  TimerIntClear                 
00000be3  _system_pre_init              
00000be7  C$$EXIT                       
00000be7  abort                         
00000cc8  __TI_Handler_Table_Base       
00000cd4  __TI_Handler_Table_Limit      
00000ce8  __TI_CINIT_Base               
00000cf8  __TI_CINIT_Limit              
20000000  __stack                       
20000068  __STACK_END                   
20000068  ui32ADC0Value                 
20000078  ui32TempAvg                   
2000007c  ui32TempValueC                
20000080  ui32TempValueF                
20000084  ui8PinData                    
20000200  __STACK_TOP                   
ffffffff  __TI_pprof_out_hndl           
ffffffff  __TI_prof_data_size           
ffffffff  __TI_prof_data_start          
ffffffff  __binit__                     
ffffffff  __c_args__                    
ffffffff  binit                         
UNDEFED   __mpu_init                    
UNDEFED   _system_post_cinit            

[62 symbols]
