******************************************************************************
                  TI ARM Linker PC v18.12.3                    
******************************************************************************
>> Linked Tue Oct  1 18:49:56 2019

OUTPUT FILE NAME:   <lab5.out>
ENTRY POINT SYMBOL: "_c_int00_noargs"  address: 000007e9


MEMORY CONFIGURATION

         name            origin    length      used     unused   attr    fill
----------------------  --------  ---------  --------  --------  ----  --------
  FLASH                 00000000   00040000  00000920  0003f6e0  R  X
  SRAM                  20000000   00008000  00000069  00007f97  RW X


SEGMENT ALLOCATION MAP

run origin  load origin   length   init length attrs members
----------  ----------- ---------- ----------- ----- -------
00000000    00000000    00000920   00000920    r-x
  00000000    00000000    0000026c   0000026c    r-- .intvecs
  0000026c    0000026c    0000069c   0000069c    r-x .text
  00000908    00000908    00000018   00000018    r-- .cinit
20000000    20000000    00000069   00000000    rw-
  20000000    20000000    00000068   00000000    rw- .stack
  20000068    20000068    00000001   00000000    rw- .data


SECTION ALLOCATION MAP

 output                                  attributes/
section   page    origin      length       input sections
--------  ----  ----------  ----------   ----------------
.intvecs   0    00000000    0000026c     
                  00000000    0000026c     tm4c123gh6pm_startup_ccs.obj (.intvecs)

.text      0    0000026c    0000069c     
                  0000026c    00000132     driverlib.lib : gpio.obj (.text:GPIOPadConfigSet)
                  0000039e    00000002     --HOLE-- [fill = 0]
                  000003a0    0000010c     main.obj (.text)
                  000004ac    000000f4     driverlib.lib : sysctl.obj (.text:SysCtlClockSet)
                  000005a0    0000009c     rtsv7M4_T_le_v4SPD16_eabi.lib : memcpy_t2.asm.obj (.text)
                  0000063c    0000007a     driverlib.lib : adc.obj (.text:ADCSequenceStepConfigure)
                  000006b6    00000068     rtsv7M4_T_le_v4SPD16_eabi.lib : copy_decompress_lzss.c.obj (.text:decompress:lzss:__TI_decompress_lzss)
                  0000071e    00000050     driverlib.lib : adc.obj (.text:ADCSequenceConfigure)
                  0000076e    00000002     --HOLE-- [fill = 0]
                  00000770    00000044     rtsv7M4_T_le_v4SPD16_eabi.lib : autoinit.c.obj (.text:__TI_auto_init_nobinit_nopinit:__TI_auto_init_nobinit_nopinit)
                  000007b4    00000034     driverlib.lib : sysctl.obj (.text:SysCtlPeripheralEnable)
                  000007e8    00000034     rtsv7M4_T_le_v4SPD16_eabi.lib : boot_cortex_m.c.obj (.text:_c_int00_noargs:_c_int00_noargs)
                  0000081c    0000002e     driverlib.lib : adc.obj (.text:ADCIntStatus)
                  0000084a    0000002a                   : gpio.obj (.text:GPIODirModeSet)
                  00000874    0000001e                   : adc.obj (.text:ADCSequenceDataGet)
                  00000892    00000018                   : adc.obj (.text:ADCProcessorTrigger)
                  000008aa    00000018                   : gpio.obj (.text:GPIOPinTypeGPIOOutput)
                  000008c2    0000000e                   : adc.obj (.text:ADCSequenceEnable)
                  000008d0    0000000e     rtsv7M4_T_le_v4SPD16_eabi.lib : copy_decompress_none.c.obj (.text:decompress:none:__TI_decompress_none)
                  000008de    0000000c     tm4c123gh6pm_startup_ccs.obj (.text)
                  000008ea    0000000a     driverlib.lib : adc.obj (.text:ADCIntClear)
                  000008f4    00000006                   : gpio.obj (.text:GPIOPinWrite)
                  000008fa    00000006                   : sysctl.obj (.text:SysCtlDelay)
                  00000900    00000004     rtsv7M4_T_le_v4SPD16_eabi.lib : pre_init.c.obj (.text:_system_pre_init)
                  00000904    00000004                                   : exit.c.obj (.text:abort:abort)

.cinit     0    00000908    00000018     
                  00000908    00000008     (__TI_handler_table)
                  00000910    00000005     (.cinit..data.load) [load image, compression = lzss]
                  00000915    00000003     --HOLE-- [fill = 0]
                  00000918    00000008     (__TI_cinit_table)

.init_array 
*          0    00000000    00000000     UNINITIALIZED

.data      0    20000068    00000001     UNINITIALIZED
                  20000068    00000001     main.obj (.data)

.stack     0    20000000    00000068     UNINITIALIZED
                  20000000    00000004     rtsv7M4_T_le_v4SPD16_eabi.lib : boot_cortex_m.c.obj (.stack)
                  20000004    00000064     --HOLE--

MODULE SUMMARY

       Module                         code   ro data   rw data
       ------                         ----   -------   -------
    .\
       tm4c123gh6pm_startup_ccs.obj   12     620       0      
       main.obj                       268    0         1      
    +--+------------------------------+------+---------+---------+
       Total:                         280    620       1      
                                                              
    C:/ti/tivaware_c_series_2_1_4_178/driverlib/ccs/Debug/driverlib.lib
       gpio.obj                       378    0         0      
       adc.obj                        326    0         0      
       sysctl.obj                     302    0         0      
    +--+------------------------------+------+---------+---------+
       Total:                         1006   0         0      
                                                              
    C:\ti\ccs910\ccs\tools\compiler\ti-cgt-arm_18.12.3.LTS\lib\rtsv7M4_T_le_v4SPD16_eabi.lib
       memcpy_t2.asm.obj              156    0         0      
       copy_decompress_lzss.c.obj     104    0         0      
       autoinit.c.obj                 68     0         0      
       boot_cortex_m.c.obj            52     0         0      
       copy_decompress_none.c.obj     14     0         0      
       exit.c.obj                     4      0         0      
       pre_init.c.obj                 4      0         0      
    +--+------------------------------+------+---------+---------+
       Total:                         402    0         0      
                                                              
       Stack:                         0      0         104    
       Linker Generated:              0      21        0      
    +--+------------------------------+------+---------+---------+
       Grand Total:                   1688   641       105    


LINKER GENERATED COPY TABLES

__TI_cinit_table @ 00000918 records: 1, size/record: 8, table size: 8
	.data: load addr=00000910, load size=00000005 bytes, run addr=20000068, run size=00000001 bytes, compression=lzss


LINKER GENERATED HANDLER TABLE

__TI_handler_table @ 00000908 records: 2, size/record: 4, table size: 8
	index: 0, handler: __TI_decompress_lzss
	index: 1, handler: __TI_decompress_none


GLOBAL SYMBOLS: SORTED ALPHABETICALLY BY Name 

address   name                          
-------   ----                          
000008eb  ADCIntClear                   
0000081d  ADCIntStatus                  
00000893  ADCProcessorTrigger           
0000071f  ADCSequenceConfigure          
00000875  ADCSequenceDataGet            
000008c3  ADCSequenceEnable             
0000063d  ADCSequenceStepConfigure      
00000905  C$$EXIT                       
0000084b  GPIODirModeSet                
0000026d  GPIOPadConfigSet              
000008ab  GPIOPinTypeGPIOOutput         
000008f5  GPIOPinWrite                  
000008df  ResetISR                      
000004ad  SysCtlClockSet                
000008fb  SysCtlDelay                   
000007b5  SysCtlPeripheralEnable        
20000068  __STACK_END                   
00000068  __STACK_SIZE                  
20000200  __STACK_TOP                   
00000918  __TI_CINIT_Base               
00000920  __TI_CINIT_Limit              
00000908  __TI_Handler_Table_Base       
00000910  __TI_Handler_Table_Limit      
00000771  __TI_auto_init_nobinit_nopinit
000006b7  __TI_decompress_lzss          
000008d1  __TI_decompress_none          
ffffffff  __TI_pprof_out_hndl           
ffffffff  __TI_prof_data_size           
ffffffff  __TI_prof_data_start          
00000000  __TI_static_base__            
000005a1  __aeabi_memcpy                
000005a1  __aeabi_memcpy4               
000005a1  __aeabi_memcpy8               
ffffffff  __binit__                     
ffffffff  __c_args__                    
UNDEFED   __mpu_init                    
20000000  __stack                       
000007e9  _c_int00_noargs               
UNDEFED   _system_post_cinit            
00000901  _system_pre_init              
00000905  abort                         
ffffffff  binit                         
00000000  g_pfnVectors                  
000003a1  main                          
000005a1  memcpy                        
20000068  ui8PinData                    


GLOBAL SYMBOLS: SORTED BY Symbol Address 

address   name                          
-------   ----                          
00000000  __TI_static_base__            
00000000  g_pfnVectors                  
00000068  __STACK_SIZE                  
0000026d  GPIOPadConfigSet              
000003a1  main                          
000004ad  SysCtlClockSet                
000005a1  __aeabi_memcpy                
000005a1  __aeabi_memcpy4               
000005a1  __aeabi_memcpy8               
000005a1  memcpy                        
0000063d  ADCSequenceStepConfigure      
000006b7  __TI_decompress_lzss          
0000071f  ADCSequenceConfigure          
00000771  __TI_auto_init_nobinit_nopinit
000007b5  SysCtlPeripheralEnable        
000007e9  _c_int00_noargs               
0000081d  ADCIntStatus                  
0000084b  GPIODirModeSet                
00000875  ADCSequenceDataGet            
00000893  ADCProcessorTrigger           
000008ab  GPIOPinTypeGPIOOutput         
000008c3  ADCSequenceEnable             
000008d1  __TI_decompress_none          
000008df  ResetISR                      
000008eb  ADCIntClear                   
000008f5  GPIOPinWrite                  
000008fb  SysCtlDelay                   
00000901  _system_pre_init              
00000905  C$$EXIT                       
00000905  abort                         
00000908  __TI_Handler_Table_Base       
00000910  __TI_Handler_Table_Limit      
00000918  __TI_CINIT_Base               
00000920  __TI_CINIT_Limit              
20000000  __stack                       
20000068  __STACK_END                   
20000068  ui8PinData                    
20000200  __STACK_TOP                   
ffffffff  __TI_pprof_out_hndl           
ffffffff  __TI_prof_data_size           
ffffffff  __TI_prof_data_start          
ffffffff  __binit__                     
ffffffff  __c_args__                    
ffffffff  binit                         
UNDEFED   __mpu_init                    
UNDEFED   _system_post_cinit            

[46 symbols]
