******************************************************************************
                  TI ARM Linker PC v18.12.3                    
******************************************************************************
>> Linked Sat Oct 19 15:56:18 2019

OUTPUT FILE NAME:   <lab8.out>
ENTRY POINT SYMBOL: "_c_int00_noargs"  address: 00000e05


MEMORY CONFIGURATION

         name            origin    length      used     unused   attr    fill
----------------------  --------  ---------  --------  --------  ----  --------
  FLASH                 00000000   00040000  00001030  0003efd0  R  X
  SRAM                  20000000   00008000  0000023d  00007dc3  RW X


SEGMENT ALLOCATION MAP

run origin  load origin   length   init length attrs members
----------  ----------- ---------- ----------- ----- -------
00000000    00000000    00001030   00001030    r-x
  00000000    00000000    0000026c   0000026c    r-- .intvecs
  0000026c    0000026c    00000cbc   00000cbc    r-x .text
  00000f28    00000f28    000000c0   000000c0    r-- .const
  00000fe8    00000fe8    00000048   00000048    r-- .cinit
20000000    20000000    0000023d   00000000    rw-
  20000000    20000000    00000200   00000000    rw- .stack
  20000200    20000200    00000025   00000000    rw- .data
  20000225    20000225    00000018   00000000    rw- .bss


SECTION ALLOCATION MAP

 output                                  attributes/
section   page    origin      length       input sections
--------  ----  ----------  ----------   ----------------
.intvecs   0    00000000    0000026c     
                  00000000    0000026c     tm4c123gh6pm_startup_ccs.obj (.intvecs)

.text      0    0000026c    00000cbc     
                  0000026c    000006b0     main.obj (.text)
                  0000091c    00000132     driverlib.lib : gpio.obj (.text:GPIOPadConfigSet)
                  00000a4e    00000002     rtsv7M4_T_le_v4SPD16_eabi.lib : div0.asm.obj (.text)
                  00000a50    000000f4     driverlib.lib : sysctl.obj (.text:SysCtlClockSet)
                  00000b44    0000009c     rtsv7M4_T_le_v4SPD16_eabi.lib : memcpy_t2.asm.obj (.text)
                  00000be0    00000068                                   : copy_decompress_lzss.c.obj (.text:decompress:lzss:__TI_decompress_lzss)
                  00000c48    00000048     driverlib.lib : gpio.obj (.text:GPIOPinConfigure)
                  00000c90    00000046                   : uart.obj (.text:UARTConfigSetExpClk)
                  00000cd6    00000002     --HOLE-- [fill = 0]
                  00000cd8    00000044     rtsv7M4_T_le_v4SPD16_eabi.lib : autoinit.c.obj (.text:__TI_auto_init_nobinit_nopinit:__TI_auto_init_nobinit_nopinit)
                  00000d1c    00000040                                   : u_divt2.asm.obj (.text)
                  00000d5c    0000003c     driverlib.lib : ssi.obj (.text:SSIConfigSetExpClk)
                  00000d98    00000038                   : sysctl.obj (.text:SysCtlPeripheralPresent)
                  00000dd0    00000034                   : sysctl.obj (.text:SysCtlPeripheralEnable)
                  00000e04    00000034     rtsv7M4_T_le_v4SPD16_eabi.lib : boot_cortex_m.c.obj (.text:_c_int00_noargs:_c_int00_noargs)
                  00000e38    0000002a     driverlib.lib : gpio.obj (.text:GPIODirModeSet)
                  00000e62    00000002     --HOLE-- [fill = 0]
                  00000e64    00000020                   : uart.obj (.text:UARTDisable)
                  00000e84    0000001c     rtsv7M4_T_le_v4SPD16_eabi.lib : copy_zero_init.c.obj (.text:decompress:ZI:__TI_zero_init_nomemset:__TI_zero_init_nomemset)
                  00000ea0    00000014     driverlib.lib : uart.obj (.text:UARTEnable)
                  00000eb4    00000012                   : gpio.obj (.text:GPIOPinTypeSSI)
                  00000ec6    00000002     --HOLE-- [fill = 0]
                  00000ec8    00000010                   : fpu.obj (.text:FPULazyStackingEnable)
                  00000ed8    0000000e     rtsv7M4_T_le_v4SPD16_eabi.lib : copy_decompress_none.c.obj (.text:decompress:none:__TI_decompress_none)
                  00000ee6    0000000c     tm4c123gh6pm_startup_ccs.obj (.text)
                  00000ef2    0000000a     driverlib.lib : ssi.obj (.text:SSIDataPut)
                  00000efc    0000000a                   : ssi.obj (.text:SSIEnable)
                  00000f06    0000000a                   : uart.obj (.text:UARTCharGet)
                  00000f10    0000000a                   : uart.obj (.text:UARTCharPut)
                  00000f1a    00000006                   : sysctl.obj (.text:SysCtlDelay)
                  00000f20    00000004     rtsv7M4_T_le_v4SPD16_eabi.lib : pre_init.c.obj (.text:_system_pre_init)
                  00000f24    00000004                                   : exit.c.obj (.text:abort:abort)

.const     0    00000f28    000000c0     
                  00000f28    00000090     driverlib.lib : gpio.obj (.const:g_pui32GPIOBaseAddrs)
                  00000fb8    00000012     main.obj (.const:.string)
                  00000fca    00000002     --HOLE-- [fill = 0]
                  00000fcc    0000000c     main.obj (.const:g_ui32UARTBase)
                  00000fd8    0000000c     main.obj (.const:g_ui32UARTPeriph)
                  00000fe4    00000004     main.obj (.const)

.cinit     0    00000fe8    00000048     
                  00000fe8    00000021     (.cinit..data.load) [load image, compression = lzss]
                  00001009    00000003     --HOLE-- [fill = 0]
                  0000100c    0000000c     (__TI_handler_table)
                  00001018    00000008     (.cinit..bss.load) [load image, compression = zero_init]
                  00001020    00000010     (__TI_cinit_table)

.init_array 
*          0    00000000    00000000     UNINITIALIZED

.data      0    20000200    00000025     UNINITIALIZED
                  20000200    00000020     main.obj (.data:ssi_lut)
                  20000220    00000005     main.obj (.data)

.bss       0    20000225    00000018     UNINITIALIZED
                  20000225    00000018     (.common:frame_buffer)

.stack     0    20000000    00000200     UNINITIALIZED
                  20000000    00000004     rtsv7M4_T_le_v4SPD16_eabi.lib : boot_cortex_m.c.obj (.stack)
                  20000004    000001fc     --HOLE--

MODULE SUMMARY

       Module                         code   ro data   rw data
       ------                         ----   -------   -------
    .\
       main.obj                       1712   46        61     
       tm4c123gh6pm_startup_ccs.obj   12     620       0      
    +--+------------------------------+------+---------+---------+
       Total:                         1724   666       61     
                                                              
    C:/ti/tivaware_c_series_2_1_4_178/driverlib/ccs/Debug/driverlib.lib
       gpio.obj                       438    144       0      
       sysctl.obj                     358    0         0      
       uart.obj                       142    0         0      
       ssi.obj                        80     0         0      
       fpu.obj                        16     0         0      
    +--+------------------------------+------+---------+---------+
       Total:                         1034   144       0      
                                                              
    C:\ti\ccs910\ccs\tools\compiler\ti-cgt-arm_18.12.3.LTS\lib\rtsv7M4_T_le_v4SPD16_eabi.lib
       memcpy_t2.asm.obj              156    0         0      
       copy_decompress_lzss.c.obj     104    0         0      
       autoinit.c.obj                 68     0         0      
       u_divt2.asm.obj                64     0         0      
       boot_cortex_m.c.obj            52     0         0      
       copy_zero_init.c.obj           28     0         0      
       copy_decompress_none.c.obj     14     0         0      
       exit.c.obj                     4      0         0      
       pre_init.c.obj                 4      0         0      
       div0.asm.obj                   2      0         0      
    +--+------------------------------+------+---------+---------+
       Total:                         496    0         0      
                                                              
       Stack:                         0      0         512    
       Linker Generated:              0      69        0      
    +--+------------------------------+------+---------+---------+
       Grand Total:                   3254   879       573    


LINKER GENERATED COPY TABLES

__TI_cinit_table @ 00001020 records: 2, size/record: 8, table size: 16
	.data: load addr=00000fe8, load size=00000021 bytes, run addr=20000200, run size=00000025 bytes, compression=lzss
	.bss: load addr=00001018, load size=00000008 bytes, run addr=20000225, run size=00000018 bytes, compression=zero_init


LINKER GENERATED HANDLER TABLE

__TI_handler_table @ 0000100c records: 3, size/record: 4, table size: 12
	index: 0, handler: __TI_decompress_lzss
	index: 1, handler: __TI_decompress_none
	index: 2, handler: __TI_zero_init


GLOBAL SYMBOLS: SORTED ALPHABETICALLY BY Name 

address   name                          
-------   ----                          
00000f25  C$$EXIT                       
00000ec9  FPULazyStackingEnable         
00000e39  GPIODirModeSet                
0000091d  GPIOPadConfigSet              
00000c49  GPIOPinConfigure              
00000eb5  GPIOPinTypeSSI                
00000ee7  ResetISR                      
00000d5d  SSIConfigSetExpClk            
00000ef3  SSIDataPut                    
00000efd  SSIEnable                     
00000a51  SysCtlClockSet                
00000f1b  SysCtlDelay                   
00000dd1  SysCtlPeripheralEnable        
00000d99  SysCtlPeripheralPresent       
00000f07  UARTCharGet                   
00000f11  UARTCharPut                   
00000c91  UARTConfigSetExpClk           
00000e65  UARTDisable                   
00000ea1  UARTEnable                    
0000026d  UARTStdioConfig               
000003b3  UARTgetc                      
000002f9  UARTgets                      
000006d3  UARTprintf                    
000003d9  UARTvprintf                   
000002b3  UARTwrite                     
20000200  __STACK_END                   
00000200  __STACK_SIZE                  
20000200  __STACK_TOP                   
00001020  __TI_CINIT_Base               
00001030  __TI_CINIT_Limit              
0000100c  __TI_Handler_Table_Base       
00001018  __TI_Handler_Table_Limit      
00000cd9  __TI_auto_init_nobinit_nopinit
00000be1  __TI_decompress_lzss          
00000ed9  __TI_decompress_none          
ffffffff  __TI_pprof_out_hndl           
ffffffff  __TI_prof_data_size           
ffffffff  __TI_prof_data_start          
00000000  __TI_static_base__            
00000e85  __TI_zero_init_nomemset       
00000a4f  __aeabi_idiv0                 
00000a4f  __aeabi_ldiv0                 
00000b45  __aeabi_memcpy                
00000b45  __aeabi_memcpy4               
00000b45  __aeabi_memcpy8               
00000d1d  __aeabi_uidiv                 
00000d1d  __aeabi_uidivmod              
ffffffff  __binit__                     
ffffffff  __c_args__                    
UNDEFED   __mpu_init                    
20000000  __stack                       
00000e05  _c_int00_noargs               
UNDEFED   _system_post_cinit            
00000f21  _system_pre_init              
00000f25  abort                         
ffffffff  binit                         
00000893  fill_frame_buffer             
20000225  frame_buffer                  
00000000  g_pfnVectors                  
000006fb  main                          
00000b45  memcpy                        
00000813  send_data                     


GLOBAL SYMBOLS: SORTED BY Symbol Address 

address   name                          
-------   ----                          
00000000  __TI_static_base__            
00000000  g_pfnVectors                  
00000200  __STACK_SIZE                  
0000026d  UARTStdioConfig               
000002b3  UARTwrite                     
000002f9  UARTgets                      
000003b3  UARTgetc                      
000003d9  UARTvprintf                   
000006d3  UARTprintf                    
000006fb  main                          
00000813  send_data                     
00000893  fill_frame_buffer             
0000091d  GPIOPadConfigSet              
00000a4f  __aeabi_idiv0                 
00000a4f  __aeabi_ldiv0                 
00000a51  SysCtlClockSet                
00000b45  __aeabi_memcpy                
00000b45  __aeabi_memcpy4               
00000b45  __aeabi_memcpy8               
00000b45  memcpy                        
00000be1  __TI_decompress_lzss          
00000c49  GPIOPinConfigure              
00000c91  UARTConfigSetExpClk           
00000cd9  __TI_auto_init_nobinit_nopinit
00000d1d  __aeabi_uidiv                 
00000d1d  __aeabi_uidivmod              
00000d5d  SSIConfigSetExpClk            
00000d99  SysCtlPeripheralPresent       
00000dd1  SysCtlPeripheralEnable        
00000e05  _c_int00_noargs               
00000e39  GPIODirModeSet                
00000e65  UARTDisable                   
00000e85  __TI_zero_init_nomemset       
00000ea1  UARTEnable                    
00000eb5  GPIOPinTypeSSI                
00000ec9  FPULazyStackingEnable         
00000ed9  __TI_decompress_none          
00000ee7  ResetISR                      
00000ef3  SSIDataPut                    
00000efd  SSIEnable                     
00000f07  UARTCharGet                   
00000f11  UARTCharPut                   
00000f1b  SysCtlDelay                   
00000f21  _system_pre_init              
00000f25  C$$EXIT                       
00000f25  abort                         
0000100c  __TI_Handler_Table_Base       
00001018  __TI_Handler_Table_Limit      
00001020  __TI_CINIT_Base               
00001030  __TI_CINIT_Limit              
20000000  __stack                       
20000200  __STACK_END                   
20000200  __STACK_TOP                   
20000225  frame_buffer                  
ffffffff  __TI_pprof_out_hndl           
ffffffff  __TI_prof_data_size           
ffffffff  __TI_prof_data_start          
ffffffff  __binit__                     
ffffffff  __c_args__                    
ffffffff  binit                         
UNDEFED   __mpu_init                    
UNDEFED   _system_post_cinit            

[62 symbols]
