******************************************************************************
                  TI ARM Linker PC v18.12.3                    
******************************************************************************
>> Linked Sat Sep 21 13:46:56 2019

OUTPUT FILE NAME:   <lab4.out>
ENTRY POINT SYMBOL: "_c_int00_noinit_noargs"  address: 0000077d


MEMORY CONFIGURATION

         name            origin    length      used     unused   attr    fill
----------------------  --------  ---------  --------  --------  ----  --------
  FLASH                 00000000   00040000  00000934  0003f6cc  R  X
  SRAM                  20000000   00008000  00000068  00007f98  RW X


SEGMENT ALLOCATION MAP

run origin  load origin   length   init length attrs members
----------  ----------- ---------- ----------- ----- -------
00000000    00000000    00000934   00000934    r-x
  00000000    00000000    0000026c   0000026c    r-- .intvecs
  0000026c    0000026c    000005ec   000005ec    r-x .text
  00000858    00000858    000000dc   000000dc    r-- .const
20000000    20000000    00000068   00000000    rw-
  20000000    20000000    00000068   00000000    rw- .stack


SECTION ALLOCATION MAP

 output                                  attributes/
section   page    origin      length       input sections
--------  ----  ----------  ----------   ----------------
.intvecs   0    00000000    0000026c     
                  00000000    0000026c     tm4c123gh6pm_startup_ccs.obj (.intvecs)

.text      0    0000026c    000005ec     
                  0000026c    00000132     driverlib.lib : gpio.obj (.text:GPIOPadConfigSet)
                  0000039e    00000002     --HOLE-- [fill = 0]
                  000003a0    00000110                   : sysctl.obj (.text:SysCtlClockGet)
                  000004b0    000000f4                   : sysctl.obj (.text:SysCtlClockSet)
                  000005a4    000000dc     main.obj (.text)
                  00000680    00000068     driverlib.lib : interrupt.obj (.text:IntEnable)
                  000006e8    00000060                   : timer.obj (.text:TimerConfigure)
                  00000748    00000034                   : sysctl.obj (.text:SysCtlPeripheralEnable)
                  0000077c    0000002c     rtsv7M4_T_le_v4SPD16_eabi.lib : boot_cortex_m.c.obj (.text:_c_int00_noinit_noargs:_c_int00_noinit_noargs)
                  000007a8    0000002a     driverlib.lib : gpio.obj (.text:GPIODirModeSet)
                  000007d2    00000018                   : gpio.obj (.text:GPIOPinTypeGPIOOutput)
                  000007ea    00000012                   : timer.obj (.text:TimerLoadSet)
                  000007fc    00000010                   : interrupt.obj (.text:IntMasterEnable)
                  0000080c    0000000e                   : timer.obj (.text:TimerEnable)
                  0000081a    0000000c                   : cpu.obj (.text:CPUcpsie)
                  00000826    0000000c     tm4c123gh6pm_startup_ccs.obj (.text)
                  00000832    00000008     driverlib.lib : timer.obj (.text:TimerIntEnable)
                  0000083a    00000006                   : gpio.obj (.text:GPIOPinRead)
                  00000840    00000006                   : gpio.obj (.text:GPIOPinWrite)
                  00000846    00000006                   : sysctl.obj (.text:SysCtlDelay)
                  0000084c    00000004                   : timer.obj (.text:TimerIntClear)
                  00000850    00000004     rtsv7M4_T_le_v4SPD16_eabi.lib : pre_init.c.obj (.text:_system_pre_init)
                  00000854    00000004                                   : exit.c.obj (.text:abort:abort)

.const     0    00000858    000000dc     
                  00000858    00000070     driverlib.lib : interrupt.obj (.const)
                  000008c8    0000006c                   : sysctl.obj (.const:g_pui32Xtals)

.cinit     0    00000000    00000000     UNINITIALIZED

.init_array 
*          0    00000000    00000000     UNINITIALIZED

.stack     0    20000000    00000068     UNINITIALIZED
                  20000000    00000004     rtsv7M4_T_le_v4SPD16_eabi.lib : boot_cortex_m.c.obj (.stack)
                  20000004    00000064     --HOLE--

MODULE SUMMARY

       Module                         code   ro data   rw data
       ------                         ----   -------   -------
    .\
       tm4c123gh6pm_startup_ccs.obj   12     620       0      
       main.obj                       220    0         0      
    +--+------------------------------+------+---------+---------+
       Total:                         232    620       0      
                                                              
    C:/ti/tivaware_c_series_2_1_4_178/driverlib/ccs/Debug/driverlib.lib
       sysctl.obj                     574    108       0      
       gpio.obj                       384    0         0      
       interrupt.obj                  120    112       0      
       timer.obj                      140    0         0      
       cpu.obj                        12     0         0      
    +--+------------------------------+------+---------+---------+
       Total:                         1230   220       0      
                                                              
    C:\ti\ccs910\ccs\tools\compiler\ti-cgt-arm_18.12.3.LTS\lib\rtsv7M4_T_le_v4SPD16_eabi.lib
       boot_cortex_m.c.obj            44     0         0      
       exit.c.obj                     4      0         0      
       pre_init.c.obj                 4      0         0      
    +--+------------------------------+------+---------+---------+
       Total:                         52     0         0      
                                                              
       Stack:                         0      0         104    
    +--+------------------------------+------+---------+---------+
       Grand Total:                   1514   840       104    


GLOBAL SYMBOLS: SORTED ALPHABETICALLY BY Name 

address   name                  
-------   ----                  
00000855  C$$EXIT               
0000081b  CPUcpsie              
000007a9  GPIODirModeSet        
0000026d  GPIOPadConfigSet      
0000083b  GPIOPinRead           
000007d3  GPIOPinTypeGPIOOutput 
00000841  GPIOPinWrite          
00000681  IntEnable             
000007fd  IntMasterEnable       
00000827  ResetISR              
000003a1  SysCtlClockGet        
000004b1  SysCtlClockSet        
00000847  SysCtlDelay           
00000749  SysCtlPeripheralEnable
00000603  Timer0IntHandler      
000006e9  TimerConfigure        
0000080d  TimerEnable           
0000084d  TimerIntClear         
00000833  TimerIntEnable        
000007eb  TimerLoadSet          
20000068  __STACK_END           
00000068  __STACK_SIZE          
20000200  __STACK_TOP           
ffffffff  __TI_pprof_out_hndl   
ffffffff  __TI_prof_data_size   
ffffffff  __TI_prof_data_start  
00000000  __TI_static_base__    
ffffffff  __binit__             
ffffffff  __c_args__            
UNDEFED   __mpu_init            
20000000  __stack               
0000077d  _c_int00_noinit_noargs
00000851  _system_pre_init      
00000855  abort                 
ffffffff  binit                 
00000000  g_pfnVectors          
000005a5  main                  


GLOBAL SYMBOLS: SORTED BY Symbol Address 

address   name                  
-------   ----                  
00000000  __TI_static_base__    
00000000  g_pfnVectors          
00000068  __STACK_SIZE          
0000026d  GPIOPadConfigSet      
000003a1  SysCtlClockGet        
000004b1  SysCtlClockSet        
000005a5  main                  
00000603  Timer0IntHandler      
00000681  IntEnable             
000006e9  TimerConfigure        
00000749  SysCtlPeripheralEnable
0000077d  _c_int00_noinit_noargs
000007a9  GPIODirModeSet        
000007d3  GPIOPinTypeGPIOOutput 
000007eb  TimerLoadSet          
000007fd  IntMasterEnable       
0000080d  TimerEnable           
0000081b  CPUcpsie              
00000827  ResetISR              
00000833  TimerIntEnable        
0000083b  GPIOPinRead           
00000841  GPIOPinWrite          
00000847  SysCtlDelay           
0000084d  TimerIntClear         
00000851  _system_pre_init      
00000855  C$$EXIT               
00000855  abort                 
20000000  __stack               
20000068  __STACK_END           
20000200  __STACK_TOP           
ffffffff  __TI_pprof_out_hndl   
ffffffff  __TI_prof_data_size   
ffffffff  __TI_prof_data_start  
ffffffff  __binit__             
ffffffff  __c_args__            
ffffffff  binit                 
UNDEFED   __mpu_init            

[37 symbols]
