******************************************************************************
                  TI ARM Linker PC v18.12.3                    
******************************************************************************
>> Linked Sun Oct  6 14:43:29 2019

OUTPUT FILE NAME:   <lab15.out>
ENTRY POINT SYMBOL: "_c_int00_noargs"  address: 000008e1


MEMORY CONFIGURATION

         name            origin    length      used     unused   attr    fill
----------------------  --------  ---------  --------  --------  ----  --------
  FLASH                 00000000   00040000  00000abe  0003f542  R  X
  SRAM                  20000000   00008000  0000006c  00007f94  RW X


SEGMENT ALLOCATION MAP

run origin  load origin   length   init length attrs members
----------  ----------- ---------- ----------- ----- -------
00000000    00000000    00000ac0   00000ac0    r-x
  00000000    00000000    0000026c   0000026c    r-- .intvecs
  0000026c    0000026c    0000073e   0000073e    r-x .text
  000009ac    000009ac    000000fc   000000fc    r-- .const
  00000aa8    00000aa8    00000018   00000018    r-- .cinit
20000000    20000000    0000006c   00000000    rw-
  20000000    20000000    00000068   00000000    rw- .stack
  20000068    20000068    00000004   00000000    rw- .data


SECTION ALLOCATION MAP

 output                                  attributes/
section   page    origin      length       input sections
--------  ----  ----------  ----------   ----------------
.intvecs   0    00000000    0000026c     
                  00000000    0000026c     tm4c123gh6pm_startup_ccs.obj (.intvecs)

.text      0    0000026c    0000073e     
                  0000026c    00000132     driverlib.lib : gpio.obj (.text:GPIOPadConfigSet)
                  0000039e    00000002     --HOLE-- [fill = 0]
                  000003a0    00000118     main.obj (.text)
                  000004b8    00000110     driverlib.lib : sysctl.obj (.text:SysCtlClockGet)
                  000005c8    000000f4                   : sysctl.obj (.text:SysCtlClockSet)
                  000006bc    0000009c     rtsv7M4_T_le_v4SPD16_eabi.lib : memcpy_t2.asm.obj (.text)
                  00000758    00000068                                   : copy_decompress_lzss.c.obj (.text:decompress:lzss:__TI_decompress_lzss)
                  000007c0    00000060     driverlib.lib : timer.obj (.text:TimerConfigure)
                  00000820    00000048                   : gpio.obj (.text:GPIOPinConfigure)
                  00000868    00000044     rtsv7M4_T_le_v4SPD16_eabi.lib : autoinit.c.obj (.text:__TI_auto_init_nobinit_nopinit:__TI_auto_init_nobinit_nopinit)
                  000008ac    00000034     driverlib.lib : sysctl.obj (.text:SysCtlPeripheralEnable)
                  000008e0    00000034     rtsv7M4_T_le_v4SPD16_eabi.lib : boot_cortex_m.c.obj (.text:_c_int00_noargs:_c_int00_noargs)
                  00000914    0000002a     driverlib.lib : gpio.obj (.text:GPIODirModeSet)
                  0000093e    00000012                   : gpio.obj (.text:GPIOPinTypeTimer)
                  00000950    00000012                   : timer.obj (.text:TimerLoadSet)
                  00000962    00000012                   : timer.obj (.text:TimerMatchSet)
                  00000974    0000000e                   : timer.obj (.text:TimerEnable)
                  00000982    0000000e     rtsv7M4_T_le_v4SPD16_eabi.lib : copy_decompress_none.c.obj (.text:decompress:none:__TI_decompress_none)
                  00000990    0000000c     tm4c123gh6pm_startup_ccs.obj (.text)
                  0000099c    00000006     driverlib.lib : sysctl.obj (.text:SysCtlDelay)
                  000009a2    00000004     rtsv7M4_T_le_v4SPD16_eabi.lib : pre_init.c.obj (.text:_system_pre_init)
                  000009a6    00000004                                   : exit.c.obj (.text:abort:abort)

.const     0    000009ac    000000fc     
                  000009ac    00000090     driverlib.lib : gpio.obj (.const:g_pui32GPIOBaseAddrs)
                  00000a3c    0000006c                   : sysctl.obj (.const:g_pui32Xtals)

.cinit     0    00000aa8    00000018     
                  00000aa8    00000008     (.cinit..data.load) [load image, compression = lzss]
                  00000ab0    00000008     (__TI_handler_table)
                  00000ab8    00000008     (__TI_cinit_table)

.init_array 
*          0    00000000    00000000     UNINITIALIZED

.data      0    20000068    00000004     UNINITIALIZED
                  20000068    00000004     main.obj (.data)

.stack     0    20000000    00000068     UNINITIALIZED
                  20000000    00000004     rtsv7M4_T_le_v4SPD16_eabi.lib : boot_cortex_m.c.obj (.stack)
                  20000004    00000064     --HOLE--

MODULE SUMMARY

       Module                         code   ro data   rw data
       ------                         ----   -------   -------
    .\
       tm4c123gh6pm_startup_ccs.obj   12     620       0      
       main.obj                       280    0         4      
    +--+------------------------------+------+---------+---------+
       Total:                         292    620       4      
                                                              
    C:/ti/tivaware_c_series_2_1_4_178/driverlib/ccs/Debug/driverlib.lib
       sysctl.obj                     574    108       0      
       gpio.obj                       438    144       0      
       timer.obj                      146    0         0      
    +--+------------------------------+------+---------+---------+
       Total:                         1158   252       0      
                                                              
    C:\ti\ccs910\ccs\tools\compiler\ti-cgt-arm_18.12.3.LTS\lib\rtsv7M4_T_le_v4SPD16_eabi.lib
       memcpy_t2.asm.obj              156    0         0      
       copy_decompress_lzss.c.obj     104    0         0      
       autoinit.c.obj                 68     0         0      
       boot_cortex_m.c.obj            52     0         0      
       copy_decompress_none.c.obj     14     0         0      
       exit.c.obj                     4      0         0      
       pre_init.c.obj                 4      0         0      
    +--+------------------------------+------+---------+---------+
       Total:                         402    0         0      
                                                              
       Stack:                         0      0         104    
       Linker Generated:              0      24        0      
    +--+------------------------------+------+---------+---------+
       Grand Total:                   1852   896       108    


LINKER GENERATED COPY TABLES

__TI_cinit_table @ 00000ab8 records: 1, size/record: 8, table size: 8
	.data: load addr=00000aa8, load size=00000008 bytes, run addr=20000068, run size=00000004 bytes, compression=lzss


LINKER GENERATED HANDLER TABLE

__TI_handler_table @ 00000ab0 records: 2, size/record: 4, table size: 8
	index: 0, handler: __TI_decompress_lzss
	index: 1, handler: __TI_decompress_none


GLOBAL SYMBOLS: SORTED ALPHABETICALLY BY Name 

address   name                          
-------   ----                          
000009a7  C$$EXIT                       
00000915  GPIODirModeSet                
0000026d  GPIOPadConfigSet              
00000821  GPIOPinConfigure              
0000093f  GPIOPinTypeTimer              
00000991  ResetISR                      
000004b9  SysCtlClockGet                
000005c9  SysCtlClockSet                
0000099d  SysCtlDelay                   
000008ad  SysCtlPeripheralEnable        
000007c1  TimerConfigure                
00000975  TimerEnable                   
00000951  TimerLoadSet                  
00000963  TimerMatchSet                 
20000068  __STACK_END                   
00000068  __STACK_SIZE                  
20000200  __STACK_TOP                   
00000ab8  __TI_CINIT_Base               
00000ac0  __TI_CINIT_Limit              
00000ab0  __TI_Handler_Table_Base       
00000ab8  __TI_Handler_Table_Limit      
00000869  __TI_auto_init_nobinit_nopinit
00000759  __TI_decompress_lzss          
00000983  __TI_decompress_none          
ffffffff  __TI_pprof_out_hndl           
ffffffff  __TI_prof_data_size           
ffffffff  __TI_prof_data_start          
00000000  __TI_static_base__            
000006bd  __aeabi_memcpy                
000006bd  __aeabi_memcpy4               
000006bd  __aeabi_memcpy8               
ffffffff  __binit__                     
ffffffff  __c_args__                    
UNDEFED   __mpu_init                    
20000000  __stack                       
000008e1  _c_int00_noargs               
UNDEFED   _system_post_cinit            
000009a3  _system_pre_init              
000009a7  abort                         
ffffffff  binit                         
20000068  freq                          
00000000  g_pfnVectors                  
000003a1  main                          
000006bd  memcpy                        


GLOBAL SYMBOLS: SORTED BY Symbol Address 

address   name                          
-------   ----                          
00000000  __TI_static_base__            
00000000  g_pfnVectors                  
00000068  __STACK_SIZE                  
0000026d  GPIOPadConfigSet              
000003a1  main                          
000004b9  SysCtlClockGet                
000005c9  SysCtlClockSet                
000006bd  __aeabi_memcpy                
000006bd  __aeabi_memcpy4               
000006bd  __aeabi_memcpy8               
000006bd  memcpy                        
00000759  __TI_decompress_lzss          
000007c1  TimerConfigure                
00000821  GPIOPinConfigure              
00000869  __TI_auto_init_nobinit_nopinit
000008ad  SysCtlPeripheralEnable        
000008e1  _c_int00_noargs               
00000915  GPIODirModeSet                
0000093f  GPIOPinTypeTimer              
00000951  TimerLoadSet                  
00000963  TimerMatchSet                 
00000975  TimerEnable                   
00000983  __TI_decompress_none          
00000991  ResetISR                      
0000099d  SysCtlDelay                   
000009a3  _system_pre_init              
000009a7  C$$EXIT                       
000009a7  abort                         
00000ab0  __TI_Handler_Table_Base       
00000ab8  __TI_CINIT_Base               
00000ab8  __TI_Handler_Table_Limit      
00000ac0  __TI_CINIT_Limit              
20000000  __stack                       
20000068  __STACK_END                   
20000068  freq                          
20000200  __STACK_TOP                   
ffffffff  __TI_pprof_out_hndl           
ffffffff  __TI_prof_data_size           
ffffffff  __TI_prof_data_start          
ffffffff  __binit__                     
ffffffff  __c_args__                    
ffffffff  binit                         
UNDEFED   __mpu_init                    
UNDEFED   _system_post_cinit            

[44 symbols]
