******************************************************************************
                  TI ARM Linker PC v18.12.3                    
******************************************************************************
>> Linked Mon Nov 11 13:31:35 2019

OUTPUT FILE NAME:   <blink_TIVAC_RTOS.out>
ENTRY POINT SYMBOL: "_c_int00"  address: 00003a61


MEMORY CONFIGURATION

         name            origin    length      used     unused   attr    fill
----------------------  --------  ---------  --------  --------  ----  --------
  FLASH                 00000000   00040000  00007581  00038a7f  R  X
  SRAM                  20000000   00008000  00001b54  000064ac  RW X


SEGMENT ALLOCATION MAP

run origin  load origin   length   init length attrs members
----------  ----------- ---------- ----------- ----- -------
00000000    00000000    00007588   00007588    r-x
  00000000    00000000    0000003c   0000003c    r-- .resetVecs
  00000040    00000040    00005122   00005122    r-x .text
  00005164    00005164    000021eb   000021eb    r-- .const
  00007350    00007350    00000238   00000238    r-- .cinit
20000000    20000000    00001b58   00000000    rw-
  20000000    20000000    00000360   00000000    rw- .vecs
  20000360    20000360    00000f08   00000000    rw- .bss
  20001268    20001268    000004ec   00000000    rw- .data
  20001758    20001758    00000400   00000000    rw- .stack


SECTION ALLOCATION MAP

 output                                  attributes/
section   page    origin      length       input sections
--------  ----  ----------  ----------   ----------------
.text      0    00000040    00005122     
                  00000040    00000430     sysbios.aem4f : BIOS.obj (.text:ti_sysbios_family_arm_m3_Hwi_excDumpRegs__I)
                  00000470    0000034c     ti.targets.arm.rtsarm.aem4f : System.oem4f (.text:xdc_runtime_System_doPrint__I)
                  000007bc    00000004     rtsv7M4_T_le_v4SPD16_eabi.lib : exit.c.obj (.text:abort:abort)
                  000007c0    000002ec     sysbios.aem4f : BIOS.obj (.text:ti_sysbios_knl_Semaphore_pend__E)
                  00000aac    00000004     empty_pem4f.oem4f (.text:malloc)
                  00000ab0    000001f4     sysbios.aem4f : BIOS.obj (.text:ti_sysbios_family_arm_m3_Hwi_excHandlerMax__I)
                  00000ca4    00000004     empty_pem4f.oem4f (.text:ti_sysbios_BIOS_RtsGateProxy_enter__E)
                  00000ca8    00000174     sysbios.aem4f : BIOS.obj (.text:ti_sysbios_family_arm_m3_Hwi_excBusFault__I)
                  00000e1c    00000004     empty_pem4f.oem4f (.text:ti_sysbios_BIOS_RtsGateProxy_leave__E)
                  00000e20    00000164     sysbios.aem4f : BIOS.obj (.text:ti_sysbios_family_arm_m3_Hwi_excUsageFault__I)
                  00000f84    00000004                   : BIOS.obj (.text:ti_sysbios_family_arm_lm4_Timer_masterEnable__I)
                  00000f88    00000148                   : BIOS.obj (.text:ti_sysbios_family_arm_m3_Hwi_excMemFault__I)
                  000010d0    00000144                   : BIOS.obj (.text:ti_sysbios_family_arm_m3_Hwi_dispatchC__I)
                  00001214    00000144     ti.targets.arm.rtsarm.aem4f : HeapStd.oem4f (.text:xdc_runtime_HeapStd_alloc__E)
                  00001358    00000140     sysbios.aem4f : BIOS.obj (.text:ti_sysbios_knl_Semaphore_post__E)
                  00001498    0000013c                   : BIOS.obj (.text:ti_sysbios_knl_Clock_workFunc__E)
                  000015d4    00000130     driverlib.lib : gpio.obj (.text:GPIOPadConfigSet)
                  00001704    00000004     empty_pem4f.oem4f (.text:ti_sysbios_family_arm_m3_TaskSupport_Module__startupDone__S)
                  00001708    00000120     sysbios.aem4f : BIOS.obj (.text:ti_sysbios_family_arm_lm4_Timer_start__E)
                  00001828    0000011c                   : BIOS.obj (.text:ti_sysbios_knl_Swi_run__I)
                  00001944    00000118     ti.targets.arm.rtsarm.aem4f : Error.oem4f (.text:xdc_runtime_Error_policyDefault__E)
                  00001a5c    00000100     Boot.aem4f : Boot_sysctl.oem4f (.text:ti_catalog_arm_cortexm4_tiva_ce_Boot_sysCtlClockSetI__I)
                  00001b5c    00000100     ti.targets.arm.rtsarm.aem4f : Core-mem.oem4f (.text:xdc_runtime_Core_createObject__I)
                  00001c5c    000000f8                                 : Startup.oem4f (.text:xdc_runtime_Startup_startMods__I)
                  00001d54    000000f8     empty_pem4f.oem4f (.text:xdc_runtime_System_printfExtend__I)
                  00001e4c    000000f4     sysbios.aem4f : m3_Hwi_asm.obj (.text:ti_sysbios_family_arm_m3_Hwi_dispatch__I)
                  00001f40    000000f0     driverlib.lib : sysctl.obj (.text:SysCtlClockSet)
                  00002030    000000e0     empty_pem4f.oem4f (.text:ti_uia_loggers_LoggerMin_write__E)
                  00002110    000000d8     sysbios.aem4f : BIOS.obj (.text:ti_sysbios_family_arm_lm4_TimestampProvider_get32__E)
                  000021e8    000000d4     main.obj (.text:ledToggle)
                  000022bc    00000004     empty_pem4f.oem4f (.text:ti_sysbios_knl_Clock_TimerProxy_getMaxTicks__E)
                  000022c0    000000cc     sysbios.aem4f : BIOS.obj (.text:ti_sysbios_knl_Task_schedule__I)
                  0000238c    000000cc     ti.targets.arm.rtsarm.aem4f : Core-smem.oem4f (.text:xdc_runtime_Core_constructObject__I)
                  00002458    000000cc                                 : HeapStd.oem4f (.text:xdc_runtime_HeapStd_Instance_init__E)
                  00002524    00000004     empty_pem4f.oem4f (.text:ti_sysbios_knl_Clock_TimerProxy_getPeriod__E)
                  00002528    000000bc     sysbios.aem4f : BIOS.obj (.text:ti_sysbios_family_arm_m3_Hwi_excDebugMon__I)
                  000025e4    00000004     empty_pem4f.oem4f (.text:ti_sysbios_knl_Queue_destruct)
                  000025e8    000000bc     sysbios.aem4f : BIOS.obj (.text:ti_sysbios_family_arm_m3_Hwi_excHardFault__I)
                  000026a4    00000004     empty_pem4f.oem4f (.text:ti_sysbios_knl_Semaphore_destruct)
                  000026a8    000000bc     sysbios.aem4f : BIOS.obj (.text:ti_sysbios_knl_Task_startCore__E)
                  00002764    00000004     ti.targets.arm.rtsarm.aem4f : Error.oem4f (.text:xdc_runtime_Error_getSite__E)
                  00002768    000000bc     sysbios.aem4f : BIOS.obj (.text:ti_sysbios_utils_Load_updateLoads__E)
                  00002824    00000004     ti.targets.arm.rtsarm.aem4f : HeapStd.oem4f (.text:xdc_runtime_HeapStd_isBlocking__E)
                  00002828    000000b4     sysbios.aem4f : BIOS.obj (.text:ti_sysbios_gates_GateMutex_enter__E)
                  000028dc    00000004     empty_pem4f.oem4f (.text:xdc_runtime_System_Module_GateProxy_enter__E)
                  000028e0    000000b4     sysbios.aem4f : BIOS.obj (.text:ti_sysbios_knl_Task_checkStacks__E)
                  00002994    00000004     empty_pem4f.oem4f (.text:xdc_runtime_System_Module_GateProxy_leave__E)
                  00002998    000000b0     sysbios.aem4f : BIOS.obj (.text:ti_sysbios_utils_Load_idleFxn__E)
                  00002a48    000000ac                   : BIOS.obj (.text:ti_sysbios_family_arm_lm4_Timer_enableTiva__I)
                  00002af4    00000004     ti.targets.arm.rtsarm.aem4f : System.oem4f (.text:xdc_runtime_System_aprintf_va__F)
                  00002af8    000000ac     sysbios.aem4f : BIOS.obj (.text:ti_sysbios_knl_Swi_post__E)
                  00002ba4    00000004     ti.targets.arm.rtsarm.aem4f : System.oem4f (.text:xdc_runtime_System_printf_va__F)
                  00002ba8    000000a8     sysbios.aem4f : BIOS.obj (.text:ti_sysbios_family_arm_lm4_Timer_enableTimers__I)
                  00002c50    000000a8                   : BIOS.obj (.text:ti_sysbios_knl_Task_blockI__E)
                  00002cf8    000000a8     ti.targets.arm.rtsarm.aem4f : HeapStd.oem4f (.text:xdc_runtime_HeapStd_free__E)
                  00002da0    000000a0     auto_init.aem4f : auto_init.oem4f (.text)
                  00002e40    000000a0     ti.targets.arm.rtsarm.aem4f : Text.oem4f (.text:xdc_runtime_Text_putMod__E)
                  00002ee0    0000009c     rtsv7M4_T_le_v4SPD16_eabi.lib : memcpy_t2.asm.obj (.text)
                  00002f7c    00000002                                   : _lock.c.obj (.text:_nop)
                  00002f7e    00000002     empty_pem4f.oem4f (.text:free)
                  00002f80    0000009c     sysbios.aem4f : BIOS.obj (.text:ti_sysbios_knl_Semaphore_Instance_init__E)
                  0000301c    0000009a     ti.targets.arm.rtsarm.aem4f : Text.oem4f (.text:xdc_runtime_Text_putSite__E)
                  000030b6    00000002     rtsv7M4_T_le_v4SPD16_eabi.lib : div0.asm.obj (.text)
                  000030b8    00000098     Boot.aem4f : Boot.oem4f (.text:ti_catalog_arm_cortexm4_tiva_ce_Boot_sysCtlClockSet__E)
                  00003150    00000094     sysbios.aem4f : BIOS.obj (.text:ti_sysbios_family_arm_m3_Hwi_initNVIC__E)
                  000031e4    00000002     empty_pem4f.oem4f (.text:ti_sysbios_BIOS_nullFunc__I)
                  000031e6    00000002     ti.uia.loggers.aem4f : LoggerMin.oem4f (.text:ti_uia_loggers_LoggerMin_Instance_init__E)
                  000031e8    00000094     sysbios.aem4f : BIOS.obj (.text:ti_sysbios_knl_Task_exit__E)
                  0000327c    00000002     empty_pem4f.oem4f (.text:xdc_runtime_Startup_reset__I)
                  0000327e    00000002     --HOLE-- [fill = 0]
                  00003280    00000094     sysbios.aem4f : BIOS.obj (.text:ti_sysbios_knl_Task_postInit__I)
                  00003314    00000004     --HOLE-- [fill = 0]
                  00003318    00000090                   : BIOS.obj (.text:ti_sysbios_knl_Task_unblockI__E)
                  000033a8    0000008c                   : m3_TaskSupport_asm.obj (.text:ti_sysbios_family_arm_m3_TaskSupport_buildTaskStack)
                  00003434    00000004     --HOLE-- [fill = 0]
                  00003438    00000084                   : BIOS.obj (.text:ti_sysbios_family_arm_m3_Hwi_postInit__I)
                  000034bc    0000007a     rtsv7M4_T_le_v4SPD16_eabi.lib : memset_t2.asm.obj (.text)
                  00003536    00000002     --HOLE-- [fill = 0]
                  00003538    0000006d     ti.targets.arm.rtsarm.aem4f : System.oem4f (.text:xdc_runtime_System_formatNum__I)
                  000035a5    00000003     --HOLE-- [fill = 0]
                  000035a8    0000006c     sysbios.aem4f : BIOS.obj (.text:ti_sysbios_knl_Swi_restoreHwi__E)
                  00003614    0000006c     ti.targets.arm.rtsarm.aem4f : Error.oem4f (.text:xdc_runtime_Error_print__E)
                  00003680    0000006c                                 : Memory.oem4f (.text:xdc_runtime_Memory_alloc__E)
                  000036ec    00000068     rtsv7M4_T_le_v4SPD16_eabi.lib : copy_decompress_lzss.c.obj (.text:decompress:lzss:__TI_decompress_lzss)
                  00003754    00000066     ti.targets.arm.rtsarm.aem4f : Core-mem.oem4f (.text:xdc_runtime_Core_deleteObject__I)
                  000037ba    00000006     driverlib.lib : gpio.obj (.text:GPIOPinRead)
                  000037c0    00000064     sysbios.aem4f : BIOS.obj (.text:ti_sysbios_family_arm_lm4_Timer_Module_startup__E)
                  00003824    00000004     --HOLE-- [fill = 0]
                  00003828    00000060                   : BIOS.obj (.text:ti_sysbios_family_arm_lm4_Timer_isrStub__E)
                  00003888    00000060                   : BIOS.obj (.text:ti_sysbios_knl_Clock_logTick__E)
                  000038e8    00000060                   : BIOS.obj (.text:ti_sysbios_utils_Load_logCPULoad__I)
                  00003948    0000005c                   : BIOS.obj (.text:ti_sysbios_knl_Swi_schedule__I)
                  000039a4    00000004     --HOLE-- [fill = 0]
                  000039a8    0000005c                   : BIOS.obj (.text:ti_sysbios_knl_Task_Module_startup__E)
                  00003a04    0000005b     ti.targets.arm.rtsarm.aem4f : Text.oem4f (.text:xdc_runtime_Text_putLab__E)
                  00003a5f    00000001     --HOLE-- [fill = 0]
                  00003a60    00000058     boot.aem4f : boot.oem4f (.text)
                  00003ab8    00000058     rtsv7M4_T_le_v4SPD16_eabi.lib : hostwrite.c.obj (.text:HOSTwrite)
                  00003b10    00000058     sysbios.aem4f : m3_Hwi_asm_switch.obj (.text:ti_sysbios_family_arm_m3_Hwi_initStacks__E)
                  00003b68    00000058     empty_pem4f.oem4f (.text:xdc_runtime_HeapStd_Object__create__S)
                  00003bc0    00000054     ti.targets.arm.rtsarm.aem4f : Assert.oem4f (.text:xdc_runtime_Assert_raise__I)
                  00003c14    00000004     --HOLE-- [fill = 0]
                  00003c18    00000050     sysbios.aem4f : BIOS.obj (.text:ti_sysbios_family_arm_m3_Hwi_Module_startup__E)
                  00003c68    00000050     ti.targets.arm.rtsarm.aem4f : Startup.oem4f (.text:xdc_runtime_Startup_exec__E)
                  00003cb8    00000050                                 : Text.oem4f (.text:xdc_runtime_Text_visitRope2__I)
                  00003d08    0000004c     rtsv7M4_T_le_v4SPD16_eabi.lib : cpy_tbl.c.obj (.text:copy_in)
                  00003d54    00000004     --HOLE-- [fill = 0]
                  00003d58    0000004c     sysbios.aem4f : BIOS.obj (.text:ti_sysbios_knl_Swi_runLoop__I)
                  00003da4    00000004     --HOLE-- [fill = 0]
                  00003da8    0000004c                   : BIOS.obj (.text:ti_sysbios_knl_Task_allBlockedFunction__I)
                  00003df4    00000004     --HOLE-- [fill = 0]
                  00003df8    00000048                   : BIOS.obj (.text:ti_sysbios_family_arm_m3_Hwi_disableInterrupt__E)
                  00003e40    00000048                   : BIOS.obj (.text:ti_sysbios_family_arm_m3_Hwi_enableInterrupt__E)
                  00003e88    00000048                   : BIOS.obj (.text:ti_sysbios_family_arm_m3_Hwi_excReserved__I)
                  00003ed0    00000046     ti.targets.arm.rtsarm.aem4f : Core-params.oem4f (.text:xdc_runtime_Core_assignParams__I)
                  00003f16    00000002     --HOLE-- [fill = 0]
                  00003f18    00000044     sysbios.aem4f : BIOS.obj (.text:ti_sysbios_family_arm_m3_Hwi_getStackInfo__E)
                  00003f5c    00000044     ti.targets.arm.rtsarm.aem4f : Error.oem4f (.text:xdc_runtime_Error_setX__E)
                  00003fa0    00000044                                 : SysMin.oem4f (.text:xdc_runtime_SysMin_flush__E)
                  00003fe4    00000044                                 : Text.oem4f (.text:xdc_runtime_Text_xprintf__I)
                  00004028    00000040     rtsv7M4_T_le_v4SPD16_eabi.lib : u_divt2.asm.obj (.text)
                  00004068    00000040     sysbios.aem4f : BIOS.obj (.text:ti_sysbios_family_arm_lm4_Timer_startup__E)
                  000040a8    0000003c                   : BIOS.obj (.text:ti_sysbios_family_arm_m3_Hwi_excSvCall__I)
                  000040e4    00000004     --HOLE-- [fill = 0]
                  000040e8    0000003c                   : BIOS.obj (.text:ti_sysbios_knl_Swi_restore__E)
                  00004124    00000038     rtsv7M4_T_le_v4SPD16_eabi.lib : trgmsg.c.obj (.text:__TI_writemsg)
                  0000415c    00000004     --HOLE-- [fill = 0]
                  00004160    00000038     sysbios.aem4f : BIOS.obj (.text:ti_sysbios_family_arm_m3_Hwi_excNoIsr__I)
                  00004198    00000038                   : BIOS.obj (.text:ti_sysbios_knl_Task_processVitalTaskFlag__I)
                  000041d0    00000038     ti.targets.arm.rtsarm.aem4f : SysMin.oem4f (.text:xdc_runtime_SysMin_putch__E)
                  00004208    00000038                                 : System.oem4f (.text:xdc_runtime_System_atexit__E)
                  00004240    00000034     driverlib.lib : sysctl.obj (.text:SysCtlPeripheralEnable)
                  00004274    00000034     rtsv7M4_T_le_v4SPD16_eabi.lib : trgmsg.c.obj (.text:__TI_readmsg)
                  000042a8    00000034     sysbios.aem4f : BIOS.obj (.text:ti_sysbios_family_arm_m3_Hwi_excNmi__I)
                  000042dc    00000004     --HOLE-- [fill = 0]
                  000042e0    00000034                   : BIOS.obj (.text:ti_sysbios_hal_Hwi_checkStack)
                  00004314    00000034     ti.targets.arm.rtsarm.aem4f : Core-label.oem4f (.text:xdc_runtime_Core_assignLabel__I)
                  00004348    00000033                                 : Text.oem4f (.text:xdc_runtime_Text_printVisFxn__I)
                  0000437b    00000005     --HOLE-- [fill = 0]
                  00004380    00000032     sysbios.aem4f : BIOS.obj (.text:ti_sysbios_hal_Hwi_initStack)
                  000043b2    00000006     driverlib.lib : gpio.obj (.text:GPIOPinWrite)
                  000043b8    00000032     sysbios.aem4f : BIOS.obj (.text:ti_sysbios_knl_Semaphore_pendTimeout__I)
                  000043ea    00000002     --HOLE-- [fill = 0]
                  000043ec    00000030     main.obj (.text:hardware_init)
                  0000441c    00000030     empty_pem4f.oem4f (.text:ti_sysbios_BIOS_atExitFunc__I)
                  0000444c    00000004     --HOLE-- [fill = 0]
                  00004450    00000030     sysbios.aem4f : BIOS.obj (.text:ti_sysbios_family_arm_lm4_Timer_stop__E)
                  00004480    00000030                   : BIOS.obj (.text:ti_sysbios_family_arm_m3_TaskSupport_start__E)
                  000044b0    00000030     empty_pem4f.oem4f (.text:ti_sysbios_gates_GateHwi_Object__create__S)
                  000044e0    00000030     empty_pem4f.oem4f (.text:ti_sysbios_gates_GateMutex_Object__create__S)
                  00004510    00000030     empty_pem4f.oem4f (.text:ti_sysbios_knl_Semaphore_construct)
                  00004540    00000030     sysbios.aem4f : BIOS.obj (.text:ti_sysbios_utils_Load_updateCurrentThreadTime__E)
                  00004570    00000030     empty_pem4f.oem4f (.text:ti_uia_loggers_LoggerMin_Object__create__S)
                  000045a0    00000030     ti.uia.loggers.aem4f : LoggerMin.oem4f (.text:ti_uia_loggers_LoggerMin_write8__E)
                  000045d0    00000030     ti.targets.arm.rtsarm.aem4f : SysMin.oem4f (.text:xdc_runtime_SysMin_abort__E)
                  00004600    00000030                                 : System.oem4f (.text:xdc_runtime_System_processAtExit__E)
                  00004630    0000002c     empty_pem4f.oem4f (.text:ti_sysbios_knl_Clock_doTick__I)
                  0000465c    0000002c     empty_pem4f.oem4f (.text:ti_sysbios_knl_Queue_construct)
                  00004688    0000002c     sysbios.aem4f : BIOS.obj (.text:ti_sysbios_knl_Task_restore__E)
                  000046b4    0000002c     ti.targets.arm.rtsarm.aem4f : Text.oem4f (.text:xdc_runtime_Text_cordText__E)
                  000046e0    0000002a     driverlib.lib : gpio.obj (.text:GPIODirModeSet)
                  0000470a    0000002a     ti.uia.loggers.aem4f : LoggerMin.oem4f (.text:ti_uia_loggers_LoggerMin_write4__E)
                  00004734    0000002a     ti.targets.arm.rtsarm.aem4f : System.oem4f (.text:xdc_runtime_System_putchar__I)
                  0000475e    00000002     --HOLE-- [fill = 0]
                  00004760    00000028     sysbios.aem4f : BIOS.obj (.text:ti_sysbios_knl_Swi_Module_startup__E)
                  00004788    00000026                   : m3_Hwi_asm.obj (.text:ti_sysbios_family_arm_m3_Hwi_pendSV__I)
                  000047ae    00000026     ti.uia.loggers.aem4f : LoggerMin.oem4f (.text:ti_uia_loggers_LoggerMin_write0__E)
                  000047d4    00000026                          : LoggerMin.oem4f (.text:ti_uia_loggers_LoggerMin_write2__E)
                  000047fa    00000026     ti.targets.arm.rtsarm.aem4f : System.oem4f (.text:xdc_runtime_System_avprintf__E)
                  00004820    00000024     empty_pem4f.oem4f (.text:ti_sysbios_BIOS_errorRaiseHook__I)
                  00004844    00000024     empty_pem4f.oem4f (.text:ti_sysbios_BIOS_registerRTSLock__I)
                  00004868    00000024     empty_pem4f.oem4f (.text:ti_sysbios_BIOS_removeRTSLock__I)
                  0000488c    00000024     empty_pem4f.oem4f (.text:ti_sysbios_BIOS_startFunc__I)
                  000048b0    00000024     empty_pem4f.oem4f (.text:ti_sysbios_gates_GateMutex_Object__delete__S)
                  000048d4    00000004     --HOLE-- [fill = 0]
                  000048d8    00000024     sysbios.aem4f : BIOS.obj (.text:ti_sysbios_knl_Clock_Module_startup__E)
                  000048fc    00000004     --HOLE-- [fill = 0]
                  00004900    00000024                   : BIOS.obj (.text:ti_sysbios_knl_Task_restoreHwi__E)
                  00004924    00000024     ti.uia.loggers.aem4f : LoggerMin.oem4f (.text:ti_uia_loggers_LoggerMin_write1__E)
                  00004948    00000024     ti.targets.arm.rtsarm.aem4f : System.oem4f (.text:xdc_runtime_System_vprintf__E)
                  0000496c    00000004     --HOLE-- [fill = 0]
                  00004970    00000022     sysbios.aem4f : BIOS.obj (.text:ti_sysbios_family_arm_lm4_Timer_write__I)
                  00004992    00000022     empty_pem4f.oem4f (.text:xdc_runtime_SysMin_output__I)
                  000049b4    00000020     empty_pem4f.oem4f (.text:ti_sysbios_BIOS_rtsLock__I)
                  000049d4    00000020     sysbios.aem4f : m3_Hwi_asm.obj (.text:ti_sysbios_family_arm_m3_Hwi_excHandlerAsm__I)
                  000049f4    00000004     --HOLE-- [fill = 0]
                  000049f8    00000020                   : BIOS.obj (.text:ti_sysbios_family_arm_m3_Hwi_excHandler__I)
                  00004a18    00000020     empty_pem4f.oem4f (.text:ti_sysbios_gates_GateHwi_Object__delete__S)
                  00004a38    00000020     sysbios.aem4f : BIOS.obj (.text:ti_sysbios_knl_Idle_run__E)
                  00004a58    00000020     empty_pem4f.oem4f (.text:ti_sysbios_knl_Semaphore_Object__destruct__S)
                  00004a78    00000020     empty_pem4f.oem4f (.text:ti_uia_loggers_LoggerMin_Object__delete__S)
                  00004a98    00000020     ti.targets.arm.rtsarm.aem4f : Registry.oem4f (.text:xdc_runtime_Registry_findById__E)
                  00004ab8    00000020                                 : SysMin.oem4f (.text:xdc_runtime_SysMin_Module_startup__E)
                  00004ad8    0000001e     sysbios.aem4f : m3_Hwi_asm_switch.obj (.text:ti_sysbios_family_xxx_Hwi_switchAndRunFunc)
                  00004af6    00000002     --HOLE-- [fill = 0]
                  00004af8    0000001c                   : BIOS.obj (.text:ti_sysbios_gates_GateMutex_Instance_init__E)
                  00004b14    0000001c     empty_pem4f.oem4f (.text:ti_sysbios_knl_Queue_Object__destruct__S)
                  00004b30    0000001c     sysbios.aem4f : BIOS.obj (.text:ti_sysbios_knl_Queue_put__E)
                  00004b4c    00000004     --HOLE-- [fill = 0]
                  00004b50    0000001c                   : BIOS.obj (.text:ti_sysbios_knl_Task_enter__I)
                  00004b6c    0000001c     ti.uia.loggers.aem4f : LoggerMin.oem4f (.text:ti_uia_loggers_LoggerMin_disable__E)
                  00004b88    0000001c                          : LoggerMin.oem4f (.text:ti_uia_loggers_LoggerMin_enable__E)
                  00004ba4    0000001c     ti.targets.arm.rtsarm.aem4f : Error.oem4f (.text:xdc_runtime_Error_raiseX__E)
                  00004bc0    0000001c     empty_pem4f.oem4f (.text:xdc_runtime_HeapStd_Object__delete__S)
                  00004bdc    0000001c     ti.targets.arm.rtsarm.aem4f : Memory.oem4f (.text:xdc_runtime_Memory_valloc__E)
                  00004bf8    0000001c                                 : SysMin.oem4f (.text:xdc_runtime_SysMin_exit__E)
                  00004c14    0000001c                                 : System.oem4f (.text:xdc_runtime_System_abort__E)
                  00004c30    0000001a     empty_pem4f.oem4f (.text:ti_sysbios_family_arm_m3_Hwi_Handle__label__S)
                  00004c4a    0000001a     empty_pem4f.oem4f (.text:ti_sysbios_gates_GateHwi_Handle__label__S)
                  00004c64    0000001a     empty_pem4f.oem4f (.text:ti_sysbios_gates_GateMutex_Handle__label__S)
                  00004c7e    0000001a     empty_pem4f.oem4f (.text:ti_sysbios_knl_Swi_Handle__label__S)
                  00004c98    0000001a     empty_pem4f.oem4f (.text:ti_sysbios_knl_Task_Handle__label__S)
                  00004cb2    0000001a     empty_pem4f.oem4f (.text:ti_uia_loggers_LoggerMin_Handle__label__S)
                  00004ccc    0000001a     empty_pem4f.oem4f (.text:xdc_runtime_HeapStd_Handle__label__S)
                  00004ce6    0000001a     empty_pem4f.oem4f (.text:xdc_runtime_System_aprintf__E)
                  00004d00    0000001a     empty_pem4f.oem4f (.text:xdc_runtime_System_printf__E)
                  00004d1a    00000018     driverlib.lib : gpio.obj (.text:GPIOPinTypeGPIOOutput)
                  00004d32    00000002     --HOLE-- [fill = 0]
                  00004d34    00000018     rtsv7M4_T_le_v4SPD16_eabi.lib : args_main.c.obj (.text:_args_main)
                  00004d4c    00000018     empty_pem4f.oem4f (.text:ti_sysbios_BIOS_rtsUnlock__I)
                  00004d64    00000018     empty_pem4f.oem4f (.text:ti_sysbios_family_arm_lm4_Timer_Module__startupDone__F)
                  00004d7c    00000018     empty_pem4f.oem4f (.text:ti_sysbios_family_arm_m3_Hwi_Module__startupDone__F)
                  00004d94    00000018     sysbios.aem4f : m3_TaskSupport_asm.obj (.text:ti_sysbios_family_arm_m3_TaskSupport_swap__E)
                  00004dac    00000004     --HOLE-- [fill = 0]
                  00004db0    00000018                   : BIOS.obj (.text:ti_sysbios_gates_GateMutex_leave__E)
                  00004dc8    00000018     ti.uia.loggers.aem4f : LoggerMin.oem4f (.text:ti_uia_loggers_LoggerMin_Module_startup__E)
                  00004de0    00000018     ti.targets.arm.rtsarm.aem4f : Error.oem4f (.text:xdc_runtime_Error_check__E)
                  00004df8    00000018                                 : System.oem4f (.text:xdc_runtime_System_exit__E)
                  00004e10    00000018                                 : Text.oem4f (.text:xdc_runtime_Text_ropeText__E)
                  00004e28    00000016     empty_pem4f.oem4f (.text:ti_sysbios_BIOS_exitFunc__I)
                  00004e3e    00000014     rtsv7M4_T_le_v4SPD16_eabi.lib : strlen.c.obj (.text:strlen)
                  00004e52    00000002     --HOLE-- [fill = 0]
                  00004e54    00000014     empty_pem4f.oem4f (.text:ti_sysbios_family_arm_m3_Hwi_Object__get__S)
                  00004e68    00000014     sysbios.aem4f : BIOS.obj (.text:ti_sysbios_family_arm_m3_Hwi_switchFromBootStack__E)
                  00004e7c    00000014     empty_pem4f.oem4f (.text:ti_sysbios_knl_Swi_Object__get__S)
                  00004e90    00000012     sysbios.aem4f : BIOS.obj (.text:ti_sysbios_hal_Hwi_Module_startup__E)
                  00004ea2    00000012     empty_pem4f.oem4f (.text:xdc_runtime_Startup_exec__I)
                  00004eb4    00000010     main.obj (.text:delay)
                  00004ec4    00000004     --HOLE-- [fill = 0]
                  00004ec8    00000010     sysbios.aem4f : BIOS.obj (.text:ti_sysbios_BIOS_getCpuFreq__E)
                  00004ed8    00000010                   : BIOS.obj (.text:ti_sysbios_BIOS_setThreadType__E)
                  00004ee8    00000010                   : BIOS.obj (.text:ti_sysbios_BIOS_start__E)
                  00004ef8    00000010                   : BIOS.obj (.text:ti_sysbios_family_arm_lm4_TimestampProvider_rolloverFunc__E)
                  00004f08    00000010                   : m3_TaskSupport_asm.obj (.text:ti_sysbios_family_arm_m3_TaskSupport_glue)
                  00004f18    00000010                   : BIOS.obj (.text:ti_sysbios_gates_GateMutex_Instance_finalize__E)
                  00004f28    00000010                   : BIOS.obj (.text:ti_sysbios_knl_Semaphore_Instance_finalize__E)
                  00004f38    00000010                   : BIOS.obj (.text:ti_sysbios_knl_Swi_disable__E)
                  00004f48    00000010     empty_pem4f.oem4f (.text:ti_sysbios_knl_Task_Object__get__S)
                  00004f58    00000010     sysbios.aem4f : BIOS.obj (.text:ti_sysbios_knl_Task_disable__E)
                  00004f68    00000010     empty_pem4f.oem4f (.text:ti_uia_loggers_LoggerMin_genTimestamp__I)
                  00004f78    00000010     ti.targets.arm.rtsarm.aem4f : Gate.oem4f (.text:xdc_runtime_Gate_leaveSystem__E)
                  00004f88    00000010                                 : Memory.oem4f (.text:xdc_runtime_Memory_free__E)
                  00004f98    00000010                                 : SysMin.oem4f (.text:xdc_runtime_SysMin_ready__E)
                  00004fa8    00000010                                 : System.oem4f (.text:xdc_runtime_System_vsnprintf__E)
                  00004fb8    00000010     empty_pem4f.oem4f (.text:xdc_runtime_Text_visitRope__I)
                  00004fc8    0000000e     rtsv7M4_T_le_v4SPD16_eabi.lib : copy_decompress_none.c.obj (.text:decompress:none:__TI_decompress_none)
                  00004fd6    00000002     --HOLE-- [fill = 0]
                  00004fd8    0000000e     sysbios.aem4f : BIOS.obj (.text:ti_sysbios_knl_Idle_loop__E)
                  00004fe6    00000002     --HOLE-- [fill = 0]
                  00004fe8    0000000e                   : BIOS.obj (.text:ti_sysbios_knl_Queue_empty__E)
                  00004ff6    0000000e     ti.targets.arm.rtsarm.aem4f : HeapStd.oem4f (.text:xdc_runtime_HeapStd_getStats__E)
                  00005004    0000000c     empty_pem4f.oem4f (.text:.bootCodeSection:ti_catalog_arm_cortexm4_tiva_ce_Boot_init__I)
                  00005010    0000000c     rtsv7M4_T_le_v4SPD16_eabi.lib : _lock.c.obj (.text:_register_lock)
                  0000501c    0000000c                                   : _lock.c.obj (.text:_register_unlock)
                  00005028    0000000c                                   : copy_zero_init.c.obj (.text:decompress:ZI:__TI_zero_init)
                  00005034    0000000c     main.obj (.text:main)
                  00005040    0000000c     sysbios.aem4f : BIOS.obj (.text:ti_sysbios_family_arm_lm4_Timer_getMaxTicks__E)
                  0000504c    00000004     --HOLE-- [fill = 0]
                  00005050    0000000c                   : BIOS.obj (.text:ti_sysbios_family_arm_lm4_TimestampProvider_startTimer__E)
                  0000505c    00000004     --HOLE-- [fill = 0]
                  00005060    0000000c                   : BIOS.obj (.text:ti_sysbios_family_arm_m3_Hwi_disableFxn__E)
                  0000506c    00000004     --HOLE-- [fill = 0]
                  00005070    0000000c                   : BIOS.obj (.text:ti_sysbios_family_arm_m3_TaskSupport_checkStack__E)
                  0000507c    00000004     --HOLE-- [fill = 0]
                  00005080    0000000c                   : BIOS.obj (.text:ti_sysbios_gates_GateHwi_enter__E)
                  0000508c    0000000c     empty_pem4f.oem4f (.text:ti_sysbios_knl_Queue_Object__get__S)
                  00005098    0000000c     ti.targets.arm.rtsarm.aem4f : Error.oem4f (.text:xdc_runtime_Error_init__E)
                  000050a4    0000000c                                 : Gate.oem4f (.text:xdc_runtime_Gate_enterSystem__E)
                  000050b0    0000000c                                 : Memory.oem4f (.text:xdc_runtime_Memory_calloc__E)
                  000050bc    0000000c                                 : Memory.oem4f (.text:xdc_runtime_Memory_getMaxDefaultTypeAlign__E)
                  000050c8    0000000a     empty_pem4f.oem4f (.text:xdc_runtime_IHeap_alloc)
                  000050d2    0000000a     empty_pem4f.oem4f (.text:xdc_runtime_IHeap_free)
                  000050dc    00000008     sysbios.aem4f : BIOS.obj (.text:ti_sysbios_family_arm_lm4_Timer_masterDisable__I)
                  000050e4    00000004     --HOLE-- [fill = 0]
                  000050e8    00000008                   : BIOS.obj (.text:ti_sysbios_family_arm_m3_Hwi_doSwiRestore__I)
                  000050f0    00000008                   : BIOS.obj (.text:ti_sysbios_family_arm_m3_Hwi_startup__E)
                  000050f8    00000006     driverlib.lib : sysctl.obj (.text:SysCtlDelay)
                  000050fe    00000006     Boot.aem4f : Boot_sysctl.oem4f (.text:ti_catalog_arm_cortexm4_tiva_ce_Boot_sysCtlDelayI__I)
                  00005104    00000004     --HOLE-- [fill = 0]
                  00005108    00000006     sysbios.aem4f : BIOS.obj (.text:ti_sysbios_family_arm_lm4_TimestampProvider_Module_startup__E)
                  0000510e    00000002     --HOLE-- [fill = 0]
                  00005110    00000006                   : BIOS.obj (.text:ti_sysbios_family_arm_m3_Hwi_doTaskRestore__I)
                  00005116    00000002     --HOLE-- [fill = 0]
                  00005118    00000006                   : BIOS.obj (.text:ti_sysbios_family_arm_m3_Hwi_restoreFxn__E)
                  0000511e    00000002     --HOLE-- [fill = 0]
                  00005120    00000006                   : BIOS.obj (.text:ti_sysbios_gates_GateHwi_leave__E)
                  00005126    00000002     --HOLE-- [fill = 0]
                  00005128    00000006                   : BIOS.obj (.text:ti_sysbios_knl_Queue_Instance_init__E)
                  0000512e    00000002     --HOLE-- [fill = 0]
                  00005130    00000006                   : BIOS.obj (.text:ti_sysbios_knl_Swi_startup__E)
                  00005136    00000006     ti.targets.arm.rtsarm.aem4f : System.oem4f (.text:xdc_runtime_System_Module_startup__E)
                  0000513c    00000004     --HOLE-- [fill = 0]
                  00005140    00000004     sysbios.aem4f : BIOS.obj (.text:ti_sysbios_family_arm_lm4_Timer_getPeriod__E)
                  00005144    00000004     --HOLE-- [fill = 0]
                  00005148    00000004                   : BIOS.obj (.text:ti_sysbios_gates_GateHwi_query__E)
                  0000514c    00000004     --HOLE-- [fill = 0]
                  00005150    00000004                   : BIOS.obj (.text:ti_sysbios_gates_GateMutex_query__E)
                  00005154    00000004     --HOLE-- [fill = 0]
                  00005158    00000004                   : BIOS.obj (.text:ti_sysbios_knl_Task_startup__E)
                  0000515c    00000004     --HOLE-- [fill = 0]
                  00005160    00000002                   : BIOS.obj (.text:ti_sysbios_gates_GateHwi_Instance_init__E)

.const     0    00005164    000021eb     
                  00005164    00001bb4     empty_pem4f.oem4f (.const:xdc_runtime_Text_charTab__A)
                  00006d18    000000f8     empty_pem4f.oem4f (.const:xdc_runtime_Text_nodeTab__A)
                  00006e10    00000048     empty_pem4f.oem4f (.const:.string)
                  00006e58    00000034     empty_pem4f.oem4f (.const:ti_uia_loggers_LoggerMin_Module__FXNS__C)
                  00006e8c    00000028     empty_pem4f.oem4f (.const:xdc_runtime_HeapStd_Module__FXNS__C)
                  00006eb4    00000028     empty_pem4f.oem4f (.const:xdc_runtime_Startup_sfxnTab__A)
                  00006edc    00000024     empty_pem4f.oem4f (.const:ti_sysbios_gates_GateHwi_Module__FXNS__C)
                  00006f00    00000024     empty_pem4f.oem4f (.const:ti_sysbios_gates_GateMutex_Module__FXNS__C)
                  00006f24    00000024     empty_pem4f.oem4f (.const:ti_sysbios_knl_Semaphore_Object__PARAMS__C)
                  00006f48    00000020     empty_pem4f.oem4f (.const:ti_sysbios_gates_GateHwi_Object__DESC__C)
                  00006f68    00000020     empty_pem4f.oem4f (.const:ti_sysbios_gates_GateMutex_Object__DESC__C)
                  00006f88    00000020     empty_pem4f.oem4f (.const:ti_sysbios_knl_Queue_Object__DESC__C)
                  00006fa8    00000020     empty_pem4f.oem4f (.const:ti_sysbios_knl_Semaphore_Object__DESC__C)
                  00006fc8    00000020     empty_pem4f.oem4f (.const:ti_uia_loggers_LoggerMin_Object__DESC__C)
                  00006fe8    00000020     empty_pem4f.oem4f (.const:xdc_runtime_HeapStd_Object__DESC__C)
                  00007008    0000001c     empty_pem4f.oem4f (.const:xdc_runtime_HeapStd_Object__PARAMS__C)
                  00007024    00000018     empty_pem4f.oem4f (.const:ti_sysbios_gates_GateHwi_Object__PARAMS__C)
                  0000703c    00000018     empty_pem4f.oem4f (.const:ti_sysbios_gates_GateMutex_Object__PARAMS__C)
                  00007054    00000018     empty_pem4f.oem4f (.const:ti_sysbios_knl_Queue_Object__PARAMS__C)
                  0000706c    00000018     empty_pem4f.oem4f (.const:ti_uia_loggers_LoggerMin_Object__PARAMS__C)
                  00007084    00000014     empty_pem4f.oem4f (.const:xdc_runtime_Startup_sfxnRts__A)
                  00007098    00000010     empty_pem4f.oem4f (.const:xdc_runtime_Startup_firstFxns__A)
                  000070a8    0000000c     empty_pem4f.oem4f (.const:ti_sysbios_knl_Idle_funcList__A)
                  000070b4    00000008     empty_pem4f.oem4f (.const:ti_sysbios_family_arm_m3_Hwi_excHookFuncs__A)
                  000070bc    00000008     empty_pem4f.oem4f (.const:ti_sysbios_knl_Idle_funcList__C)
                  000070c4    00000008     empty_pem4f.oem4f (.const:xdc_runtime_Startup_firstFxns__C)
                  000070cc    00000008     empty_pem4f.oem4f (.const:xdc_runtime_Startup_lastFxns__C)
                  000070d4    00000004     empty_pem4f.oem4f (.const:ti_catalog_arm_cortexm4_tiva_ce_Boot_A_mustUseEnhancedClockMode__C)
                  000070d8    00000004     empty_pem4f.oem4f (.const:ti_catalog_arm_cortexm4_tiva_ce_Boot_Module__diagsEnabled__C)
                  000070dc    00000004     empty_pem4f.oem4f (.const:ti_catalog_arm_cortexm4_tiva_ce_Boot_Module__diagsIncluded__C)
                  000070e0    00000004     empty_pem4f.oem4f (.const:ti_catalog_arm_cortexm4_tiva_ce_Boot_Module__diagsMask__C)
                  000070e4    00000004     empty_pem4f.oem4f (.const:ti_sysbios_family_arm_lm4_Timer_enableFunc__C)
                  000070e8    00000004     empty_pem4f.oem4f (.const:ti_sysbios_family_arm_lm4_Timer_numTimerDevices__C)
                  000070ec    00000004     empty_pem4f.oem4f (.const:ti_sysbios_family_arm_lm4_Timer_startupNeeded__C)
                  000070f0    00000004     empty_pem4f.oem4f (.const:ti_sysbios_family_arm_m3_Hwi_E_NMI__C)
                  000070f4    00000004     empty_pem4f.oem4f (.const:ti_sysbios_family_arm_m3_Hwi_E_busFault__C)
                  000070f8    00000004     empty_pem4f.oem4f (.const:ti_sysbios_family_arm_m3_Hwi_E_debugMon__C)
                  000070fc    00000004     empty_pem4f.oem4f (.const:ti_sysbios_family_arm_m3_Hwi_E_hardFault__C)
                  00007100    00000004     empty_pem4f.oem4f (.const:ti_sysbios_family_arm_m3_Hwi_E_memFault__C)
                  00007104    00000004     empty_pem4f.oem4f (.const:ti_sysbios_family_arm_m3_Hwi_E_noIsr__C)
                  00007108    00000004     empty_pem4f.oem4f (.const:ti_sysbios_family_arm_m3_Hwi_E_reserved__C)
                  0000710c    00000004     empty_pem4f.oem4f (.const:ti_sysbios_family_arm_m3_Hwi_E_svCall__C)
                  00007110    00000004     empty_pem4f.oem4f (.const:ti_sysbios_family_arm_m3_Hwi_E_usageFault__C)
                  00007114    00000004     empty_pem4f.oem4f (.const:ti_sysbios_family_arm_m3_Hwi_LD_end__C)
                  00007118    00000004     empty_pem4f.oem4f (.const:ti_sysbios_family_arm_m3_Hwi_LM_begin__C)
                  0000711c    00000004     empty_pem4f.oem4f (.const:ti_sysbios_family_arm_m3_Hwi_Module__diagsEnabled__C)
                  00007120    00000004     empty_pem4f.oem4f (.const:ti_sysbios_family_arm_m3_Hwi_Module__diagsIncluded__C)
                  00007124    00000004     empty_pem4f.oem4f (.const:ti_sysbios_family_arm_m3_Hwi_Module__diagsMask__C)
                  00007128    00000004     empty_pem4f.oem4f (.const:ti_sysbios_family_arm_m3_Hwi_Module__loggerFxn1__C)
                  0000712c    00000004     empty_pem4f.oem4f (.const:ti_sysbios_family_arm_m3_Hwi_Module__loggerFxn8__C)
                  00007130    00000004     empty_pem4f.oem4f (.const:ti_sysbios_family_arm_m3_Hwi_Module__loggerObj__C)
                  00007134    00000004     empty_pem4f.oem4f (.const:ti_sysbios_family_arm_m3_Hwi_NUM_INTERRUPTS__C)
                  00007138    00000004     empty_pem4f.oem4f (.const:ti_sysbios_family_arm_m3_Hwi_Object__count__C)
                  0000713c    00000004     empty_pem4f.oem4f (.const:ti_sysbios_family_arm_m3_Hwi_ccr__C)
                  00007140    00000004     empty_pem4f.oem4f (.const:ti_sysbios_family_arm_m3_Hwi_excHandlerFunc__C)
                  00007144    00000004     empty_pem4f.oem4f (.const:ti_sysbios_family_arm_m3_Hwi_excHookFuncs__C)
                  00007148    00000004     empty_pem4f.oem4f (.const:ti_sysbios_family_arm_m3_Hwi_nullIsrFunc__C)
                  0000714c    00000004     empty_pem4f.oem4f (.const:ti_sysbios_family_arm_m3_Hwi_priGroup__C)
                  00007150    00000004     empty_pem4f.oem4f (.const:ti_sysbios_gates_GateMutex_A_badContext__C)
                  00007154    00000004     empty_pem4f.oem4f (.const:ti_sysbios_gates_GateMutex_Instance_State_sem__O)
                  00007158    00000004     empty_pem4f.oem4f (.const:ti_sysbios_gates_GateMutex_Module__diagsEnabled__C)
                  0000715c    00000004     empty_pem4f.oem4f (.const:ti_sysbios_gates_GateMutex_Module__diagsIncluded__C)
                  00007160    00000004     empty_pem4f.oem4f (.const:ti_sysbios_gates_GateMutex_Module__diagsMask__C)
                  00007164    00000004     empty_pem4f.oem4f (.const:ti_sysbios_hal_Hwi_E_stackOverflow__C)
                  00007168    00000004     empty_pem4f.oem4f (.const:ti_sysbios_knl_Clock_LM_begin__C)
                  0000716c    00000004     empty_pem4f.oem4f (.const:ti_sysbios_knl_Clock_LM_tick__C)
                  00007170    00000004     empty_pem4f.oem4f (.const:ti_sysbios_knl_Clock_LW_delayed__C)
                  00007174    00000004     empty_pem4f.oem4f (.const:ti_sysbios_knl_Clock_Module_State_clockQ__O)
                  00007178    00000004     empty_pem4f.oem4f (.const:ti_sysbios_knl_Clock_Module__diagsEnabled__C)
                  0000717c    00000004     empty_pem4f.oem4f (.const:ti_sysbios_knl_Clock_Module__diagsIncluded__C)
                  00007180    00000004     empty_pem4f.oem4f (.const:ti_sysbios_knl_Clock_Module__diagsMask__C)
                  00007184    00000004     empty_pem4f.oem4f (.const:ti_sysbios_knl_Clock_Module__loggerFxn1__C)
                  00007188    00000004     empty_pem4f.oem4f (.const:ti_sysbios_knl_Clock_Module__loggerFxn2__C)
                  0000718c    00000004     empty_pem4f.oem4f (.const:ti_sysbios_knl_Clock_Module__loggerObj__C)
                  00007190    00000004     empty_pem4f.oem4f (.const:ti_sysbios_knl_Semaphore_A_badContext__C)
                  00007194    00000004     empty_pem4f.oem4f (.const:ti_sysbios_knl_Semaphore_A_noEvents__C)
                  00007198    00000004     empty_pem4f.oem4f (.const:ti_sysbios_knl_Semaphore_A_overflow__C)
                  0000719c    00000004     empty_pem4f.oem4f (.const:ti_sysbios_knl_Semaphore_A_pendTaskDisabled__C)
                  000071a0    00000004     empty_pem4f.oem4f (.const:ti_sysbios_knl_Semaphore_Instance_State_pendQ__O)
                  000071a4    00000004     empty_pem4f.oem4f (.const:ti_sysbios_knl_Semaphore_LM_pend__C)
                  000071a8    00000004     empty_pem4f.oem4f (.const:ti_sysbios_knl_Semaphore_LM_post__C)
                  000071ac    00000004     empty_pem4f.oem4f (.const:ti_sysbios_knl_Semaphore_Module__diagsEnabled__C)
                  000071b0    00000004     empty_pem4f.oem4f (.const:ti_sysbios_knl_Semaphore_Module__diagsIncluded__C)
                  000071b4    00000004     empty_pem4f.oem4f (.const:ti_sysbios_knl_Semaphore_Module__diagsMask__C)
                  000071b8    00000004     empty_pem4f.oem4f (.const:ti_sysbios_knl_Semaphore_Module__loggerFxn2__C)
                  000071bc    00000004     empty_pem4f.oem4f (.const:ti_sysbios_knl_Semaphore_Module__loggerFxn4__C)
                  000071c0    00000004     empty_pem4f.oem4f (.const:ti_sysbios_knl_Semaphore_Module__loggerObj__C)
                  000071c4    00000004     empty_pem4f.oem4f (.const:ti_sysbios_knl_Swi_LD_end__C)
                  000071c8    00000004     empty_pem4f.oem4f (.const:ti_sysbios_knl_Swi_LM_begin__C)
                  000071cc    00000004     empty_pem4f.oem4f (.const:ti_sysbios_knl_Swi_LM_post__C)
                  000071d0    00000004     empty_pem4f.oem4f (.const:ti_sysbios_knl_Swi_Module__diagsEnabled__C)
                  000071d4    00000004     empty_pem4f.oem4f (.const:ti_sysbios_knl_Swi_Module__diagsIncluded__C)
                  000071d8    00000004     empty_pem4f.oem4f (.const:ti_sysbios_knl_Swi_Module__diagsMask__C)
                  000071dc    00000004     empty_pem4f.oem4f (.const:ti_sysbios_knl_Swi_Module__loggerFxn1__C)
                  000071e0    00000004     empty_pem4f.oem4f (.const:ti_sysbios_knl_Swi_Module__loggerFxn4__C)
                  000071e4    00000004     empty_pem4f.oem4f (.const:ti_sysbios_knl_Swi_Module__loggerObj__C)
                  000071e8    00000004     empty_pem4f.oem4f (.const:ti_sysbios_knl_Swi_Object__count__C)
                  000071ec    00000004     empty_pem4f.oem4f (.const:ti_sysbios_knl_Task_E_spOutOfBounds__C)
                  000071f0    00000004     empty_pem4f.oem4f (.const:ti_sysbios_knl_Task_E_stackOverflow__C)
                  000071f4    00000004     empty_pem4f.oem4f (.const:ti_sysbios_knl_Task_LD_block__C)
                  000071f8    00000004     empty_pem4f.oem4f (.const:ti_sysbios_knl_Task_LD_exit__C)
                  000071fc    00000004     empty_pem4f.oem4f (.const:ti_sysbios_knl_Task_LD_ready__C)
                  00007200    00000004     empty_pem4f.oem4f (.const:ti_sysbios_knl_Task_LM_switch__C)
                  00007204    00000004     empty_pem4f.oem4f (.const:ti_sysbios_knl_Task_Module_State_inactiveQ__O)
                  00007208    00000004     empty_pem4f.oem4f (.const:ti_sysbios_knl_Task_Module__diagsEnabled__C)
                  0000720c    00000004     empty_pem4f.oem4f (.const:ti_sysbios_knl_Task_Module__diagsIncluded__C)
                  00007210    00000004     empty_pem4f.oem4f (.const:ti_sysbios_knl_Task_Module__diagsMask__C)
                  00007214    00000004     empty_pem4f.oem4f (.const:ti_sysbios_knl_Task_Module__loggerFxn2__C)
                  00007218    00000004     empty_pem4f.oem4f (.const:ti_sysbios_knl_Task_Module__loggerFxn4__C)
                  0000721c    00000004     empty_pem4f.oem4f (.const:ti_sysbios_knl_Task_Module__loggerObj__C)
                  00007220    00000004     empty_pem4f.oem4f (.const:ti_sysbios_knl_Task_Object__count__C)
                  00007224    00000004     empty_pem4f.oem4f (.const:ti_sysbios_knl_Task_allBlockedFunc__C)
                  00007228    00000004     empty_pem4f.oem4f (.const:ti_sysbios_knl_Task_numConstructedTasks__C)
                  0000722c    00000004     empty_pem4f.oem4f (.const:ti_sysbios_utils_Load_LS_cpuLoad__C)
                  00007230    00000004     empty_pem4f.oem4f (.const:ti_sysbios_utils_Load_Module__diagsEnabled__C)
                  00007234    00000004     empty_pem4f.oem4f (.const:ti_sysbios_utils_Load_Module__diagsIncluded__C)
                  00007238    00000004     empty_pem4f.oem4f (.const:ti_sysbios_utils_Load_Module__diagsMask__C)
                  0000723c    00000004     empty_pem4f.oem4f (.const:ti_sysbios_utils_Load_Module__loggerFxn1__C)
                  00007240    00000004     empty_pem4f.oem4f (.const:ti_sysbios_utils_Load_Module__loggerObj__C)
                  00007244    00000004     empty_pem4f.oem4f (.const:ti_sysbios_utils_Load_postUpdate__C)
                  00007248    00000004     empty_pem4f.oem4f (.const:ti_sysbios_utils_Load_windowInMs__C)
                  0000724c    00000004     empty_pem4f.oem4f (.const:xdc_runtime_Assert_E_assertFailed__C)
                  00007250    00000004     empty_pem4f.oem4f (.const:xdc_runtime_Core_A_initializedParams__C)
                  00007254    00000004     empty_pem4f.oem4f (.const:xdc_runtime_Core_Module__diagsEnabled__C)
                  00007258    00000004     empty_pem4f.oem4f (.const:xdc_runtime_Core_Module__diagsIncluded__C)
                  0000725c    00000004     empty_pem4f.oem4f (.const:xdc_runtime_Core_Module__diagsMask__C)
                  00007260    00000004     empty_pem4f.oem4f (.const:xdc_runtime_Error_E_memory__C)
                  00007264    00000004     empty_pem4f.oem4f (.const:xdc_runtime_Error_Module__diagsEnabled__C)
                  00007268    00000004     empty_pem4f.oem4f (.const:xdc_runtime_Error_Module__diagsIncluded__C)
                  0000726c    00000004     empty_pem4f.oem4f (.const:xdc_runtime_Error_Module__diagsMask__C)
                  00007270    00000004     empty_pem4f.oem4f (.const:xdc_runtime_Error_Module__loggerFxn8__C)
                  00007274    00000004     empty_pem4f.oem4f (.const:xdc_runtime_Error_Module__loggerObj__C)
                  00007278    00000004     empty_pem4f.oem4f (.const:xdc_runtime_Error_policyFxn__C)
                  0000727c    00000004     empty_pem4f.oem4f (.const:xdc_runtime_Error_raiseHook__C)
                  00007280    00000004     empty_pem4f.oem4f (.const:xdc_runtime_HeapStd_A_align__C)
                  00007284    00000004     empty_pem4f.oem4f (.const:xdc_runtime_HeapStd_A_invalidTotalFreeSize__C)
                  00007288    00000004     empty_pem4f.oem4f (.const:xdc_runtime_HeapStd_A_zeroSize__C)
                  0000728c    00000004     empty_pem4f.oem4f (.const:xdc_runtime_HeapStd_E_noRTSMemory__C)
                  00007290    00000004     empty_pem4f.oem4f (.const:xdc_runtime_HeapStd_Module__diagsEnabled__C)
                  00007294    00000004     empty_pem4f.oem4f (.const:xdc_runtime_HeapStd_Module__diagsIncluded__C)
                  00007298    00000004     empty_pem4f.oem4f (.const:xdc_runtime_HeapStd_Module__diagsMask__C)
                  0000729c    00000004     empty_pem4f.oem4f (.const:xdc_runtime_IGateProvider_Interface__BASE__C)
                  000072a0    00000004     empty_pem4f.oem4f (.const:xdc_runtime_IHeap_Interface__BASE__C)
                  000072a4    00000004     empty_pem4f.oem4f (.const:xdc_runtime_ILogger_Interface__BASE__C)
                  000072a8    00000004     empty_pem4f.oem4f (.const:xdc_runtime_IModule_Interface__BASE__C)
                  000072ac    00000004     empty_pem4f.oem4f (.const:xdc_runtime_Log_L_error__C)
                  000072b0    00000004     empty_pem4f.oem4f (.const:xdc_runtime_Log_L_info__C)
                  000072b4    00000004     empty_pem4f.oem4f (.const:xdc_runtime_Main_Module__diagsEnabled__C)
                  000072b8    00000004     empty_pem4f.oem4f (.const:xdc_runtime_Main_Module__diagsIncluded__C)
                  000072bc    00000004     empty_pem4f.oem4f (.const:xdc_runtime_Main_Module__diagsMask__C)
                  000072c0    00000004     empty_pem4f.oem4f (.const:xdc_runtime_Main_Module__loggerFxn4__C)
                  000072c4    00000004     empty_pem4f.oem4f (.const:xdc_runtime_Main_Module__loggerObj__C)
                  000072c8    00000004     empty_pem4f.oem4f (.const:xdc_runtime_Memory_defaultHeapInstance__C)
                  000072cc    00000004     empty_pem4f.oem4f (.const:xdc_runtime_Startup_execImpl__C)
                  000072d0    00000004     empty_pem4f.oem4f (.const:xdc_runtime_Startup_lastFxns__A)
                  000072d4    00000004     empty_pem4f.oem4f (.const:xdc_runtime_Startup_maxPasses__C)
                  000072d8    00000004     empty_pem4f.oem4f (.const:xdc_runtime_Startup_sfxnRts__C)
                  000072dc    00000004     empty_pem4f.oem4f (.const:xdc_runtime_Startup_sfxnTab__C)
                  000072e0    00000004     empty_pem4f.oem4f (.const:xdc_runtime_SysMin_bufSize__C)
                  000072e4    00000004     empty_pem4f.oem4f (.const:xdc_runtime_SysMin_outputFunc__C)
                  000072e8    00000004     empty_pem4f.oem4f (.const:xdc_runtime_System_Module__gateObj__C)
                  000072ec    00000004     empty_pem4f.oem4f (.const:xdc_runtime_System_abortFxn__C)
                  000072f0    00000004     empty_pem4f.oem4f (.const:xdc_runtime_System_exitFxn__C)
                  000072f4    00000004     empty_pem4f.oem4f (.const:xdc_runtime_System_extendFxn__C)
                  000072f8    00000004     empty_pem4f.oem4f (.const:xdc_runtime_System_maxAtexitHandlers__C)
                  000072fc    00000004     empty_pem4f.oem4f (.const:xdc_runtime_Text_charTab__C)
                  00007300    00000004     empty_pem4f.oem4f (.const:xdc_runtime_Text_nameEmpty__C)
                  00007304    00000004     empty_pem4f.oem4f (.const:xdc_runtime_Text_nameStatic__C)
                  00007308    00000004     empty_pem4f.oem4f (.const:xdc_runtime_Text_nameUnknown__C)
                  0000730c    00000004     empty_pem4f.oem4f (.const:xdc_runtime_Text_nodeTab__C)
                  00007310    00000004     empty_pem4f.oem4f (.const:xdc_runtime_Text_visitRopeFxn__C)
                  00007314    00000002     empty_pem4f.oem4f (.const:ti_catalog_arm_cortexm4_tiva_ce_Boot_Module__id__C)
                  00007316    00000002     empty_pem4f.oem4f (.const:ti_sysbios_family_arm_lm4_TimestampProvider_useClockTimer__C)
                  00007318    00000002     empty_pem4f.oem4f (.const:ti_sysbios_family_arm_m3_Hwi_Module__id__C)
                  0000731a    00000002     empty_pem4f.oem4f (.const:ti_sysbios_family_arm_m3_Hwi_Module__loggerDefined__C)
                  0000731c    00000002     empty_pem4f.oem4f (.const:ti_sysbios_gates_GateMutex_Module__id__C)
                  0000731e    00000002     empty_pem4f.oem4f (.const:ti_sysbios_hal_Hwi_Module__id__C)
                  00007320    00000002     empty_pem4f.oem4f (.const:ti_sysbios_knl_Clock_Module__id__C)
                  00007322    00000002     empty_pem4f.oem4f (.const:ti_sysbios_knl_Clock_Module__loggerDefined__C)
                  00007324    00000002     empty_pem4f.oem4f (.const:ti_sysbios_knl_Semaphore_Module__id__C)
                  00007326    00000002     empty_pem4f.oem4f (.const:ti_sysbios_knl_Semaphore_Module__loggerDefined__C)
                  00007328    00000002     empty_pem4f.oem4f (.const:ti_sysbios_knl_Swi_Module__id__C)
                  0000732a    00000002     empty_pem4f.oem4f (.const:ti_sysbios_knl_Swi_Module__loggerDefined__C)
                  0000732c    00000002     empty_pem4f.oem4f (.const:ti_sysbios_knl_Task_Module__id__C)
                  0000732e    00000002     empty_pem4f.oem4f (.const:ti_sysbios_knl_Task_Module__loggerDefined__C)
                  00007330    00000002     empty_pem4f.oem4f (.const:ti_sysbios_utils_Load_Module__id__C)
                  00007332    00000002     empty_pem4f.oem4f (.const:ti_sysbios_utils_Load_Module__loggerDefined__C)
                  00007334    00000002     empty_pem4f.oem4f (.const:ti_sysbios_utils_Load_updateInIdle__C)
                  00007336    00000002     empty_pem4f.oem4f (.const:xdc_runtime_Core_Module__id__C)
                  00007338    00000002     empty_pem4f.oem4f (.const:xdc_runtime_Error_Module__loggerDefined__C)
                  0000733a    00000002     empty_pem4f.oem4f (.const:xdc_runtime_Error_maxDepth__C)
                  0000733c    00000002     empty_pem4f.oem4f (.const:xdc_runtime_HeapStd_Module__id__C)
                  0000733e    00000002     empty_pem4f.oem4f (.const:xdc_runtime_Main_Module__id__C)
                  00007340    00000002     empty_pem4f.oem4f (.const:xdc_runtime_Main_Module__loggerDefined__C)
                  00007342    00000002     empty_pem4f.oem4f (.const:xdc_runtime_Memory_Module__id__C)
                  00007344    00000002     empty_pem4f.oem4f (.const:xdc_runtime_SysMin_flushAtExit__C)
                  00007346    00000002     empty_pem4f.oem4f (.const:xdc_runtime_Text_charCnt__C)
                  00007348    00000002     empty_pem4f.oem4f (.const:xdc_runtime_Text_isLoaded__C)
                  0000734a    00000002     empty_pem4f.oem4f (.const:xdc_runtime_Text_registryModsLastId__C)
                  0000734c    00000002     empty_pem4f.oem4f (.const:xdc_runtime_Text_unnamedModsLastId__C)
                  0000734e    00000001     empty_pem4f.oem4f (.const:xdc_runtime_Error_policy__C)

.cinit     0    00007350    00000238     
                  00007350    000001fe     (.cinit..data.load) [load image, compression = lzss]
                  0000754e    00000002     --HOLE-- [fill = 0]
                  00007550    0000000c     (__TI_handler_table)
                  0000755c    00000004     --HOLE-- [fill = 0]
                  00007560    00000008     (.cinit..bss.load) [load image, compression = zero_init]
                  00007568    00000008     (.cinit..vecs.load) [load image, compression = zero_init]
                  00007570    00000018     (__TI_cinit_table)

.init_array 
*          0    00000000    00000000     UNINITIALIZED

.resetVecs 
*          0    00000000    0000003c     
                  00000000    0000003c     empty_pem4f.oem4f (.resetVecs)

.bss       0    20000360    00000f08     UNINITIALIZED
                  20000360    00000800     empty_pem4f.oem4f (.bss:taskStackSection)
                  20000b60    00000360     (.common:ti_sysbios_family_arm_m3_Hwi_dispatchTable)
                  20000ec0    00000200     (.common:ti_uia_loggers_LoggerMin_Module_State_0_packetBuffer__A)
                  200010c0    00000120     rtsv7M4_T_le_v4SPD16_eabi.lib : trgmsg.c.obj (.bss:_CIOBUF_)
                  200011e0    00000080     (.common:xdc_runtime_SysMin_Module_State_0_outbuf__A)
                  20001260    00000008     (.common:parmbuf)

.data      0    20001268    000004ec     UNINITIALIZED
                  20001268    00000098     empty_pem4f.oem4f (.data:ti_sysbios_utils_Load_Module__state__V)
                  20001300    00000080     empty_pem4f.oem4f (.data:ti_sysbios_family_arm_lm4_Timer_Object__table__V)
                  20001380    00000080     empty_pem4f.oem4f (.data:ti_sysbios_knl_Swi_Module_State_0_readyQ__A)
                  20001400    00000080     empty_pem4f.oem4f (.data:ti_sysbios_knl_Task_Module_State_0_readyQ__A)
                  20001480    0000004c     empty_pem4f.oem4f (.data:ti_sysbios_knl_Task_Object__table__V)
                  200014cc    00000044     empty_pem4f.oem4f (.data:ti_sysbios_knl_Task_Module__state__V)
                  20001510    00000034     empty_pem4f.oem4f (.data:ti_sysbios_family_arm_m3_Hwi_Module__state__V)
                  20001544    00000030     empty_pem4f.oem4f (.data:ti_sysbios_family_arm_lm4_Timer_Module_State_0_device__A)
                  20001574    00000030     empty_pem4f.oem4f (.data:ti_sysbios_family_arm_m3_Hwi_Object__table__V)
                  200015a4    00000030     empty_pem4f.oem4f (.data:ti_sysbios_knl_Swi_Object__table__V)
                  200015d4    0000002c     empty_pem4f.oem4f (.data:ti_sysbios_knl_Clock_Module__state__V)
                  20001600    00000024     empty_pem4f.oem4f (.data:ti_sysbios_BIOS_Module__state__V)
                  20001624    00000020     empty_pem4f.oem4f (.data:ti_uia_loggers_LoggerMin_Module__state__V)
                  20001644    0000001c     empty_pem4f.oem4f (.data:ti_sysbios_gates_GateMutex_Object__table__V)
                  20001660    0000001c     empty_pem4f.oem4f (.data:ti_sysbios_knl_Swi_Module__state__V)
                  2000167c    00000018     empty_pem4f.oem4f (.data:ti_sysbios_family_arm_lm4_Timer_Module_State_0_handles__A)
                  20001694    0000000c     empty_pem4f.oem4f (.data:ti_sysbios_family_arm_lm4_Timer_Module__state__V)
                  200016a0    0000000c     empty_pem4f.oem4f (.data:ti_sysbios_knl_Task_Module__root__V)
                  200016ac    0000000c     empty_pem4f.oem4f (.data:xdc_runtime_HeapStd_Object__table__V)
                  200016b8    0000000c     empty_pem4f.oem4f (.data:xdc_runtime_SysMin_Module__state__V)
                  200016c4    00000008     rtsv7M4_T_le_v4SPD16_eabi.lib : _lock.c.obj (.data:$O1$$)
                  200016cc    00000008     empty_pem4f.oem4f (.data:ti_sysbios_family_arm_lm4_TimestampProvider_Module__state__V)
                  200016d4    00000008     empty_pem4f.oem4f (.data:ti_sysbios_gates_GateHwi_Module__root__V)
                  200016dc    00000008     empty_pem4f.oem4f (.data:ti_sysbios_gates_GateMutex_Module__root__V)
                  200016e4    00000008     empty_pem4f.oem4f (.data:ti_sysbios_knl_Queue_Module__root__V)
                  200016ec    00000008     empty_pem4f.oem4f (.data:ti_sysbios_knl_Semaphore_Module__root__V)
                  200016f4    00000008     empty_pem4f.oem4f (.data:ti_uia_loggers_LoggerMin_Module__root__V)
                  200016fc    00000008     empty_pem4f.oem4f (.data:xdc_runtime_HeapStd_Module__root__V)
                  20001704    00000008     empty_pem4f.oem4f (.data:xdc_runtime_Registry_Module__state__V)
                  2000170c    00000008     empty_pem4f.oem4f (.data:xdc_runtime_Startup_Module__state__V)
                  20001714    00000008     empty_pem4f.oem4f (.data:xdc_runtime_System_Module_State_0_atexitHandlers__A)
                  2000171c    00000008     empty_pem4f.oem4f (.data:xdc_runtime_System_Module__state__V)
                  20001724    00000004     rtsv7M4_T_le_v4SPD16_eabi.lib : stkdepth_vars.c.obj (.data)
                  20001728    00000004     empty_pem4f.oem4f (.data:ti_sysbios_family_arm_m3_Hwi_Module_State_0_excContext__A)
                  2000172c    00000004     empty_pem4f.oem4f (.data:ti_sysbios_family_arm_m3_Hwi_Module_State_0_excStack__A)
                  20001730    00000004     empty_pem4f.oem4f (.data:ti_sysbios_gates_GateHwi_Object__table__V)
                  20001734    00000004     empty_pem4f.oem4f (.data:ti_sysbios_knl_Task_Module_State_0_idleTask__A)
                  20001738    00000004     empty_pem4f.oem4f (.data:ti_sysbios_utils_Load_Module_State_0_runningTask__A)
                  2000173c    00000004     empty_pem4f.oem4f (.data:ti_sysbios_utils_Load_Module_State_0_taskStartTime__A)
                  20001740    00000004     empty_pem4f.oem4f (.data:ti_uia_loggers_LoggerMin_Object__table__V)
                  20001744    00000004     empty_pem4f.oem4f (.data:xdc_runtime_HeapStd_Module__state__V)
                  20001748    00000004     empty_pem4f.oem4f (.data:xdc_runtime_Memory_Module__state__V)
                  2000174c    00000002     main.obj (.data)
                  2000174e    00000002     empty_pem4f.oem4f (.data:ti_sysbios_family_arm_m3_Hwi_Module_State_0_excActive__A)
                  20001750    00000002     empty_pem4f.oem4f (.data:xdc_runtime_Error_Module__state__V)
                  20001752    00000002     empty_pem4f.oem4f (.data:xdc_runtime_Main_Module__root__V)

.stack     0    20001758    00000400     UNINITIALIZED
                  20001758    00000400     --HOLE--

.bootVecs 
*          0    00000000    00000008     DSECT
                  00000000    00000008     boot.aem4f : boot.oem4f (.bootVecs)

.vecs      0    20000000    00000360     UNINITIALIZED
                  20000000    00000360     empty_pem4f.oem4f (.vecs)

xdc.meta   0    00000000    0000010f     COPY SECTION
                  00000000    0000010f     empty_pem4f.oem4f (xdc.meta)

MODULE SUMMARY

       Module                       code    ro data   rw data
       ------                       ----    -------   -------
    .\
       main.obj                     288     0         2      
    +--+----------------------------+-------+---------+---------+
       Total:                       288     0         2      
                                                             
    C:\Users\Nathan\Desktop\TIVAC_TIRTOS_WS_LABS\TIVAC_TIRTOS_WS_LABS\Start\Lab_04\Project\Debug\configPkg\package\cfg\
       empty_pem4f.oem4f            1810    8743      5662   
    +--+----------------------------+-------+---------+---------+
       Total:                       1810    8743      5662   
                                                             
    C:/ti/tirtos_tivac_2_16_00_08/products/TivaWare_C_Series-2.1.1.71b/driverlib/ccs/Debug/driverlib.lib
       gpio.obj                     382     0         0      
       sysctl.obj                   298     0         0      
    +--+----------------------------+-------+---------+---------+
       Total:                       680     0         0      
                                                             
    C:\Users\Nathan\Desktop\TIVAC_TIRTOS_WS_LABS\TIVAC_TIRTOS_WS_LABS\Start\Lab_04\Project\src\sysbios\sysbios.aem4f
       BIOS.obj                     10710   0         0      
       m3_Hwi_asm.obj               314     0         0      
       m3_TaskSupport_asm.obj       180     0         0      
       m3_Hwi_asm_switch.obj        118     0         0      
    +--+----------------------------+-------+---------+---------+
       Total:                       11322   0         0      
                                                             
    C:\ti\ccs910\ccs\tools\compiler\ti-cgt-arm_18.12.3.LTS\lib\rtsv7M4_T_le_v4SPD16_eabi.lib
       trgmsg.c.obj                 108     0         288    
       memcpy_t2.asm.obj            156     0         0      
       memset_t2.asm.obj            122     0         0      
       copy_decompress_lzss.c.obj   104     0         0      
       hostwrite.c.obj              88      0         0      
       cpy_tbl.c.obj                76      0         0      
       u_divt2.asm.obj              64      0         0      
       _lock.c.obj                  26      0         8      
       args_main.c.obj              24      0         0      
       strlen.c.obj                 20      0         0      
       copy_decompress_none.c.obj   14      0         0      
       copy_zero_init.c.obj         12      0         0      
       hostopen.c.obj               0       0         8      
       exit.c.obj                   4       0         0      
       stkdepth_vars.c.obj          0       0         4      
       div0.asm.obj                 2       0         0      
    +--+----------------------------+-------+---------+---------+
       Total:                       820     0         308    
                                                             
    C:\ti\tirtos_tivac_2_16_00_08\products\bios_6_45_01_29\packages\ti\catalog\arm\cortexm4\tiva\ce\lib\Boot.aem4f
       Boot_sysctl.oem4f            262     0         0      
       Boot.oem4f                   152     0         0      
    +--+----------------------------+-------+---------+---------+
       Total:                       414     0         0      
                                                             
    C:\ti\tirtos_tivac_2_16_00_08\products\bios_6_45_01_29\packages\ti\targets\arm\rtsarm\lib\auto_init.aem4f
       auto_init.oem4f              160     0         0      
    +--+----------------------------+-------+---------+---------+
       Total:                       160     0         0      
                                                             
    C:\ti\tirtos_tivac_2_16_00_08\products\bios_6_45_01_29\packages\ti\targets\arm\rtsarm\lib\boot.aem4f
       boot.oem4f                   88      0         0      
    +--+----------------------------+-------+---------+---------+
       Total:                       88      0         0      
                                                             
    C:\ti\tirtos_tivac_2_16_00_08\products\bios_6_45_01_29\packages\ti\targets\arm\rtsarm\lib\ti.targets.arm.rtsarm.aem4f
       System.oem4f                 1255    0         0      
       HeapStd.oem4f                714     0         0      
       Text.oem4f                   672     0         0      
       Error.oem4f                  524     0         0      
       Core-mem.oem4f               358     0         0      
       Startup.oem4f                328     0         0      
       SysMin.oem4f                 248     0         0      
       Core-smem.oem4f              204     0         0      
       Memory.oem4f                 176     0         0      
       Assert.oem4f                 84      0         0      
       Core-params.oem4f            70      0         0      
       Core-label.oem4f             52      0         0      
       Registry.oem4f               32      0         0      
       Gate.oem4f                   28      0         0      
    +--+----------------------------+-------+---------+---------+
       Total:                       4745    0         0      
                                                             
    C:\ti\tirtos_tivac_2_16_00_08\products\uia_2_00_05_50\packages\ti\uia\loggers\lib\release\ti.uia.loggers.aem4f
       LoggerMin.oem4f              284     0         0      
    +--+----------------------------+-------+---------+---------+
       Total:                       284     0         0      
                                                             
       Stack:                       0       0         1024   
       Linker Generated:            0       562       0      
    +--+----------------------------+-------+---------+---------+
       Grand Total:                 20611   9305      6996   


LINKER GENERATED COPY TABLES

__TI_cinit_table @ 00007570 records: 3, size/record: 8, table size: 24
	.data: load addr=00007350, load size=000001fe bytes, run addr=20001268, run size=000004ec bytes, compression=lzss
	.bss: load addr=00007560, load size=00000008 bytes, run addr=20000360, run size=00000f08 bytes, compression=zero_init
	.vecs: load addr=00007568, load size=00000008 bytes, run addr=20000000, run size=00000360 bytes, compression=zero_init


LINKER GENERATED HANDLER TABLE

__TI_handler_table @ 00007550 records: 3, size/record: 4, table size: 12
	index: 0, handler: __TI_decompress_lzss
	index: 1, handler: __TI_decompress_none
	index: 2, handler: __TI_zero_init


GLOBAL SYMBOLS: SORTED ALPHABETICALLY BY Name 

address   name                                                              
-------   ----                                                              
000007bd  C$$EXIT                                                           
00004153  C$$IO$$                                                           
000046e1  GPIODirModeSet                                                    
000015d5  GPIOPadConfigSet                                                  
000037bb  GPIOPinRead                                                       
00004d1b  GPIOPinTypeGPIOOutput                                             
000043b3  GPIOPinWrite                                                      
00003ab9  HOSTwrite                                                         
UNDEFED   SHT$$INIT_ARRAY$$Base                                             
UNDEFED   SHT$$INIT_ARRAY$$Limit                                            
00001f41  SysCtlClockSet                                                    
000050f9  SysCtlDelay                                                       
00004241  SysCtlPeripheralEnable                                            
00000000  __ASM__                                                           
200010c0  __CIOBUF_                                                         
0000008d  __ISA__                                                           
000000a0  __PLAT__                                                          
20001b58  __STACK_END                                                       
00000400  __STACK_SIZE                                                      
000000c1  __TARG__                                                          
00007570  __TI_CINIT_Base                                                   
00007588  __TI_CINIT_Limit                                                  
00007550  __TI_Handler_Table_Base                                           
0000755c  __TI_Handler_Table_Limit                                          
00002da1  __TI_auto_init                                                    
000036ed  __TI_decompress_lzss                                              
00004fc9  __TI_decompress_none                                              
ffffffff  __TI_pprof_out_hndl                                               
ffffffff  __TI_prof_data_size                                               
ffffffff  __TI_prof_data_start                                              
00004275  __TI_readmsg                                                      
00007350  __TI_static_base__                                                
00004125  __TI_writemsg                                                     
00005029  __TI_zero_init                                                    
000000e7  __TRDR__                                                          
000030b7  __aeabi_idiv0                                                     
000030b7  __aeabi_ldiv0                                                     
000034bd  __aeabi_memclr                                                    
000034bd  __aeabi_memclr4                                                   
000034bd  __aeabi_memclr8                                                   
00002ee1  __aeabi_memcpy                                                    
00002ee1  __aeabi_memcpy4                                                   
00002ee1  __aeabi_memcpy8                                                   
000034bf  __aeabi_memset                                                    
000034bf  __aeabi_memset4                                                   
000034bf  __aeabi_memset8                                                   
00004029  __aeabi_uidiv                                                     
00004029  __aeabi_uidivmod                                                  
ffffffff  __binit__                                                         
ffffffff  __c_args__                                                        
20001758  __stack                                                           
00004d35  _args_main                                                        
00003a61  _c_int00                                                          
200016c4  _lock                                                             
00002f7d  _nop                                                              
00005011  _register_lock                                                    
0000501d  _register_unlock                                                  
200016c8  _unlock                                                           
000007bd  abort                                                             
ffffffff  binit                                                             
00003d09  copy_in                                                           
00004eb5  delay                                                             
00002f7f  free                                                              
000043ed  hardware_init                                                     
2000174c  i16ToggleCount                                                    
000021e9  ledToggle                                                         
00005035  main                                                              
20001724  main_func_sp                                                      
00000aad  malloc                                                            
00002ee1  memcpy                                                            
000034c5  memset                                                            
20001260  parmbuf                                                           
00004e3f  strlen                                                            
000070d4  ti_catalog_arm_cortexm4_tiva_ce_Boot_A_mustUseEnhancedClockMode__C
000070d8  ti_catalog_arm_cortexm4_tiva_ce_Boot_Module__diagsEnabled__C      
000070dc  ti_catalog_arm_cortexm4_tiva_ce_Boot_Module__diagsIncluded__C     
000070e0  ti_catalog_arm_cortexm4_tiva_ce_Boot_Module__diagsMask__C         
00007314  ti_catalog_arm_cortexm4_tiva_ce_Boot_Module__id__C                
00005005  ti_catalog_arm_cortexm4_tiva_ce_Boot_init__I                      
00001a5d  ti_catalog_arm_cortexm4_tiva_ce_Boot_sysCtlClockSetI__I           
000030b9  ti_catalog_arm_cortexm4_tiva_ce_Boot_sysCtlClockSet__E            
000050ff  ti_catalog_arm_cortexm4_tiva_ce_Boot_sysCtlDelayI__I              
20001600  ti_sysbios_BIOS_Module__state__V                                  
00004c65  ti_sysbios_BIOS_RtsGateProxy_Handle__label__S                     
000048b1  ti_sysbios_BIOS_RtsGateProxy_Object__delete__S                    
00000ca5  ti_sysbios_BIOS_RtsGateProxy_enter__E                             
00000e1d  ti_sysbios_BIOS_RtsGateProxy_leave__E                             
00005151  ti_sysbios_BIOS_RtsGateProxy_query__E                             
0000441d  ti_sysbios_BIOS_atExitFunc__I                                     
00004821  ti_sysbios_BIOS_errorRaiseHook__I                                 
00004e29  ti_sysbios_BIOS_exitFunc__I                                       
00004ec9  ti_sysbios_BIOS_getCpuFreq__E                                     
000031e5  ti_sysbios_BIOS_nullFunc__I                                       
00004845  ti_sysbios_BIOS_registerRTSLock__I                                
00004869  ti_sysbios_BIOS_removeRTSLock__I                                  
000049b5  ti_sysbios_BIOS_rtsLock__I                                        
00004d4d  ti_sysbios_BIOS_rtsUnlock__I                                      
00004ed9  ti_sysbios_BIOS_setThreadType__E                                  
0000488d  ti_sysbios_BIOS_startFunc__I                                      
00004ee9  ti_sysbios_BIOS_start__E                                          
20001544  ti_sysbios_family_arm_lm4_Timer_Module_State_0_device__A          
2000167c  ti_sysbios_family_arm_lm4_Timer_Module_State_0_handles__A         
00004d65  ti_sysbios_family_arm_lm4_Timer_Module__startupDone__F            
00004d65  ti_sysbios_family_arm_lm4_Timer_Module__startupDone__S            
20001694  ti_sysbios_family_arm_lm4_Timer_Module__state__V                  
000037c1  ti_sysbios_family_arm_lm4_Timer_Module_startup__E                 
20001300  ti_sysbios_family_arm_lm4_Timer_Object__table__V                  
000070e4  ti_sysbios_family_arm_lm4_Timer_enableFunc__C                     
00002ba9  ti_sysbios_family_arm_lm4_Timer_enableTimers__I                   
00002a49  ti_sysbios_family_arm_lm4_Timer_enableTiva__I                     
00005041  ti_sysbios_family_arm_lm4_Timer_getMaxTicks__E                    
00005141  ti_sysbios_family_arm_lm4_Timer_getPeriod__E                      
00003829  ti_sysbios_family_arm_lm4_Timer_isrStub__E                        
000050dd  ti_sysbios_family_arm_lm4_Timer_masterDisable__I                  
00000f85  ti_sysbios_family_arm_lm4_Timer_masterEnable__I                   
000070e8  ti_sysbios_family_arm_lm4_Timer_numTimerDevices__C                
00001709  ti_sysbios_family_arm_lm4_Timer_start__E                          
000070ec  ti_sysbios_family_arm_lm4_Timer_startupNeeded__C                  
00004069  ti_sysbios_family_arm_lm4_Timer_startup__E                        
00004451  ti_sysbios_family_arm_lm4_Timer_stop__E                           
[...]
00006fa8  ti_sysbios_knl_Semaphore_Object__DESC__C                          
00006fc8  ti_uia_loggers_LoggerMin_Object__DESC__C                          
00006fe8  xdc_runtime_HeapStd_Object__DESC__C                               
00007008  xdc_runtime_HeapStd_Object__PARAMS__C                             
00007024  ti_sysbios_gates_GateHwi_Object__PARAMS__C                        
0000703c  ti_sysbios_gates_GateMutex_Object__PARAMS__C                      
00007054  ti_sysbios_knl_Queue_Object__PARAMS__C                            
0000706c  ti_uia_loggers_LoggerMin_Object__PARAMS__C                        
00007084  xdc_runtime_Startup_sfxnRts__A                                    
00007098  xdc_runtime_Startup_firstFxns__A                                  
000070a8  ti_sysbios_knl_Idle_funcList__A                                   
000070b4  ti_sysbios_family_arm_m3_Hwi_excHookFuncs__A                      
000070bc  ti_sysbios_knl_Idle_funcList__C                                   
000070c4  xdc_runtime_Startup_firstFxns__C                                  
000070cc  xdc_runtime_Startup_lastFxns__C                                   
000070d4  ti_catalog_arm_cortexm4_tiva_ce_Boot_A_mustUseEnhancedClockMode__C
000070d8  ti_catalog_arm_cortexm4_tiva_ce_Boot_Module__diagsEnabled__C      
000070dc  ti_catalog_arm_cortexm4_tiva_ce_Boot_Module__diagsIncluded__C     
000070e0  ti_catalog_arm_cortexm4_tiva_ce_Boot_Module__diagsMask__C         
000070e4  ti_sysbios_family_arm_lm4_Timer_enableFunc__C                     
000070e8  ti_sysbios_family_arm_lm4_Timer_numTimerDevices__C                
000070ec  ti_sysbios_family_arm_lm4_Timer_startupNeeded__C                  
000070f0  ti_sysbios_family_arm_m3_Hwi_E_NMI__C                             
000070f4  ti_sysbios_family_arm_m3_Hwi_E_busFault__C                        
000070f8  ti_sysbios_family_arm_m3_Hwi_E_debugMon__C                        
000070fc  ti_sysbios_family_arm_m3_Hwi_E_hardFault__C                       
00007100  ti_sysbios_family_arm_m3_Hwi_E_memFault__C                        
00007104  ti_sysbios_family_arm_m3_Hwi_E_noIsr__C                           
00007108  ti_sysbios_family_arm_m3_Hwi_E_reserved__C                        
0000710c  ti_sysbios_family_arm_m3_Hwi_E_svCall__C                          
00007110  ti_sysbios_family_arm_m3_Hwi_E_usageFault__C                      
00007114  ti_sysbios_family_arm_m3_Hwi_LD_end__C                            
00007118  ti_sysbios_family_arm_m3_Hwi_LM_begin__C                          
0000711c  ti_sysbios_family_arm_m3_Hwi_Module__diagsEnabled__C              
00007120  ti_sysbios_family_arm_m3_Hwi_Module__diagsIncluded__C             
00007124  ti_sysbios_family_arm_m3_Hwi_Module__diagsMask__C                 
00007128  ti_sysbios_family_arm_m3_Hwi_Module__loggerFxn1__C                
0000712c  ti_sysbios_family_arm_m3_Hwi_Module__loggerFxn8__C                
00007130  ti_sysbios_family_arm_m3_Hwi_Module__loggerObj__C                 
00007134  ti_sysbios_family_arm_m3_Hwi_NUM_INTERRUPTS__C                    
00007138  ti_sysbios_family_arm_m3_Hwi_Object__count__C                     
0000713c  ti_sysbios_family_arm_m3_Hwi_ccr__C                               
00007140  ti_sysbios_family_arm_m3_Hwi_excHandlerFunc__C                    
00007144  ti_sysbios_family_arm_m3_Hwi_excHookFuncs__C                      
00007148  ti_sysbios_family_arm_m3_Hwi_nullIsrFunc__C                       
0000714c  ti_sysbios_family_arm_m3_Hwi_priGroup__C                          
00007150  ti_sysbios_gates_GateMutex_A_badContext__C                        
00007154  ti_sysbios_gates_GateMutex_Instance_State_sem__O                  
00007158  ti_sysbios_gates_GateMutex_Module__diagsEnabled__C                
0000715c  ti_sysbios_gates_GateMutex_Module__diagsIncluded__C               
00007160  ti_sysbios_gates_GateMutex_Module__diagsMask__C                   
00007164  ti_sysbios_hal_Hwi_E_stackOverflow__C                             
00007168  ti_sysbios_knl_Clock_LM_begin__C                                  
0000716c  ti_sysbios_knl_Clock_LM_tick__C                                   
00007170  ti_sysbios_knl_Clock_LW_delayed__C                                
00007174  ti_sysbios_knl_Clock_Module_State_clockQ__O                       
00007178  ti_sysbios_knl_Clock_Module__diagsEnabled__C                      
0000717c  ti_sysbios_knl_Clock_Module__diagsIncluded__C                     
00007180  ti_sysbios_knl_Clock_Module__diagsMask__C                         
00007184  ti_sysbios_knl_Clock_Module__loggerFxn1__C                        
00007188  ti_sysbios_knl_Clock_Module__loggerFxn2__C                        
0000718c  ti_sysbios_knl_Clock_Module__loggerObj__C                         
00007190  ti_sysbios_knl_Semaphore_A_badContext__C                          
00007194  ti_sysbios_knl_Semaphore_A_noEvents__C                            
00007198  ti_sysbios_knl_Semaphore_A_overflow__C                            
0000719c  ti_sysbios_knl_Semaphore_A_pendTaskDisabled__C                    
000071a0  ti_sysbios_knl_Semaphore_Instance_State_pendQ__O                  
000071a4  ti_sysbios_knl_Semaphore_LM_pend__C                               
000071a8  ti_sysbios_knl_Semaphore_LM_post__C                               
000071ac  ti_sysbios_knl_Semaphore_Module__diagsEnabled__C                  
000071b0  ti_sysbios_knl_Semaphore_Module__diagsIncluded__C                 
000071b4  ti_sysbios_knl_Semaphore_Module__diagsMask__C                     
000071b8  ti_sysbios_knl_Semaphore_Module__loggerFxn2__C                    
000071bc  ti_sysbios_knl_Semaphore_Module__loggerFxn4__C                    
000071c0  ti_sysbios_knl_Semaphore_Module__loggerObj__C                     
000071c4  ti_sysbios_knl_Swi_LD_end__C                                      
000071c8  ti_sysbios_knl_Swi_LM_begin__C                                    
000071cc  ti_sysbios_knl_Swi_LM_post__C                                     
000071d0  ti_sysbios_knl_Swi_Module__diagsEnabled__C                        
000071d4  ti_sysbios_knl_Swi_Module__diagsIncluded__C                       
000071d8  ti_sysbios_knl_Swi_Module__diagsMask__C                           
000071dc  ti_sysbios_knl_Swi_Module__loggerFxn1__C                          
000071e0  ti_sysbios_knl_Swi_Module__loggerFxn4__C                          
000071e4  ti_sysbios_knl_Swi_Module__loggerObj__C                           
000071e8  ti_sysbios_knl_Swi_Object__count__C                               
000071ec  ti_sysbios_knl_Task_E_spOutOfBounds__C                            
000071f0  ti_sysbios_knl_Task_E_stackOverflow__C                            
000071f4  ti_sysbios_knl_Task_LD_block__C                                   
000071f8  ti_sysbios_knl_Task_LD_exit__C                                    
000071fc  ti_sysbios_knl_Task_LD_ready__C                                   
00007200  ti_sysbios_knl_Task_LM_switch__C                                  
00007204  ti_sysbios_knl_Task_Module_State_inactiveQ__O                     
00007208  ti_sysbios_knl_Task_Module__diagsEnabled__C                       
0000720c  ti_sysbios_knl_Task_Module__diagsIncluded__C                      
00007210  ti_sysbios_knl_Task_Module__diagsMask__C                          
00007214  ti_sysbios_knl_Task_Module__loggerFxn2__C                         
00007218  ti_sysbios_knl_Task_Module__loggerFxn4__C                         
0000721c  ti_sysbios_knl_Task_Module__loggerObj__C                          
00007220  ti_sysbios_knl_Task_Object__count__C                              
00007224  ti_sysbios_knl_Task_allBlockedFunc__C                             
00007228  ti_sysbios_knl_Task_numConstructedTasks__C                        
0000722c  ti_sysbios_utils_Load_LS_cpuLoad__C                               
00007230  ti_sysbios_utils_Load_Module__diagsEnabled__C                     
00007234  ti_sysbios_utils_Load_Module__diagsIncluded__C                    
00007238  ti_sysbios_utils_Load_Module__diagsMask__C                        
0000723c  ti_sysbios_utils_Load_Module__loggerFxn1__C                       
00007240  ti_sysbios_utils_Load_Module__loggerObj__C                        
00007244  ti_sysbios_utils_Load_postUpdate__C                               
00007248  ti_sysbios_utils_Load_windowInMs__C                               
0000724c  xdc_runtime_Assert_E_assertFailed__C                              
00007250  xdc_runtime_Core_A_initializedParams__C                           
00007254  xdc_runtime_Core_Module__diagsEnabled__C                          
00007258  xdc_runtime_Core_Module__diagsIncluded__C                         
0000725c  xdc_runtime_Core_Module__diagsMask__C                             
00007260  xdc_runtime_Error_E_memory__C                                     
00007264  xdc_runtime_Error_Module__diagsEnabled__C                         
00007268  xdc_runtime_Error_Module__diagsIncluded__C                        
0000726c  xdc_runtime_Error_Module__diagsMask__C                            
00007270  xdc_runtime_Error_Module__loggerFxn8__C                           
00007274  xdc_runtime_Error_Module__loggerObj__C                            
00007278  xdc_runtime_Error_policyFxn__C                                    
0000727c  xdc_runtime_Error_raiseHook__C                                    
00007280  xdc_runtime_HeapStd_A_align__C                                    
00007284  xdc_runtime_HeapStd_A_invalidTotalFreeSize__C                     
00007288  xdc_runtime_HeapStd_A_zeroSize__C                                 
0000728c  xdc_runtime_HeapStd_E_noRTSMemory__C                              
00007290  xdc_runtime_HeapStd_Module__diagsEnabled__C                       
00007294  xdc_runtime_HeapStd_Module__diagsIncluded__C                      
00007298  xdc_runtime_HeapStd_Module__diagsMask__C                          
0000729c  xdc_runtime_IGateProvider_Interface__BASE__C                      
000072a0  xdc_runtime_IHeap_Interface__BASE__C                              
000072a4  xdc_runtime_ILogger_Interface__BASE__C                            
000072a8  xdc_runtime_IModule_Interface__BASE__C                            
000072ac  xdc_runtime_Log_L_error__C                                        
000072b0  xdc_runtime_Log_L_info__C                                         
000072b4  xdc_runtime_Main_Module__diagsEnabled__C                          
000072b8  xdc_runtime_Main_Module__diagsIncluded__C                         
000072bc  xdc_runtime_Main_Module__diagsMask__C                             
000072c0  xdc_runtime_Main_Module__loggerFxn4__C                            
000072c4  xdc_runtime_Main_Module__loggerObj__C                             
000072c8  xdc_runtime_Memory_defaultHeapInstance__C                         
000072cc  xdc_runtime_Startup_execImpl__C                                   
000072d0  xdc_runtime_Startup_lastFxns__A                                   
000072d4  xdc_runtime_Startup_maxPasses__C                                  
000072d8  xdc_runtime_Startup_sfxnRts__C                                    
000072dc  xdc_runtime_Startup_sfxnTab__C                                    
000072e0  xdc_runtime_SysMin_bufSize__C                                     
000072e4  xdc_runtime_SysMin_outputFunc__C                                  
000072e8  xdc_runtime_System_Module__gateObj__C                             
000072ec  xdc_runtime_System_abortFxn__C                                    
000072f0  xdc_runtime_System_exitFxn__C                                     
000072f4  xdc_runtime_System_extendFxn__C                                   
000072f8  xdc_runtime_System_maxAtexitHandlers__C                           
000072fc  xdc_runtime_Text_charTab__C                                       
00007300  xdc_runtime_Text_nameEmpty__C                                     
00007304  xdc_runtime_Text_nameStatic__C                                    
00007308  xdc_runtime_Text_nameUnknown__C                                   
0000730c  xdc_runtime_Text_nodeTab__C                                       
00007310  xdc_runtime_Text_visitRopeFxn__C                                  
00007314  ti_catalog_arm_cortexm4_tiva_ce_Boot_Module__id__C                
00007316  ti_sysbios_family_arm_lm4_TimestampProvider_useClockTimer__C      
00007318  ti_sysbios_family_arm_m3_Hwi_Module__id__C                        
0000731a  ti_sysbios_family_arm_m3_Hwi_Module__loggerDefined__C             
0000731c  ti_sysbios_gates_GateMutex_Module__id__C                          
0000731e  ti_sysbios_hal_Hwi_Module__id__C                                  
00007320  ti_sysbios_knl_Clock_Module__id__C                                
00007322  ti_sysbios_knl_Clock_Module__loggerDefined__C                     
00007324  ti_sysbios_knl_Semaphore_Module__id__C                            
00007326  ti_sysbios_knl_Semaphore_Module__loggerDefined__C                 
00007328  ti_sysbios_knl_Swi_Module__id__C                                  
0000732a  ti_sysbios_knl_Swi_Module__loggerDefined__C                       
0000732c  ti_sysbios_knl_Task_Module__id__C                                 
0000732e  ti_sysbios_knl_Task_Module__loggerDefined__C                      
00007330  ti_sysbios_utils_Load_Module__id__C                               
00007332  ti_sysbios_utils_Load_Module__loggerDefined__C                    
00007334  ti_sysbios_utils_Load_updateInIdle__C                             
00007336  xdc_runtime_Core_Module__id__C                                    
00007338  xdc_runtime_Error_Module__loggerDefined__C                        
0000733a  xdc_runtime_Error_maxDepth__C                                     
0000733c  xdc_runtime_HeapStd_Module__id__C                                 
0000733e  xdc_runtime_Main_Module__id__C                                    
00007340  xdc_runtime_Main_Module__loggerDefined__C                         
00007342  xdc_runtime_Memory_Module__id__C                                  
00007344  xdc_runtime_SysMin_flushAtExit__C                                 
00007346  xdc_runtime_Text_charCnt__C                                       
00007348  xdc_runtime_Text_isLoaded__C                                      
0000734a  xdc_runtime_Text_registryModsLastId__C                            
0000734c  xdc_runtime_Text_unnamedModsLastId__C                             
0000734e  xdc_runtime_Error_policy__C                                       
00007350  __TI_static_base__                                                
00007550  __TI_Handler_Table_Base                                           
0000755c  __TI_Handler_Table_Limit                                          
00007570  __TI_CINIT_Base                                                   
00007588  __TI_CINIT_Limit                                                  
20000000  ti_sysbios_family_arm_m3_Hwi_ramVectors                           
20000360  ti_sysbios_knl_Task_Instance_State_0_stack__A                     
20000b60  ti_sysbios_family_arm_m3_Hwi_dispatchTable                        
20000ec0  ti_uia_loggers_LoggerMin_Module_State_0_packetBuffer__A           
200010c0  __CIOBUF_                                                         
200011e0  xdc_runtime_SysMin_Module_State_0_outbuf__A                       
20001260  parmbuf                                                           
20001268  ti_sysbios_utils_Load_Module__state__V                            
20001300  ti_sysbios_family_arm_lm4_Timer_Object__table__V                  
20001380  ti_sysbios_knl_Swi_Module_State_0_readyQ__A                       
20001400  ti_sysbios_knl_Task_Module_State_0_readyQ__A                      
20001480  ti_sysbios_knl_Task_Object__table__V                              
200014cc  ti_sysbios_knl_Task_Module__state__V                              
20001510  ti_sysbios_family_arm_m3_Hwi_Module__state__V                     
20001544  ti_sysbios_family_arm_lm4_Timer_Module_State_0_device__A          
20001574  ti_sysbios_family_arm_m3_Hwi_Object__table__V                     
200015a4  ti_sysbios_knl_Swi_Object__table__V                               
200015d4  ti_sysbios_knl_Clock_Module__state__V                             
20001600  ti_sysbios_BIOS_Module__state__V                                  
20001624  ti_uia_loggers_LoggerMin_Module__state__V                         
20001644  ti_sysbios_gates_GateMutex_Object__table__V                       
20001660  ti_sysbios_knl_Swi_Module__state__V                               
2000167c  ti_sysbios_family_arm_lm4_Timer_Module_State_0_handles__A         
20001694  ti_sysbios_family_arm_lm4_Timer_Module__state__V                  
200016a0  ti_sysbios_knl_Task_Module__root__V                               
200016ac  xdc_runtime_HeapStd_Object__table__V                              
200016b8  xdc_runtime_SysMin_Module__state__V                               
200016c4  _lock                                                             
200016c8  _unlock                                                           
200016cc  ti_sysbios_family_arm_lm4_TimestampProvider_Module__state__V      
200016d4  ti_sysbios_gates_GateHwi_Module__root__V                          
200016dc  ti_sysbios_gates_GateMutex_Module__root__V                        
200016e4  ti_sysbios_knl_Queue_Module__root__V                              
200016ec  ti_sysbios_knl_Semaphore_Module__root__V                          
200016f4  ti_uia_loggers_LoggerMin_Module__root__V                          
200016fc  xdc_runtime_HeapStd_Module__root__V                               
20001704  xdc_runtime_Registry_Module__state__V                             
2000170c  xdc_runtime_Startup_Module__state__V                              
20001714  xdc_runtime_System_Module_State_0_atexitHandlers__A               
2000171c  xdc_runtime_System_Module__state__V                               
20001724  main_func_sp                                                      
20001728  ti_sysbios_family_arm_m3_Hwi_Module_State_0_excContext__A         
2000172c  ti_sysbios_family_arm_m3_Hwi_Module_State_0_excStack__A           
20001730  ti_sysbios_gates_GateHwi_Object__table__V                         
20001734  ti_sysbios_knl_Task_Module_State_0_idleTask__A                    
20001738  ti_sysbios_utils_Load_Module_State_0_runningTask__A               
2000173c  ti_sysbios_utils_Load_Module_State_0_taskStartTime__A             
20001740  ti_uia_loggers_LoggerMin_Object__table__V                         
20001744  xdc_runtime_HeapStd_Module__state__V                              
20001748  xdc_runtime_Memory_Module__state__V                               
2000174c  i16ToggleCount                                                    
2000174e  ti_sysbios_family_arm_m3_Hwi_Module_State_0_excActive__A          
20001750  xdc_runtime_Error_Module__state__V                                
20001752  xdc_runtime_Main_Module__root__V                                  
20001758  __stack                                                           
20001b58  __STACK_END                                                       
e000e000  ti_sysbios_family_arm_m3_Hwi_nvic                                 
ffffffff  __TI_pprof_out_hndl                                               
ffffffff  __TI_prof_data_size                                               
ffffffff  __TI_prof_data_start                                              
ffffffff  __binit__                                                         
ffffffff  __c_args__                                                        
ffffffff  binit                                                             
UNDEFED   SHT$$INIT_ARRAY$$Base                                             
UNDEFED   SHT$$INIT_ARRAY$$Limit                                            

[604 symbols]
