******************************************************************************
                  TI ARM Linker PC v18.12.3                    
******************************************************************************
>> Linked Sat Oct 19 15:26:40 2019

OUTPUT FILE NAME:   <lab8.out>
ENTRY POINT SYMBOL: "_c_int00_noargs"  address: 000010d5


MEMORY CONFIGURATION

         name            origin    length      used     unused   attr    fill
----------------------  --------  ---------  --------  --------  ----  --------
  FLASH                 00000000   00040000  000013ee  0003ec12  R  X
  SRAM                  20000000   00008000  00000205  00007dfb  RW X


SEGMENT ALLOCATION MAP

run origin  load origin   length   init length attrs members
----------  ----------- ---------- ----------- ----- -------
00000000    00000000    000013f0   000013f0    r-x
  00000000    00000000    0000026c   0000026c    r-- .intvecs
  0000026c    0000026c    0000103e   0000103e    r-x .text
  000012ac    000012ac    0000012c   0000012c    r-- .const
  000013d8    000013d8    00000018   00000018    r-- .cinit
20000000    20000000    00000205   00000000    rw-
  20000000    20000000    00000200   00000000    rw- .stack
  20000200    20000200    00000005   00000000    rw- .data


SECTION ALLOCATION MAP

 output                                  attributes/
section   page    origin      length       input sections
--------  ----  ----------  ----------   ----------------
.intvecs   0    00000000    0000026c     
                  00000000    0000026c     tm4c123gh6pm_startup_ccs.obj (.intvecs)

.text      0    0000026c    0000103e     
                  0000026c    00000750     main.obj (.text)
                  000009bc    00000132     driverlib.lib : gpio.obj (.text:GPIOPadConfigSet)
                  00000aee    00000002     rtsv7M4_T_le_v4SPD16_eabi.lib : div0.asm.obj (.text)
                  00000af0    00000110     driverlib.lib : sysctl.obj (.text:SysCtlClockGet)
                  00000c00    000000f4                   : sysctl.obj (.text:SysCtlClockSet)
                  00000cf4    0000009c     rtsv7M4_T_le_v4SPD16_eabi.lib : memcpy_t2.asm.obj (.text)
                  00000d90    0000007a     driverlib.lib : adc.obj (.text:ADCSequenceStepConfigure)
                  00000e0a    00000068     rtsv7M4_T_le_v4SPD16_eabi.lib : copy_decompress_lzss.c.obj (.text:decompress:lzss:__TI_decompress_lzss)
                  00000e72    00000054                                   : ltoa.c.obj (.text:ltoa)
                  00000ec6    00000050     driverlib.lib : adc.obj (.text:ADCSequenceConfigure)
                  00000f16    00000002     --HOLE-- [fill = 0]
                  00000f18    00000048                   : gpio.obj (.text:GPIOPinConfigure)
                  00000f60    00000046                   : uart.obj (.text:UARTConfigSetExpClk)
                  00000fa6    00000002     --HOLE-- [fill = 0]
                  00000fa8    00000044     rtsv7M4_T_le_v4SPD16_eabi.lib : autoinit.c.obj (.text:__TI_auto_init_nobinit_nopinit:__TI_auto_init_nobinit_nopinit)
                  00000fec    00000040                                   : u_divt2.asm.obj (.text)
                  0000102c    0000003c     driverlib.lib : ssi.obj (.text:SSIConfigSetExpClk)
                  00001068    00000038                   : sysctl.obj (.text:SysCtlPeripheralPresent)
                  000010a0    00000034                   : sysctl.obj (.text:SysCtlPeripheralEnable)
                  000010d4    00000034     rtsv7M4_T_le_v4SPD16_eabi.lib : boot_cortex_m.c.obj (.text:_c_int00_noargs:_c_int00_noargs)
                  00001108    0000002e     driverlib.lib : adc.obj (.text:ADCIntStatus)
                  00001136    0000002a                   : gpio.obj (.text:GPIODirModeSet)
                  00001160    00000020                   : uart.obj (.text:UARTDisable)
                  00001180    0000001e                   : adc.obj (.text:ADCSequenceDataGet)
                  0000119e    00000018                   : adc.obj (.text:ADCProcessorTrigger)
                  000011b6    00000014                   : uart.obj (.text:UARTEnable)
                  000011ca    00000012                   : gpio.obj (.text:GPIOPinTypeSSI)
                  000011dc    00000012                   : gpio.obj (.text:GPIOPinTypeUART)
                  000011ee    00000012                   : ssi.obj (.text:SSIDataGetNonBlocking)
                  00001200    0000000e                   : adc.obj (.text:ADCHardwareOversampleConfigure)
                  0000120e    0000000e                   : adc.obj (.text:ADCSequenceDisable)
                  0000121c    0000000e                   : adc.obj (.text:ADCSequenceEnable)
                  0000122a    0000000e     rtsv7M4_T_le_v4SPD16_eabi.lib : copy_decompress_none.c.obj (.text:decompress:none:__TI_decompress_none)
                  00001238    0000000c     driverlib.lib : ssi.obj (.text:SSIDataGet)
                  00001244    0000000c     tm4c123gh6pm_startup_ccs.obj (.text)
                  00001250    0000000a     driverlib.lib : adc.obj (.text:ADCIntClear)
                  0000125a    0000000a                   : ssi.obj (.text:SSIDataPut)
                  00001264    0000000a                   : ssi.obj (.text:SSIEnable)
                  0000126e    0000000a                   : uart.obj (.text:UARTCharGet)
                  00001278    0000000a                   : uart.obj (.text:UARTCharPut)
                  00001282    00000008                   : ssi.obj (.text:SSIBusy)
                  0000128a    00000006                   : gpio.obj (.text:GPIOPinWrite)
                  00001290    00000006                   : ssi.obj (.text:SSIClockSourceSet)
                  00001296    00000006                   : sysctl.obj (.text:SysCtlDelay)
                  0000129c    00000006                   : uart.obj (.text:UARTClockSourceSet)
                  000012a2    00000004     rtsv7M4_T_le_v4SPD16_eabi.lib : pre_init.c.obj (.text:_system_pre_init)
                  000012a6    00000004                                   : exit.c.obj (.text:abort:abort)

.const     0    000012ac    0000012c     
                  000012ac    00000090     driverlib.lib : gpio.obj (.const:g_pui32GPIOBaseAddrs)
                  0000133c    0000006c                   : sysctl.obj (.const:g_pui32Xtals)
                  000013a8    00000012     main.obj (.const:.string)
                  000013ba    00000002     --HOLE-- [fill = 0]
                  000013bc    0000000c     main.obj (.const:g_ui32UARTBase)
                  000013c8    0000000c     main.obj (.const:g_ui32UARTPeriph)
                  000013d4    00000004     main.obj (.const)

.cinit     0    000013d8    00000018     
                  000013d8    00000008     (__TI_handler_table)
                  000013e0    00000007     (.cinit..data.load) [load image, compression = lzss]
                  000013e7    00000001     --HOLE-- [fill = 0]
                  000013e8    00000008     (__TI_cinit_table)

.init_array 
*          0    00000000    00000000     UNINITIALIZED

.data      0    20000200    00000005     UNINITIALIZED
                  20000200    00000005     main.obj (.data)

.stack     0    20000000    00000200     UNINITIALIZED
                  20000000    00000004     rtsv7M4_T_le_v4SPD16_eabi.lib : boot_cortex_m.c.obj (.stack)
                  20000004    000001fc     --HOLE--

MODULE SUMMARY

       Module                         code   ro data   rw data
       ------                         ----   -------   -------
    .\
       main.obj                       1872   46        5      
       tm4c123gh6pm_startup_ccs.obj   12     620       0      
    +--+------------------------------+------+---------+---------+
       Total:                         1884   666       5      
                                                              
    C:/ti/tivaware_c_series_2_1_4_178/driverlib/ccs/Debug/driverlib.lib
       sysctl.obj                     630    108       0      
       gpio.obj                       462    144       0      
       adc.obj                        354    0         0      
       uart.obj                       148    0         0      
       ssi.obj                        124    0         0      
    +--+------------------------------+------+---------+---------+
       Total:                         1718   252       0      
                                                              
    C:\ti\ccs910\ccs\tools\compiler\ti-cgt-arm_18.12.3.LTS\lib\rtsv7M4_T_le_v4SPD16_eabi.lib
       memcpy_t2.asm.obj              156    0         0      
       copy_decompress_lzss.c.obj     104    0         0      
       ltoa.c.obj                     84     0         0      
       autoinit.c.obj                 68     0         0      
       u_divt2.asm.obj                64     0         0      
       boot_cortex_m.c.obj            52     0         0      
       copy_decompress_none.c.obj     14     0         0      
       exit.c.obj                     4      0         0      
       pre_init.c.obj                 4      0         0      
       div0.asm.obj                   2      0         0      
    +--+------------------------------+------+---------+---------+
       Total:                         552    0         0      
                                                              
       Stack:                         0      0         512    
       Linker Generated:              0      23        0      
    +--+------------------------------+------+---------+---------+
       Grand Total:                   4154   941       517    


LINKER GENERATED COPY TABLES

__TI_cinit_table @ 000013e8 records: 1, size/record: 8, table size: 8
	.data: load addr=000013e0, load size=00000007 bytes, run addr=20000200, run size=00000005 bytes, compression=lzss


LINKER GENERATED HANDLER TABLE

__TI_handler_table @ 000013d8 records: 2, size/record: 4, table size: 8
	index: 0, handler: __TI_decompress_lzss
	index: 1, handler: __TI_decompress_none


GLOBAL SYMBOLS: SORTED ALPHABETICALLY BY Name 

address   name                          
-------   ----                          
00001201  ADCHardwareOversampleConfigure
00001251  ADCIntClear                   
00001109  ADCIntStatus                  
0000119f  ADCProcessorTrigger           
00000ec7  ADCSequenceConfigure          
00001181  ADCSequenceDataGet            
0000120f  ADCSequenceDisable            
0000121d  ADCSequenceEnable             
00000d91  ADCSequenceStepConfigure      
000012a7  C$$EXIT                       
00001137  GPIODirModeSet                
000009bd  GPIOPadConfigSet              
00000f19  GPIOPinConfigure              
000011cb  GPIOPinTypeSSI                
000011dd  GPIOPinTypeUART               
0000128b  GPIOPinWrite                  
00001245  ResetISR                      
00001283  SSIBusy                       
00001291  SSIClockSourceSet             
0000102d  SSIConfigSetExpClk            
00001239  SSIDataGet                    
000011ef  SSIDataGetNonBlocking         
0000125b  SSIDataPut                    
00001265  SSIEnable                     
00000af1  SysCtlClockGet                
00000c01  SysCtlClockSet                
00001297  SysCtlDelay                   
000010a1  SysCtlPeripheralEnable        
00001069  SysCtlPeripheralPresent       
0000126f  UARTCharGet                   
00001279  UARTCharPut                   
0000129d  UARTClockSourceSet            
00000f61  UARTConfigSetExpClk           
00001161  UARTDisable                   
000011b7  UARTEnable                    
0000026d  UARTStdioConfig               
000003b3  UARTgetc                      
000002f9  UARTgets                      
000006d3  UARTprintf                    
000003d9  UARTvprintf                   
000002b3  UARTwrite                     
20000200  __STACK_END                   
00000200  __STACK_SIZE                  
20000200  __STACK_TOP                   
000013e8  __TI_CINIT_Base               
000013f0  __TI_CINIT_Limit              
000013d8  __TI_Handler_Table_Base       
000013e0  __TI_Handler_Table_Limit      
00000fa9  __TI_auto_init_nobinit_nopinit
00000e0b  __TI_decompress_lzss          
0000122b  __TI_decompress_none          
ffffffff  __TI_pprof_out_hndl           
ffffffff  __TI_prof_data_size           
ffffffff  __TI_prof_data_start          
00000000  __TI_static_base__            
00000aef  __aeabi_idiv0                 
00000aef  __aeabi_ldiv0                 
00000cf5  __aeabi_memcpy                
00000cf5  __aeabi_memcpy4               
00000cf5  __aeabi_memcpy8               
00000fed  __aeabi_uidiv                 
00000fed  __aeabi_uidivmod              
ffffffff  __binit__                     
ffffffff  __c_args__                    
UNDEFED   __mpu_init                    
20000000  __stack                       
000010d5  _c_int00_noargs               
UNDEFED   _system_post_cinit            
000012a3  _system_pre_init              
000012a7  abort                         
ffffffff  binit                         
00000000  g_pfnVectors                  
000006f7  initADC                       
00000e73  ltoa                          
0000074d  main                          
00000cf5  memcpy                        


GLOBAL SYMBOLS: SORTED BY Symbol Address 

address   name                          
-------   ----                          
00000000  __TI_static_base__            
00000000  g_pfnVectors                  
00000200  __STACK_SIZE                  
0000026d  UARTStdioConfig               
000002b3  UARTwrite                     
000002f9  UARTgets                      
000003b3  UARTgetc                      
000003d9  UARTvprintf                   
000006d3  UARTprintf                    
000006f7  initADC                       
0000074d  main                          
000009bd  GPIOPadConfigSet              
00000aef  __aeabi_idiv0                 
00000aef  __aeabi_ldiv0                 
00000af1  SysCtlClockGet                
00000c01  SysCtlClockSet                
00000cf5  __aeabi_memcpy                
00000cf5  __aeabi_memcpy4               
00000cf5  __aeabi_memcpy8               
00000cf5  memcpy                        
00000d91  ADCSequenceStepConfigure      
00000e0b  __TI_decompress_lzss          
00000e73  ltoa                          
00000ec7  ADCSequenceConfigure          
00000f19  GPIOPinConfigure              
00000f61  UARTConfigSetExpClk           
00000fa9  __TI_auto_init_nobinit_nopinit
00000fed  __aeabi_uidiv                 
00000fed  __aeabi_uidivmod              
0000102d  SSIConfigSetExpClk            
00001069  SysCtlPeripheralPresent       
000010a1  SysCtlPeripheralEnable        
000010d5  _c_int00_noargs               
00001109  ADCIntStatus                  
00001137  GPIODirModeSet                
00001161  UARTDisable                   
00001181  ADCSequenceDataGet            
0000119f  ADCProcessorTrigger           
000011b7  UARTEnable                    
000011cb  GPIOPinTypeSSI                
000011dd  GPIOPinTypeUART               
000011ef  SSIDataGetNonBlocking         
00001201  ADCHardwareOversampleConfigure
0000120f  ADCSequenceDisable            
0000121d  ADCSequenceEnable             
0000122b  __TI_decompress_none          
00001239  SSIDataGet                    
00001245  ResetISR                      
00001251  ADCIntClear                   
0000125b  SSIDataPut                    
00001265  SSIEnable                     
0000126f  UARTCharGet                   
00001279  UARTCharPut                   
00001283  SSIBusy                       
0000128b  GPIOPinWrite                  
00001291  SSIClockSourceSet             
00001297  SysCtlDelay                   
0000129d  UARTClockSourceSet            
000012a3  _system_pre_init              
000012a7  C$$EXIT                       
000012a7  abort                         
000013d8  __TI_Handler_Table_Base       
000013e0  __TI_Handler_Table_Limit      
000013e8  __TI_CINIT_Base               
000013f0  __TI_CINIT_Limit              
20000000  __stack                       
20000200  __STACK_END                   
20000200  __STACK_TOP                   
ffffffff  __TI_pprof_out_hndl           
ffffffff  __TI_prof_data_size           
ffffffff  __TI_prof_data_start          
ffffffff  __binit__                     
ffffffff  __c_args__                    
ffffffff  binit                         
UNDEFED   __mpu_init                    
UNDEFED   _system_post_cinit            

[76 symbols]
